Warning: Shuffle Join MERGEJOIN[87][tables = [$hdt$_0, $hdt$_1, $hdt$_2, $hdt$_3]] in Stage 'Reducer 4' is a cross product
PREHOOK: query: explain
select  ca_zip, ca_county, sum(ws_sales_price)
 from web_sales, customer, customer_address, date_dim, item
 where ws_bill_customer_sk = c_customer_sk
 	and c_current_addr_sk = ca_address_sk 
 	and ws_item_sk = i_item_sk 
 	and ( substr(ca_zip,1,5) in ('85669', '86197','88274','83405','86475', '85392', '85460', '80348', '81792')
 	      or 
 	      i_item_id in (select i_item_id
                             from item
                             where i_item_sk in (2, 3, 5, 7, 11, 13, 17, 19, 23, 29)
                             )
 	    )
 	and ws_sold_date_sk = d_date_sk
 	and d_qoy = 2 and d_year = 2000
 group by ca_zip, ca_county
 order by ca_zip, ca_county
 limit 100
PREHOOK: type: QUERY
PREHOOK: Input: default@customer
PREHOOK: Input: default@customer_address
PREHOOK: Input: default@date_dim
PREHOOK: Input: default@item
PREHOOK: Input: default@web_sales
PREHOOK: Output: hdfs://### HDFS PATH ###
POSTHOOK: query: explain
select  ca_zip, ca_county, sum(ws_sales_price)
 from web_sales, customer, customer_address, date_dim, item
 where ws_bill_customer_sk = c_customer_sk
 	and c_current_addr_sk = ca_address_sk 
 	and ws_item_sk = i_item_sk 
 	and ( substr(ca_zip,1,5) in ('85669', '86197','88274','83405','86475', '85392', '85460', '80348', '81792')
 	      or 
 	      i_item_id in (select i_item_id
                             from item
                             where i_item_sk in (2, 3, 5, 7, 11, 13, 17, 19, 23, 29)
                             )
 	    )
 	and ws_sold_date_sk = d_date_sk
 	and d_qoy = 2 and d_year = 2000
 group by ca_zip, ca_county
 order by ca_zip, ca_county
 limit 100
POSTHOOK: type: QUERY
POSTHOOK: Input: default@customer
POSTHOOK: Input: default@customer_address
POSTHOOK: Input: default@date_dim
POSTHOOK: Input: default@item
POSTHOOK: Input: default@web_sales
POSTHOOK: Output: hdfs://### HDFS PATH ###
Plan optimized by CBO.

Vertex dependency in root stage
Reducer 10 <- Reducer 14 (SIMPLE_EDGE), Reducer 9 (SIMPLE_EDGE)
Reducer 11 <- Map 8 (SIMPLE_EDGE)
Reducer 12 <- Map 8 (CUSTOM_SIMPLE_EDGE)
Reducer 14 <- Map 13 (SIMPLE_EDGE), Map 15 (SIMPLE_EDGE)
Reducer 2 <- Map 1 (SIMPLE_EDGE), Map 7 (SIMPLE_EDGE)
Reducer 3 <- Reducer 10 (SIMPLE_EDGE), Reducer 2 (SIMPLE_EDGE)
Reducer 4 <- Reducer 12 (CUSTOM_SIMPLE_EDGE), Reducer 3 (CUSTOM_SIMPLE_EDGE)
Reducer 5 <- Reducer 4 (SIMPLE_EDGE)
Reducer 6 <- Reducer 5 (SIMPLE_EDGE)
Reducer 9 <- Map 8 (SIMPLE_EDGE), Reducer 11 (SIMPLE_EDGE)

Stage-0
  Fetch Operator
    limit:100
    Stage-1
      Reducer 6 vectorized
      File Output Operator [FS_120]
        Limit [LIM_119] (rows=100 width=299)
          Number of rows:100
          Select Operator [SEL_118] (rows=285780 width=299)
            Output:["_col0","_col1","_col2"]
          <-Reducer 5 [SIMPLE_EDGE] vectorized
            SHUFFLE [RS_117]
              Group By Operator [GBY_116] (rows=285780 width=299)
                Output:["_col0","_col1","_col2"],aggregations:["sum(VALUE._col0)"],keys:KEY._col0, KEY._col1
              <-Reducer 4 [SIMPLE_EDGE]
                SHUFFLE [RS_53]
                  PartitionCols:_col0, _col1
                  Group By Operator [GBY_52] (rows=4858260 width=299)
                    Output:["_col0","_col1","_col2"],aggregations:["sum(_col3)"],keys:_col8, _col7
                    Select Operator [SEL_51] (rows=10246864 width=418)
                      Output:["_col3","_col7","_col8"]
                      Filter Operator [FIL_50] (rows=10246864 width=418)
                        predicate:(((_col13 is null or (_col15 < _col14)) and null and (_col14 <> 0L) and _col17 is null) or (_col17 is not null and (_col14 <> 0L)) or (substr(_col8, 1, 5)) IN ('85669', '86197', '88274', '83405', '86475', '85392', '85460', '80348', '81792'))
                        Select Operator [SEL_49] (rows=10246864 width=418)
                          Output:["_col3","_col7","_col8","_col13","_col14","_col15","_col17"]
                          Merge Join Operator [MERGEJOIN_87] (rows=10246864 width=418)
                            Conds:(Inner),Output:["_col3","_col4","_col6","_col8","_col12","_col16","_col17"]
                          <-Reducer 12 [CUSTOM_SIMPLE_EDGE] vectorized
                            PARTITION_ONLY_SHUFFLE [RS_115]
                              Group By Operator [GBY_114] (rows=1 width=16)
                                Output:["_col0","_col1"],aggregations:["count(VALUE._col0)","count(VALUE._col1)"]
                              <-Map 8 [CUSTOM_SIMPLE_EDGE] vectorized
                                SHUFFLE [RS_104]
                                  Group By Operator [GBY_102] (rows=1 width=16)
                                    Output:["_col0","_col1"],aggregations:["count()","count(i_item_id)"]
                                    Select Operator [SEL_99] (rows=11 width=104)
                                      Output:["i_item_id"]
                                      Filter Operator [FIL_96] (rows=11 width=104)
                                        predicate:(i_item_sk) IN (2, 3, 5, 7, 11, 13, 17, 19, 23, 29)
                                        TableScan [TS_6] (rows=462000 width=104)
                                          default@item,item,Tbl:COMPLETE,Col:COMPLETE,Output:["i_item_sk","i_item_id"]
                          <-Reducer 3 [CUSTOM_SIMPLE_EDGE]
                            PARTITION_ONLY_SHUFFLE [RS_46]
                              Merge Join Operator [MERGEJOIN_86] (rows=10246864 width=402)
                                Conds:RS_43._col0=RS_44._col6(Inner),Output:["_col3","_col4","_col6","_col8","_col12"]
                              <-Reducer 10 [SIMPLE_EDGE]
                                SHUFFLE [RS_44]
                                  PartitionCols:_col6
                                  Merge Join Operator [MERGEJOIN_85] (rows=10246864 width=219)
                                    Conds:RS_29._col0=RS_30._col1(Inner),Output:["_col1","_col3","_col6","_col7"]
                                  <-Reducer 14 [SIMPLE_EDGE]
                                    SHUFFLE [RS_30]
                                      PartitionCols:_col1
                                      Merge Join Operator [MERGEJOIN_84] (rows=10246864 width=119)
                                        Conds:RS_110._col0=RS_113._col0(Inner),Output:["_col1","_col2","_col3"]
                                      <-Map 13 [SIMPLE_EDGE] vectorized
                                        SHUFFLE [RS_110]
                                          PartitionCols:_col0
                                          Select Operator [SEL_109] (rows=143930993 width=123)
                                            Output:["_col0","_col1","_col2","_col3"]
                                            Filter Operator [FIL_108] (rows=143930993 width=123)
                                              predicate:(ws_bill_customer_sk is not null and ws_item_sk is not null and ws_sold_date_sk is not null)
                                              TableScan [TS_16] (rows=144002668 width=123)
                                                default@web_sales,web_sales,Tbl:COMPLETE,Col:COMPLETE,Output:["ws_sold_date_sk","ws_item_sk","ws_bill_customer_sk","ws_sales_price"]
                                      <-Map 15 [SIMPLE_EDGE] vectorized
                                        SHUFFLE [RS_113]
                                          PartitionCols:_col0
                                          Select Operator [SEL_112] (rows=130 width=12)
                                            Output:["_col0"]
                                            Filter Operator [FIL_111] (rows=130 width=12)
                                              predicate:((d_qoy = 2) and (d_year = 2000) and d_date_sk is not null)
                                              TableScan [TS_19] (rows=73049 width=12)
                                                default@date_dim,date_dim,Tbl:COMPLETE,Col:COMPLETE,Output:["d_date_sk","d_year","d_qoy"]
                                  <-Reducer 9 [SIMPLE_EDGE]
                                    SHUFFLE [RS_29]
                                      PartitionCols:_col0
                                      Merge Join Operator [MERGEJOIN_83] (rows=462007 width=104)
                                        Conds:RS_100._col1=RS_107._col0(Left Outer),Output:["_col0","_col1","_col3"]
                                      <-Map 8 [SIMPLE_EDGE] vectorized
                                        SHUFFLE [RS_100]
                                          PartitionCols:_col1
                                          Select Operator [SEL_97] (rows=462000 width=104)
                                            Output:["_col0","_col1"]
                                            Filter Operator [FIL_94] (rows=462000 width=104)
                                              predicate:i_item_sk is not null
                                               Please refer to the previous TableScan [TS_6]
                                      <-Reducer 11 [SIMPLE_EDGE] vectorized
                                        SHUFFLE [RS_107]
                                          PartitionCols:_col0
                                          Select Operator [SEL_106] (rows=5 width=104)
                                            Output:["_col0","_col1"]
                                            Group By Operator [GBY_105] (rows=5 width=100)
                                              Output:["_col0"],keys:KEY._col0
                                            <-Map 8 [SIMPLE_EDGE] vectorized
                                              SHUFFLE [RS_103]
                                                PartitionCols:_col0
                                                Group By Operator [GBY_101] (rows=5 width=100)
                                                  Output:["_col0"],keys:i_item_id
                                                  Select Operator [SEL_98] (rows=11 width=104)
                                                    Output:["i_item_id"]
                                                    Filter Operator [FIL_95] (rows=11 width=104)
                                                      predicate:(i_item_sk) IN (2, 3, 5, 7, 11, 13, 17, 19, 23, 29)
                                                       Please refer to the previous TableScan [TS_6]
                              <-Reducer 2 [SIMPLE_EDGE]
                                SHUFFLE [RS_43]
                                  PartitionCols:_col0
                                  Merge Join Operator [MERGEJOIN_82] (rows=80000000 width=191)
                                    Conds:RS_90._col1=RS_93._col0(Inner),Output:["_col0","_col3","_col4"]
                                  <-Map 1 [SIMPLE_EDGE] vectorized
                                    SHUFFLE [RS_90]
                                      PartitionCols:_col1
                                      Select Operator [SEL_89] (rows=80000000 width=8)
                                        Output:["_col0","_col1"]
                                        Filter Operator [FIL_88] (rows=80000000 width=8)
                                          predicate:(c_current_addr_sk is not null and c_customer_sk is not null)
                                          TableScan [TS_0] (rows=80000000 width=8)
                                            default@customer,customer,Tbl:COMPLETE,Col:COMPLETE,Output:["c_customer_sk","c_current_addr_sk"]
                                  <-Map 7 [SIMPLE_EDGE] vectorized
                                    SHUFFLE [RS_93]
                                      PartitionCols:_col0
                                      Select Operator [SEL_92] (rows=40000000 width=191)
                                        Output:["_col0","_col1","_col2"]
                                        Filter Operator [FIL_91] (rows=40000000 width=191)
                                          predicate:ca_address_sk is not null
                                          TableScan [TS_3] (rows=40000000 width=191)
                                            default@customer_address,customer_address,Tbl:COMPLETE,Col:COMPLETE,Output:["ca_address_sk","ca_county","ca_zip"]

