PREHOOK: query: explain
select c_last_name
       ,c_first_name
       ,c_salutation
       ,c_preferred_cust_flag
       ,ss_ticket_number
       ,cnt from
   (select ss_ticket_number
          ,ss_customer_sk
          ,count(*) cnt
    from store_sales,date_dim,store,household_demographics
    where store_sales.ss_sold_date_sk = date_dim.d_date_sk
    and store_sales.ss_store_sk = store.s_store_sk  
    and store_sales.ss_hdemo_sk = household_demographics.hd_demo_sk
    and (date_dim.d_dom between 1 and 3 or date_dim.d_dom between 25 and 28)
    and (household_demographics.hd_buy_potential = '>10000' or
         household_demographics.hd_buy_potential = 'unknown')
    and household_demographics.hd_vehicle_count > 0
    and (case when household_demographics.hd_vehicle_count > 0 
	then household_demographics.hd_dep_count/ household_demographics.hd_vehicle_count 
	else null 
	end)  > 1.2
    and date_dim.d_year in (2000,2000+1,2000+2)
    and store.s_county in ('Mobile County','Maverick County','Huron County','Kittitas County',
                           'Fairfield County','Jackson County','Barrow County','Pennington County')
    group by ss_ticket_number,ss_customer_sk) dn,customer
    where ss_customer_sk = c_customer_sk
      and cnt between 15 and 20
    order by c_last_name,c_first_name,c_salutation,c_preferred_cust_flag desc
PREHOOK: type: QUERY
PREHOOK: Input: default@customer
PREHOOK: Input: default@date_dim
PREHOOK: Input: default@household_demographics
PREHOOK: Input: default@store
PREHOOK: Input: default@store_sales
PREHOOK: Output: hdfs://### HDFS PATH ###
POSTHOOK: query: explain
select c_last_name
       ,c_first_name
       ,c_salutation
       ,c_preferred_cust_flag
       ,ss_ticket_number
       ,cnt from
   (select ss_ticket_number
          ,ss_customer_sk
          ,count(*) cnt
    from store_sales,date_dim,store,household_demographics
    where store_sales.ss_sold_date_sk = date_dim.d_date_sk
    and store_sales.ss_store_sk = store.s_store_sk  
    and store_sales.ss_hdemo_sk = household_demographics.hd_demo_sk
    and (date_dim.d_dom between 1 and 3 or date_dim.d_dom between 25 and 28)
    and (household_demographics.hd_buy_potential = '>10000' or
         household_demographics.hd_buy_potential = 'unknown')
    and household_demographics.hd_vehicle_count > 0
    and (case when household_demographics.hd_vehicle_count > 0 
	then household_demographics.hd_dep_count/ household_demographics.hd_vehicle_count 
	else null 
	end)  > 1.2
    and date_dim.d_year in (2000,2000+1,2000+2)
    and store.s_county in ('Mobile County','Maverick County','Huron County','Kittitas County',
                           'Fairfield County','Jackson County','Barrow County','Pennington County')
    group by ss_ticket_number,ss_customer_sk) dn,customer
    where ss_customer_sk = c_customer_sk
      and cnt between 15 and 20
    order by c_last_name,c_first_name,c_salutation,c_preferred_cust_flag desc
POSTHOOK: type: QUERY
POSTHOOK: Input: default@customer
POSTHOOK: Input: default@date_dim
POSTHOOK: Input: default@household_demographics
POSTHOOK: Input: default@store
POSTHOOK: Input: default@store_sales
POSTHOOK: Output: hdfs://### HDFS PATH ###
Plan optimized by CBO.

Vertex dependency in root stage
Reducer 2 <- Map 1 (SIMPLE_EDGE), Reducer 8 (SIMPLE_EDGE)
Reducer 3 <- Reducer 2 (SIMPLE_EDGE)
Reducer 5 <- Map 4 (SIMPLE_EDGE), Map 9 (SIMPLE_EDGE)
Reducer 6 <- Map 10 (SIMPLE_EDGE), Reducer 5 (SIMPLE_EDGE)
Reducer 7 <- Map 11 (SIMPLE_EDGE), Reducer 6 (SIMPLE_EDGE)
Reducer 8 <- Reducer 7 (SIMPLE_EDGE)

Stage-0
  Fetch Operator
    limit:-1
    Stage-1
      Reducer 3 vectorized
      File Output Operator [FS_81]
        Select Operator [SEL_80] (rows=6 width=364)
          Output:["_col0","_col1","_col2","_col3","_col4","_col5"]
        <-Reducer 2 [SIMPLE_EDGE]
          SHUFFLE [RS_35]
            Select Operator [SEL_34] (rows=6 width=364)
              Output:["_col0","_col1","_col2","_col3","_col4","_col5"]
              Merge Join Operator [MERGEJOIN_60] (rows=6 width=364)
                Conds:RS_63._col0=RS_79._col1(Inner),Output:["_col1","_col2","_col3","_col4","_col5","_col7"]
              <-Map 1 [SIMPLE_EDGE] vectorized
                SHUFFLE [RS_63]
                  PartitionCols:_col0
                  Select Operator [SEL_62] (rows=80000000 width=356)
                    Output:["_col0","_col1","_col2","_col3","_col4"]
                    Filter Operator [FIL_61] (rows=80000000 width=356)
                      predicate:c_customer_sk is not null
                      TableScan [TS_0] (rows=80000000 width=356)
                        default@customer,customer,Tbl:COMPLETE,Col:COMPLETE,Output:["c_customer_sk","c_salutation","c_first_name","c_last_name","c_preferred_cust_flag"]
              <-Reducer 8 [SIMPLE_EDGE] vectorized
                SHUFFLE [RS_79]
                  PartitionCols:_col1
                  Filter Operator [FIL_78] (rows=6 width=12)
                    predicate:_col2 BETWEEN 15 AND 20
                    Select Operator [SEL_77] (rows=3680904 width=12)
                      Output:["_col0","_col1","_col2"]
                      Group By Operator [GBY_76] (rows=3680904 width=12)
                        Output:["_col0","_col1","_col2"],aggregations:["count(VALUE._col0)"],keys:KEY._col0, KEY._col1
                      <-Reducer 7 [SIMPLE_EDGE]
                        SHUFFLE [RS_26]
                          PartitionCols:_col0, _col1
                          Group By Operator [GBY_25] (rows=3680904 width=12)
                            Output:["_col0","_col1","_col2"],aggregations:["count()"],keys:_col1, _col4
                            Merge Join Operator [MERGEJOIN_59] (rows=3680904 width=4)
                              Conds:RS_21._col3=RS_75._col0(Inner),Output:["_col1","_col4"]
                            <-Map 11 [SIMPLE_EDGE] vectorized
                              SHUFFLE [RS_75]
                                PartitionCols:_col0
                                Select Operator [SEL_74] (rows=112 width=102)
                                  Output:["_col0"]
                                  Filter Operator [FIL_73] (rows=112 width=102)
                                    predicate:((s_county) IN ('Mobile County', 'Maverick County', 'Huron County', 'Kittitas County', 'Fairfield County', 'Jackson County', 'Barrow County', 'Pennington County') and s_store_sk is not null)
                                    TableScan [TS_12] (rows=1704 width=102)
                                      default@store,store,Tbl:COMPLETE,Col:COMPLETE,Output:["s_store_sk","s_county"]
                            <-Reducer 6 [SIMPLE_EDGE]
                              SHUFFLE [RS_21]
                                PartitionCols:_col3
                                Merge Join Operator [MERGEJOIN_58] (rows=6938632 width=4)
                                  Conds:RS_18._col2=RS_72._col0(Inner),Output:["_col1","_col3","_col4"]
                                <-Map 10 [SIMPLE_EDGE] vectorized
                                  SHUFFLE [RS_72]
                                    PartitionCols:_col0
                                    Select Operator [SEL_71] (rows=320 width=104)
                                      Output:["_col0"]
                                      Filter Operator [FIL_70] (rows=320 width=104)
                                        predicate:(((UDFToDouble(hd_dep_count) / UDFToDouble(hd_vehicle_count)) > 1.2D) and (hd_buy_potential) IN ('>10000', 'unknown') and (hd_vehicle_count > 0) and hd_demo_sk is not null)
                                        TableScan [TS_9] (rows=7200 width=104)
                                          default@household_demographics,household_demographics,Tbl:COMPLETE,Col:COMPLETE,Output:["hd_demo_sk","hd_buy_potential","hd_dep_count","hd_vehicle_count"]
                                <-Reducer 5 [SIMPLE_EDGE]
                                  SHUFFLE [RS_18]
                                    PartitionCols:_col2
                                    Merge Join Operator [MERGEJOIN_57] (rows=156119211 width=14)
                                      Conds:RS_66._col0=RS_69._col0(Inner),Output:["_col1","_col2","_col3","_col4"]
                                    <-Map 4 [SIMPLE_EDGE] vectorized
                                      SHUFFLE [RS_66]
                                        PartitionCols:_col0
                                        Select Operator [SEL_65] (rows=479121995 width=19)
                                          Output:["_col0","_col1","_col2","_col3","_col4"]
                                          Filter Operator [FIL_64] (rows=479121995 width=19)
                                            predicate:(ss_customer_sk is not null and ss_hdemo_sk is not null and ss_sold_date_sk is not null and ss_store_sk is not null)
                                            TableScan [TS_3] (rows=575995635 width=19)
                                              default@store_sales,store_sales,Tbl:COMPLETE,Col:COMPLETE,Output:["ss_sold_date_sk","ss_customer_sk","ss_hdemo_sk","ss_store_sk","ss_ticket_number"]
                                    <-Map 9 [SIMPLE_EDGE] vectorized
                                      SHUFFLE [RS_69]
                                        PartitionCols:_col0
                                        Select Operator [SEL_68] (rows=595 width=12)
                                          Output:["_col0"]
                                          Filter Operator [FIL_67] (rows=595 width=12)
                                            predicate:((d_dom BETWEEN 1 AND 3 or d_dom BETWEEN 25 AND 28) and (d_year) IN (2000, 2001, 2002) and d_date_sk is not null)
                                            TableScan [TS_6] (rows=73049 width=12)
                                              default@date_dim,date_dim,Tbl:COMPLETE,Col:COMPLETE,Output:["d_date_sk","d_year","d_dom"]

