Warning: Shuffle Join MERGEJOIN[359][tables = [$hdt$_0, $hdt$_1]] in Stage 'Reducer 6' is a cross product
Warning: Shuffle Join MERGEJOIN[360][tables = [$hdt$_0, $hdt$_1, $hdt$_2]] in Stage 'Reducer 7' is a cross product
Warning: Shuffle Join MERGEJOIN[361][tables = [$hdt$_0, $hdt$_1, $hdt$_2, $hdt$_3]] in Stage 'Reducer 8' is a cross product
Warning: Shuffle Join MERGEJOIN[362][tables = [$hdt$_0, $hdt$_1, $hdt$_2, $hdt$_3, $hdt$_4]] in Stage 'Reducer 9' is a cross product
Warning: Shuffle Join MERGEJOIN[363][tables = [$hdt$_0, $hdt$_1, $hdt$_2, $hdt$_3, $hdt$_4, $hdt$_5]] in Stage 'Reducer 10' is a cross product
Warning: Shuffle Join MERGEJOIN[364][tables = [$hdt$_0, $hdt$_1, $hdt$_2, $hdt$_3, $hdt$_4, $hdt$_5, $hdt$_6]] in Stage 'Reducer 11' is a cross product
Warning: Shuffle Join MERGEJOIN[365][tables = [$hdt$_0, $hdt$_1, $hdt$_2, $hdt$_3, $hdt$_4, $hdt$_5, $hdt$_6, $hdt$_7]] in Stage 'Reducer 12' is a cross product
PREHOOK: query: explain
select  *
from
 (select count(*) h8_30_to_9
 from store_sales, household_demographics , time_dim, store
 where ss_sold_time_sk = time_dim.t_time_sk   
     and ss_hdemo_sk = household_demographics.hd_demo_sk 
     and ss_store_sk = s_store_sk
     and time_dim.t_hour = 8
     and time_dim.t_minute >= 30
     and ((household_demographics.hd_dep_count = 3 and household_demographics.hd_vehicle_count<=3+2) or
          (household_demographics.hd_dep_count = 0 and household_demographics.hd_vehicle_count<=0+2) or
          (household_demographics.hd_dep_count = 1 and household_demographics.hd_vehicle_count<=1+2)) 
     and store.s_store_name = 'ese') s1,
 (select count(*) h9_to_9_30 
 from store_sales, household_demographics , time_dim, store
 where ss_sold_time_sk = time_dim.t_time_sk
     and ss_hdemo_sk = household_demographics.hd_demo_sk
     and ss_store_sk = s_store_sk 
     and time_dim.t_hour = 9 
     and time_dim.t_minute < 30
     and ((household_demographics.hd_dep_count = 3 and household_demographics.hd_vehicle_count<=3+2) or
          (household_demographics.hd_dep_count = 0 and household_demographics.hd_vehicle_count<=0+2) or
          (household_demographics.hd_dep_count = 1 and household_demographics.hd_vehicle_count<=1+2))
     and store.s_store_name = 'ese') s2,
 (select count(*) h9_30_to_10 
 from store_sales, household_demographics , time_dim, store
 where ss_sold_time_sk = time_dim.t_time_sk
     and ss_hdemo_sk = household_demographics.hd_demo_sk
     and ss_store_sk = s_store_sk
     and time_dim.t_hour = 9
     and time_dim.t_minute >= 30
     and ((household_demographics.hd_dep_count = 3 and household_demographics.hd_vehicle_count<=3+2) or
          (household_demographics.hd_dep_count = 0 and household_demographics.hd_vehicle_count<=0+2) or
          (household_demographics.hd_dep_count = 1 and household_demographics.hd_vehicle_count<=1+2))
     and store.s_store_name = 'ese') s3,
 (select count(*) h10_to_10_30
 from store_sales, household_demographics , time_dim, store
 where ss_sold_time_sk = time_dim.t_time_sk
     and ss_hdemo_sk = household_demographics.hd_demo_sk
     and ss_store_sk = s_store_sk
     and time_dim.t_hour = 10 
     and time_dim.t_minute < 30
     and ((household_demographics.hd_dep_count = 3 and household_demographics.hd_vehicle_count<=3+2) or
          (household_demographics.hd_dep_count = 0 and household_demographics.hd_vehicle_count<=0+2) or
          (household_demographics.hd_dep_count = 1 and household_demographics.hd_vehicle_count<=1+2))
     and store.s_store_name = 'ese') s4,
 (select count(*) h10_30_to_11
 from store_sales, household_demographics , time_dim, store
 where ss_sold_time_sk = time_dim.t_time_sk
     and ss_hdemo_sk = household_demographics.hd_demo_sk
     and ss_store_sk = s_store_sk
     and time_dim.t_hour = 10 
     and time_dim.t_minute >= 30
     and ((household_demographics.hd_dep_count = 3 and household_demographics.hd_vehicle_count<=3+2) or
          (household_demographics.hd_dep_count = 0 and household_demographics.hd_vehicle_count<=0+2) or
          (household_demographics.hd_dep_count = 1 and household_demographics.hd_vehicle_count<=1+2))
     and store.s_store_name = 'ese') s5,
 (select count(*) h11_to_11_30
 from store_sales, household_demographics , time_dim, store
 where ss_sold_time_sk = time_dim.t_time_sk
     and ss_hdemo_sk = household_demographics.hd_demo_sk
     and ss_store_sk = s_store_sk 
     and time_dim.t_hour = 11
     and time_dim.t_minute < 30
     and ((household_demographics.hd_dep_count = 3 and household_demographics.hd_vehicle_count<=3+2) or
          (household_demographics.hd_dep_count = 0 and household_demographics.hd_vehicle_count<=0+2) or
          (household_demographics.hd_dep_count = 1 and household_demographics.hd_vehicle_count<=1+2))
     and store.s_store_name = 'ese') s6,
 (select count(*) h11_30_to_12
 from store_sales, household_demographics , time_dim, store
 where ss_sold_time_sk = time_dim.t_time_sk
     and ss_hdemo_sk = household_demographics.hd_demo_sk
     and ss_store_sk = s_store_sk
     and time_dim.t_hour = 11
     and time_dim.t_minute >= 30
     and ((household_demographics.hd_dep_count = 3 and household_demographics.hd_vehicle_count<=3+2) or
          (household_demographics.hd_dep_count = 0 and household_demographics.hd_vehicle_count<=0+2) or
          (household_demographics.hd_dep_count = 1 and household_demographics.hd_vehicle_count<=1+2))
     and store.s_store_name = 'ese') s7,
 (select count(*) h12_to_12_30
 from store_sales, household_demographics , time_dim, store
 where ss_sold_time_sk = time_dim.t_time_sk
     and ss_hdemo_sk = household_demographics.hd_demo_sk
     and ss_store_sk = s_store_sk
     and time_dim.t_hour = 12
     and time_dim.t_minute < 30
     and ((household_demographics.hd_dep_count = 3 and household_demographics.hd_vehicle_count<=3+2) or
          (household_demographics.hd_dep_count = 0 and household_demographics.hd_vehicle_count<=0+2) or
          (household_demographics.hd_dep_count = 1 and household_demographics.hd_vehicle_count<=1+2))
     and store.s_store_name = 'ese') s8
PREHOOK: type: QUERY
PREHOOK: Input: default@household_demographics
PREHOOK: Input: default@store
PREHOOK: Input: default@store_sales
PREHOOK: Input: default@time_dim
PREHOOK: Output: hdfs://### HDFS PATH ###
POSTHOOK: query: explain
select  *
from
 (select count(*) h8_30_to_9
 from store_sales, household_demographics , time_dim, store
 where ss_sold_time_sk = time_dim.t_time_sk   
     and ss_hdemo_sk = household_demographics.hd_demo_sk 
     and ss_store_sk = s_store_sk
     and time_dim.t_hour = 8
     and time_dim.t_minute >= 30
     and ((household_demographics.hd_dep_count = 3 and household_demographics.hd_vehicle_count<=3+2) or
          (household_demographics.hd_dep_count = 0 and household_demographics.hd_vehicle_count<=0+2) or
          (household_demographics.hd_dep_count = 1 and household_demographics.hd_vehicle_count<=1+2)) 
     and store.s_store_name = 'ese') s1,
 (select count(*) h9_to_9_30 
 from store_sales, household_demographics , time_dim, store
 where ss_sold_time_sk = time_dim.t_time_sk
     and ss_hdemo_sk = household_demographics.hd_demo_sk
     and ss_store_sk = s_store_sk 
     and time_dim.t_hour = 9 
     and time_dim.t_minute < 30
     and ((household_demographics.hd_dep_count = 3 and household_demographics.hd_vehicle_count<=3+2) or
          (household_demographics.hd_dep_count = 0 and household_demographics.hd_vehicle_count<=0+2) or
          (household_demographics.hd_dep_count = 1 and household_demographics.hd_vehicle_count<=1+2))
     and store.s_store_name = 'ese') s2,
 (select count(*) h9_30_to_10 
 from store_sales, household_demographics , time_dim, store
 where ss_sold_time_sk = time_dim.t_time_sk
     and ss_hdemo_sk = household_demographics.hd_demo_sk
     and ss_store_sk = s_store_sk
     and time_dim.t_hour = 9
     and time_dim.t_minute >= 30
     and ((household_demographics.hd_dep_count = 3 and household_demographics.hd_vehicle_count<=3+2) or
          (household_demographics.hd_dep_count = 0 and household_demographics.hd_vehicle_count<=0+2) or
          (household_demographics.hd_dep_count = 1 and household_demographics.hd_vehicle_count<=1+2))
     and store.s_store_name = 'ese') s3,
 (select count(*) h10_to_10_30
 from store_sales, household_demographics , time_dim, store
 where ss_sold_time_sk = time_dim.t_time_sk
     and ss_hdemo_sk = household_demographics.hd_demo_sk
     and ss_store_sk = s_store_sk
     and time_dim.t_hour = 10 
     and time_dim.t_minute < 30
     and ((household_demographics.hd_dep_count = 3 and household_demographics.hd_vehicle_count<=3+2) or
          (household_demographics.hd_dep_count = 0 and household_demographics.hd_vehicle_count<=0+2) or
          (household_demographics.hd_dep_count = 1 and household_demographics.hd_vehicle_count<=1+2))
     and store.s_store_name = 'ese') s4,
 (select count(*) h10_30_to_11
 from store_sales, household_demographics , time_dim, store
 where ss_sold_time_sk = time_dim.t_time_sk
     and ss_hdemo_sk = household_demographics.hd_demo_sk
     and ss_store_sk = s_store_sk
     and time_dim.t_hour = 10 
     and time_dim.t_minute >= 30
     and ((household_demographics.hd_dep_count = 3 and household_demographics.hd_vehicle_count<=3+2) or
          (household_demographics.hd_dep_count = 0 and household_demographics.hd_vehicle_count<=0+2) or
          (household_demographics.hd_dep_count = 1 and household_demographics.hd_vehicle_count<=1+2))
     and store.s_store_name = 'ese') s5,
 (select count(*) h11_to_11_30
 from store_sales, household_demographics , time_dim, store
 where ss_sold_time_sk = time_dim.t_time_sk
     and ss_hdemo_sk = household_demographics.hd_demo_sk
     and ss_store_sk = s_store_sk 
     and time_dim.t_hour = 11
     and time_dim.t_minute < 30
     and ((household_demographics.hd_dep_count = 3 and household_demographics.hd_vehicle_count<=3+2) or
          (household_demographics.hd_dep_count = 0 and household_demographics.hd_vehicle_count<=0+2) or
          (household_demographics.hd_dep_count = 1 and household_demographics.hd_vehicle_count<=1+2))
     and store.s_store_name = 'ese') s6,
 (select count(*) h11_30_to_12
 from store_sales, household_demographics , time_dim, store
 where ss_sold_time_sk = time_dim.t_time_sk
     and ss_hdemo_sk = household_demographics.hd_demo_sk
     and ss_store_sk = s_store_sk
     and time_dim.t_hour = 11
     and time_dim.t_minute >= 30
     and ((household_demographics.hd_dep_count = 3 and household_demographics.hd_vehicle_count<=3+2) or
          (household_demographics.hd_dep_count = 0 and household_demographics.hd_vehicle_count<=0+2) or
          (household_demographics.hd_dep_count = 1 and household_demographics.hd_vehicle_count<=1+2))
     and store.s_store_name = 'ese') s7,
 (select count(*) h12_to_12_30
 from store_sales, household_demographics , time_dim, store
 where ss_sold_time_sk = time_dim.t_time_sk
     and ss_hdemo_sk = household_demographics.hd_demo_sk
     and ss_store_sk = s_store_sk
     and time_dim.t_hour = 12
     and time_dim.t_minute < 30
     and ((household_demographics.hd_dep_count = 3 and household_demographics.hd_vehicle_count<=3+2) or
          (household_demographics.hd_dep_count = 0 and household_demographics.hd_vehicle_count<=0+2) or
          (household_demographics.hd_dep_count = 1 and household_demographics.hd_vehicle_count<=1+2))
     and store.s_store_name = 'ese') s8
POSTHOOK: type: QUERY
POSTHOOK: Input: default@household_demographics
POSTHOOK: Input: default@store
POSTHOOK: Input: default@store_sales
POSTHOOK: Input: default@time_dim
POSTHOOK: Output: hdfs://### HDFS PATH ###
Plan optimized by CBO.

Vertex dependency in root stage
Reducer 10 <- Reducer 27 (CUSTOM_SIMPLE_EDGE), Reducer 9 (CUSTOM_SIMPLE_EDGE)
Reducer 11 <- Reducer 10 (CUSTOM_SIMPLE_EDGE), Reducer 30 (CUSTOM_SIMPLE_EDGE)
Reducer 12 <- Reducer 11 (CUSTOM_SIMPLE_EDGE), Reducer 33 (CUSTOM_SIMPLE_EDGE)
Reducer 13 <- Map 35 (SIMPLE_EDGE), Reducer 2 (SIMPLE_EDGE)
Reducer 14 <- Map 36 (SIMPLE_EDGE), Reducer 13 (SIMPLE_EDGE)
Reducer 15 <- Reducer 14 (CUSTOM_SIMPLE_EDGE)
Reducer 16 <- Map 35 (SIMPLE_EDGE), Reducer 2 (SIMPLE_EDGE)
Reducer 17 <- Map 36 (SIMPLE_EDGE), Reducer 16 (SIMPLE_EDGE)
Reducer 18 <- Reducer 17 (CUSTOM_SIMPLE_EDGE)
Reducer 19 <- Map 35 (SIMPLE_EDGE), Reducer 2 (SIMPLE_EDGE)
Reducer 2 <- Map 1 (SIMPLE_EDGE), Map 34 (SIMPLE_EDGE)
Reducer 20 <- Map 36 (SIMPLE_EDGE), Reducer 19 (SIMPLE_EDGE)
Reducer 21 <- Reducer 20 (CUSTOM_SIMPLE_EDGE)
Reducer 22 <- Map 35 (SIMPLE_EDGE), Reducer 2 (SIMPLE_EDGE)
Reducer 23 <- Map 36 (SIMPLE_EDGE), Reducer 22 (SIMPLE_EDGE)
Reducer 24 <- Reducer 23 (CUSTOM_SIMPLE_EDGE)
Reducer 25 <- Map 35 (SIMPLE_EDGE), Reducer 2 (SIMPLE_EDGE)
Reducer 26 <- Map 36 (SIMPLE_EDGE), Reducer 25 (SIMPLE_EDGE)
Reducer 27 <- Reducer 26 (CUSTOM_SIMPLE_EDGE)
Reducer 28 <- Map 35 (SIMPLE_EDGE), Reducer 2 (SIMPLE_EDGE)
Reducer 29 <- Map 36 (SIMPLE_EDGE), Reducer 28 (SIMPLE_EDGE)
Reducer 3 <- Map 35 (SIMPLE_EDGE), Reducer 2 (SIMPLE_EDGE)
Reducer 30 <- Reducer 29 (CUSTOM_SIMPLE_EDGE)
Reducer 31 <- Map 35 (SIMPLE_EDGE), Reducer 2 (SIMPLE_EDGE)
Reducer 32 <- Map 36 (SIMPLE_EDGE), Reducer 31 (SIMPLE_EDGE)
Reducer 33 <- Reducer 32 (CUSTOM_SIMPLE_EDGE)
Reducer 4 <- Map 36 (SIMPLE_EDGE), Reducer 3 (SIMPLE_EDGE)
Reducer 5 <- Reducer 4 (CUSTOM_SIMPLE_EDGE)
Reducer 6 <- Reducer 15 (CUSTOM_SIMPLE_EDGE), Reducer 5 (CUSTOM_SIMPLE_EDGE)
Reducer 7 <- Reducer 18 (CUSTOM_SIMPLE_EDGE), Reducer 6 (CUSTOM_SIMPLE_EDGE)
Reducer 8 <- Reducer 21 (CUSTOM_SIMPLE_EDGE), Reducer 7 (CUSTOM_SIMPLE_EDGE)
Reducer 9 <- Reducer 24 (CUSTOM_SIMPLE_EDGE), Reducer 8 (CUSTOM_SIMPLE_EDGE)

Stage-0
  Fetch Operator
    limit:-1
    Stage-1
      Reducer 12
      File Output Operator [FS_230]
        Select Operator [SEL_229] (rows=1 width=64)
          Output:["_col0","_col1","_col2","_col3","_col4","_col5","_col6","_col7"]
          Merge Join Operator [MERGEJOIN_365] (rows=1 width=64)
            Conds:(Inner),Output:["_col0","_col1","_col2","_col3","_col4","_col5","_col6","_col7"]
          <-Reducer 11 [CUSTOM_SIMPLE_EDGE]
            PARTITION_ONLY_SHUFFLE [RS_226]
              Merge Join Operator [MERGEJOIN_364] (rows=1 width=56)
                Conds:(Inner),Output:["_col0","_col1","_col2","_col3","_col4","_col5","_col6"]
              <-Reducer 10 [CUSTOM_SIMPLE_EDGE]
                PARTITION_ONLY_SHUFFLE [RS_223]
                  Merge Join Operator [MERGEJOIN_363] (rows=1 width=48)
                    Conds:(Inner),Output:["_col0","_col1","_col2","_col3","_col4","_col5"]
                  <-Reducer 27 [CUSTOM_SIMPLE_EDGE] vectorized
                    PARTITION_ONLY_SHUFFLE [RS_417]
                      Group By Operator [GBY_416] (rows=1 width=8)
                        Output:["_col0"],aggregations:["count(VALUE._col0)"]
                      <-Reducer 26 [CUSTOM_SIMPLE_EDGE]
                        PARTITION_ONLY_SHUFFLE [RS_153]
                          Group By Operator [GBY_152] (rows=1 width=8)
                            Output:["_col0"],aggregations:["count()"]
                            Merge Join Operator [MERGEJOIN_352] (rows=1352994 width=8)
                              Conds:RS_148._col2=RS_403._col0(Inner)
                            <-Map 36 [SIMPLE_EDGE] vectorized
                              SHUFFLE [RS_403]
                                PartitionCols:_col0
                                Select Operator [SEL_397] (rows=155 width=91)
                                  Output:["_col0"]
                                  Filter Operator [FIL_396] (rows=155 width=92)
                                    predicate:((s_store_name = 'ese') and s_store_sk is not null)
                                    TableScan [TS_9] (rows=1704 width=92)
                                      default@store,store,Tbl:COMPLETE,Col:COMPLETE,Output:["s_store_sk","s_store_name"]
                            <-Reducer 25 [SIMPLE_EDGE]
                              SHUFFLE [RS_148]
                                PartitionCols:_col2
                                Merge Join Operator [MERGEJOIN_351] (rows=1842898 width=0)
                                  Conds:RS_145._col0=RS_393._col0(Inner),Output:["_col2"]
                                <-Map 35 [SIMPLE_EDGE] vectorized
                                  SHUFFLE [RS_393]
                                    PartitionCols:_col0
                                    Select Operator [SEL_385] (rows=1515 width=12)
                                      Output:["_col0"]
                                      Filter Operator [FIL_377] (rows=1515 width=12)
                                        predicate:((t_hour = 10) and (t_minute < 30) and t_time_sk is not null)
                                        TableScan [TS_6] (rows=86400 width=12)
                                          default@time_dim,time_dim,Tbl:COMPLETE,Col:COMPLETE,Output:["t_time_sk","t_hour","t_minute"]
                                <-Reducer 2 [SIMPLE_EDGE]
                                  SHUFFLE [RS_145]
                                    PartitionCols:_col0
                                    Merge Join Operator [MERGEJOIN_335] (rows=56928540 width=4)
                                      Conds:RS_368._col1=RS_371._col0(Inner),Output:["_col0","_col2"]
                                    <-Map 1 [SIMPLE_EDGE] vectorized
                                      SHUFFLE [RS_368]
                                        PartitionCols:_col1
                                        Select Operator [SEL_367] (rows=501695814 width=11)
                                          Output:["_col0","_col1","_col2"]
                                          Filter Operator [FIL_366] (rows=501695814 width=11)
                                            predicate:(ss_hdemo_sk is not null and ss_sold_time_sk is not null and ss_store_sk is not null)
                                            TableScan [TS_0] (rows=575995635 width=11)
                                              default@store_sales,store_sales,Tbl:COMPLETE,Col:COMPLETE,Output:["ss_sold_time_sk","ss_hdemo_sk","ss_store_sk"]
                                    <-Map 34 [SIMPLE_EDGE] vectorized
                                      SHUFFLE [RS_371]
                                        PartitionCols:_col0
                                        Select Operator [SEL_370] (rows=817 width=12)
                                          Output:["_col0"]
                                          Filter Operator [FIL_369] (rows=817 width=12)
                                            predicate:((((hd_dep_count = 3) and (hd_vehicle_count <= 5)) or ((hd_dep_count = 0) and (hd_vehicle_count <= 2)) or ((hd_dep_count = 1) and (hd_vehicle_count <= 3))) and ((hd_vehicle_count <= 5) or (hd_vehicle_count <= 2) or (hd_vehicle_count <= 3)) and (hd_dep_count) IN (3, 0, 1) and hd_demo_sk is not null)
                                            TableScan [TS_3] (rows=7200 width=12)
                                              default@household_demographics,household_demographics,Tbl:COMPLETE,Col:COMPLETE,Output:["hd_demo_sk","hd_dep_count","hd_vehicle_count"]
                  <-Reducer 9 [CUSTOM_SIMPLE_EDGE]
                    PARTITION_ONLY_SHUFFLE [RS_220]
                      Merge Join Operator [MERGEJOIN_362] (rows=1 width=40)
                        Conds:(Inner),Output:["_col0","_col1","_col2","_col3","_col4"]
                      <-Reducer 24 [CUSTOM_SIMPLE_EDGE] vectorized
                        PARTITION_ONLY_SHUFFLE [RS_415]
                          Group By Operator [GBY_414] (rows=1 width=8)
                            Output:["_col0"],aggregations:["count(VALUE._col0)"]
                          <-Reducer 23 [CUSTOM_SIMPLE_EDGE]
                            PARTITION_ONLY_SHUFFLE [RS_127]
                              Group By Operator [GBY_126] (rows=1 width=8)
                                Output:["_col0"],aggregations:["count()"]
                                Merge Join Operator [MERGEJOIN_349] (rows=1352994 width=8)
                                  Conds:RS_122._col2=RS_402._col0(Inner)
                                <-Map 36 [SIMPLE_EDGE] vectorized
                                  SHUFFLE [RS_402]
                                    PartitionCols:_col0
                                     Please refer to the previous Select Operator [SEL_397]
                                <-Reducer 22 [SIMPLE_EDGE]
                                  SHUFFLE [RS_122]
                                    PartitionCols:_col2
                                    Merge Join Operator [MERGEJOIN_348] (rows=1842898 width=0)
                                      Conds:RS_119._col0=RS_392._col0(Inner),Output:["_col2"]
                                    <-Map 35 [SIMPLE_EDGE] vectorized
                                      SHUFFLE [RS_392]
                                        PartitionCols:_col0
                                        Select Operator [SEL_384] (rows=1515 width=12)
                                          Output:["_col0"]
                                          Filter Operator [FIL_376] (rows=1515 width=12)
                                            predicate:((t_hour = 10) and (t_minute >= 30) and t_time_sk is not null)
                                             Please refer to the previous TableScan [TS_6]
                                    <-Reducer 2 [SIMPLE_EDGE]
                                      SHUFFLE [RS_119]
                                        PartitionCols:_col0
                                         Please refer to the previous Merge Join Operator [MERGEJOIN_335]
                      <-Reducer 8 [CUSTOM_SIMPLE_EDGE]
                        PARTITION_ONLY_SHUFFLE [RS_217]
                          Merge Join Operator [MERGEJOIN_361] (rows=1 width=32)
                            Conds:(Inner),Output:["_col0","_col1","_col2","_col3"]
                          <-Reducer 21 [CUSTOM_SIMPLE_EDGE] vectorized
                            PARTITION_ONLY_SHUFFLE [RS_413]
                              Group By Operator [GBY_412] (rows=1 width=8)
                                Output:["_col0"],aggregations:["count(VALUE._col0)"]
                              <-Reducer 20 [CUSTOM_SIMPLE_EDGE]
                                PARTITION_ONLY_SHUFFLE [RS_101]
                                  Group By Operator [GBY_100] (rows=1 width=8)
                                    Output:["_col0"],aggregations:["count()"]
                                    Merge Join Operator [MERGEJOIN_346] (rows=1352994 width=8)
                                      Conds:RS_96._col2=RS_401._col0(Inner)
                                    <-Map 36 [SIMPLE_EDGE] vectorized
                                      SHUFFLE [RS_401]
                                        PartitionCols:_col0
                                         Please refer to the previous Select Operator [SEL_397]
                                    <-Reducer 19 [SIMPLE_EDGE]
                                      SHUFFLE [RS_96]
                                        PartitionCols:_col2
                                        Merge Join Operator [MERGEJOIN_345] (rows=1842898 width=0)
                                          Conds:RS_93._col0=RS_391._col0(Inner),Output:["_col2"]
                                        <-Map 35 [SIMPLE_EDGE] vectorized
                                          SHUFFLE [RS_391]
                                            PartitionCols:_col0
                                            Select Operator [SEL_383] (rows=1515 width=12)
                                              Output:["_col0"]
                                              Filter Operator [FIL_375] (rows=1515 width=12)
                                                predicate:((t_hour = 11) and (t_minute < 30) and t_time_sk is not null)
                                                 Please refer to the previous TableScan [TS_6]
                                        <-Reducer 2 [SIMPLE_EDGE]
                                          SHUFFLE [RS_93]
                                            PartitionCols:_col0
                                             Please refer to the previous Merge Join Operator [MERGEJOIN_335]
                          <-Reducer 7 [CUSTOM_SIMPLE_EDGE]
                            PARTITION_ONLY_SHUFFLE [RS_214]
                              Merge Join Operator [MERGEJOIN_360] (rows=1 width=24)
                                Conds:(Inner),Output:["_col0","_col1","_col2"]
                              <-Reducer 18 [CUSTOM_SIMPLE_EDGE] vectorized
                                PARTITION_ONLY_SHUFFLE [RS_411]
                                  Group By Operator [GBY_410] (rows=1 width=8)
                                    Output:["_col0"],aggregations:["count(VALUE._col0)"]
                                  <-Reducer 17 [CUSTOM_SIMPLE_EDGE]
                                    PARTITION_ONLY_SHUFFLE [RS_75]
                                      Group By Operator [GBY_74] (rows=1 width=8)
                                        Output:["_col0"],aggregations:["count()"]
                                        Merge Join Operator [MERGEJOIN_343] (rows=1352994 width=8)
                                          Conds:RS_70._col2=RS_400._col0(Inner)
                                        <-Map 36 [SIMPLE_EDGE] vectorized
                                          SHUFFLE [RS_400]
                                            PartitionCols:_col0
                                             Please refer to the previous Select Operator [SEL_397]
                                        <-Reducer 16 [SIMPLE_EDGE]
                                          SHUFFLE [RS_70]
                                            PartitionCols:_col2
                                            Merge Join Operator [MERGEJOIN_342] (rows=1842898 width=0)
                                              Conds:RS_67._col0=RS_390._col0(Inner),Output:["_col2"]
                                            <-Map 35 [SIMPLE_EDGE] vectorized
                                              SHUFFLE [RS_390]
                                                PartitionCols:_col0
                                                Select Operator [SEL_382] (rows=1515 width=12)
                                                  Output:["_col0"]
                                                  Filter Operator [FIL_374] (rows=1515 width=12)
                                                    predicate:((t_hour = 11) and (t_minute >= 30) and t_time_sk is not null)
                                                     Please refer to the previous TableScan [TS_6]
                                            <-Reducer 2 [SIMPLE_EDGE]
                                              SHUFFLE [RS_67]
                                                PartitionCols:_col0
                                                 Please refer to the previous Merge Join Operator [MERGEJOIN_335]
                              <-Reducer 6 [CUSTOM_SIMPLE_EDGE]
                                PARTITION_ONLY_SHUFFLE [RS_211]
                                  Merge Join Operator [MERGEJOIN_359] (rows=1 width=16)
                                    Conds:(Inner),Output:["_col0","_col1"]
                                  <-Reducer 15 [CUSTOM_SIMPLE_EDGE] vectorized
                                    PARTITION_ONLY_SHUFFLE [RS_409]
                                      Group By Operator [GBY_408] (rows=1 width=8)
                                        Output:["_col0"],aggregations:["count(VALUE._col0)"]
                                      <-Reducer 14 [CUSTOM_SIMPLE_EDGE]
                                        PARTITION_ONLY_SHUFFLE [RS_49]
                                          Group By Operator [GBY_48] (rows=1 width=8)
                                            Output:["_col0"],aggregations:["count()"]
                                            Merge Join Operator [MERGEJOIN_340] (rows=1352994 width=8)
                                              Conds:RS_44._col2=RS_399._col0(Inner)
                                            <-Map 36 [SIMPLE_EDGE] vectorized
                                              SHUFFLE [RS_399]
                                                PartitionCols:_col0
                                                 Please refer to the previous Select Operator [SEL_397]
                                            <-Reducer 13 [SIMPLE_EDGE]
                                              SHUFFLE [RS_44]
                                                PartitionCols:_col2
                                                Merge Join Operator [MERGEJOIN_339] (rows=1842898 width=0)
                                                  Conds:RS_41._col0=RS_389._col0(Inner),Output:["_col2"]
                                                <-Map 35 [SIMPLE_EDGE] vectorized
                                                  SHUFFLE [RS_389]
                                                    PartitionCols:_col0
                                                    Select Operator [SEL_381] (rows=1515 width=12)
                                                      Output:["_col0"]
                                                      Filter Operator [FIL_373] (rows=1515 width=12)
                                                        predicate:((t_hour = 12) and (t_minute < 30) and t_time_sk is not null)
                                                         Please refer to the previous TableScan [TS_6]
                                                <-Reducer 2 [SIMPLE_EDGE]
                                                  SHUFFLE [RS_41]
                                                    PartitionCols:_col0
                                                     Please refer to the previous Merge Join Operator [MERGEJOIN_335]
                                  <-Reducer 5 [CUSTOM_SIMPLE_EDGE] vectorized
                                    PARTITION_ONLY_SHUFFLE [RS_407]
                                      Group By Operator [GBY_406] (rows=1 width=8)
                                        Output:["_col0"],aggregations:["count(VALUE._col0)"]
                                      <-Reducer 4 [CUSTOM_SIMPLE_EDGE]
                                        PARTITION_ONLY_SHUFFLE [RS_23]
                                          Group By Operator [GBY_22] (rows=1 width=8)
                                            Output:["_col0"],aggregations:["count()"]
                                            Merge Join Operator [MERGEJOIN_337] (rows=1352994 width=8)
                                              Conds:RS_18._col2=RS_398._col0(Inner)
                                            <-Map 36 [SIMPLE_EDGE] vectorized
                                              SHUFFLE [RS_398]
                                                PartitionCols:_col0
                                                 Please refer to the previous Select Operator [SEL_397]
                                            <-Reducer 3 [SIMPLE_EDGE]
                                              SHUFFLE [RS_18]
                                                PartitionCols:_col2
                                                Merge Join Operator [MERGEJOIN_336] (rows=1842898 width=0)
                                                  Conds:RS_15._col0=RS_388._col0(Inner),Output:["_col2"]
                                                <-Map 35 [SIMPLE_EDGE] vectorized
                                                  SHUFFLE [RS_388]
                                                    PartitionCols:_col0
                                                    Select Operator [SEL_380] (rows=1515 width=12)
                                                      Output:["_col0"]
                                                      Filter Operator [FIL_372] (rows=1515 width=12)
                                                        predicate:((t_hour = 8) and (t_minute >= 30) and t_time_sk is not null)
                                                         Please refer to the previous TableScan [TS_6]
                                                <-Reducer 2 [SIMPLE_EDGE]
                                                  SHUFFLE [RS_15]
                                                    PartitionCols:_col0
                                                     Please refer to the previous Merge Join Operator [MERGEJOIN_335]
              <-Reducer 30 [CUSTOM_SIMPLE_EDGE] vectorized
                PARTITION_ONLY_SHUFFLE [RS_419]
                  Group By Operator [GBY_418] (rows=1 width=8)
                    Output:["_col0"],aggregations:["count(VALUE._col0)"]
                  <-Reducer 29 [CUSTOM_SIMPLE_EDGE]
                    PARTITION_ONLY_SHUFFLE [RS_179]
                      Group By Operator [GBY_178] (rows=1 width=8)
                        Output:["_col0"],aggregations:["count()"]
                        Merge Join Operator [MERGEJOIN_355] (rows=1352994 width=8)
                          Conds:RS_174._col2=RS_404._col0(Inner)
                        <-Map 36 [SIMPLE_EDGE] vectorized
                          SHUFFLE [RS_404]
                            PartitionCols:_col0
                             Please refer to the previous Select Operator [SEL_397]
                        <-Reducer 28 [SIMPLE_EDGE]
                          SHUFFLE [RS_174]
                            PartitionCols:_col2
                            Merge Join Operator [MERGEJOIN_354] (rows=1842898 width=0)
                              Conds:RS_171._col0=RS_394._col0(Inner),Output:["_col2"]
                            <-Map 35 [SIMPLE_EDGE] vectorized
                              SHUFFLE [RS_394]
                                PartitionCols:_col0
                                Select Operator [SEL_386] (rows=1515 width=12)
                                  Output:["_col0"]
                                  Filter Operator [FIL_378] (rows=1515 width=12)
                                    predicate:((t_hour = 9) and (t_minute >= 30) and t_time_sk is not null)
                                     Please refer to the previous TableScan [TS_6]
                            <-Reducer 2 [SIMPLE_EDGE]
                              SHUFFLE [RS_171]
                                PartitionCols:_col0
                                 Please refer to the previous Merge Join Operator [MERGEJOIN_335]
          <-Reducer 33 [CUSTOM_SIMPLE_EDGE] vectorized
            PARTITION_ONLY_SHUFFLE [RS_421]
              Group By Operator [GBY_420] (rows=1 width=8)
                Output:["_col0"],aggregations:["count(VALUE._col0)"]
              <-Reducer 32 [CUSTOM_SIMPLE_EDGE]
                PARTITION_ONLY_SHUFFLE [RS_205]
                  Group By Operator [GBY_204] (rows=1 width=8)
                    Output:["_col0"],aggregations:["count()"]
                    Merge Join Operator [MERGEJOIN_358] (rows=1352994 width=8)
                      Conds:RS_200._col2=RS_405._col0(Inner)
                    <-Map 36 [SIMPLE_EDGE] vectorized
                      SHUFFLE [RS_405]
                        PartitionCols:_col0
                         Please refer to the previous Select Operator [SEL_397]
                    <-Reducer 31 [SIMPLE_EDGE]
                      SHUFFLE [RS_200]
                        PartitionCols:_col2
                        Merge Join Operator [MERGEJOIN_357] (rows=1842898 width=0)
                          Conds:RS_197._col0=RS_395._col0(Inner),Output:["_col2"]
                        <-Map 35 [SIMPLE_EDGE] vectorized
                          SHUFFLE [RS_395]
                            PartitionCols:_col0
                            Select Operator [SEL_387] (rows=1515 width=12)
                              Output:["_col0"]
                              Filter Operator [FIL_379] (rows=1515 width=12)
                                predicate:((t_hour = 9) and (t_minute < 30) and t_time_sk is not null)
                                 Please refer to the previous TableScan [TS_6]
                        <-Reducer 2 [SIMPLE_EDGE]
                          SHUFFLE [RS_197]
                            PartitionCols:_col0
                             Please refer to the previous Merge Join Operator [MERGEJOIN_335]

