Warning: Shuffle Join MERGEJOIN[261][tables = [$hdt$_4, $hdt$_5]] in Stage 'Reducer 19' is a cross product
PREHOOK: query: explain
with ss_items as
 (select i_item_id item_id
        ,sum(ss_ext_sales_price) ss_item_rev 
 from store_sales
     ,item
     ,date_dim
 where ss_item_sk = i_item_sk
   and d_date in (select d_date
                  from date_dim
                  where d_week_seq = (select d_week_seq 
                                      from date_dim
                                      where d_date = '1998-02-19'))
   and ss_sold_date_sk   = d_date_sk
 group by i_item_id),
 cs_items as
 (select i_item_id item_id
        ,sum(cs_ext_sales_price) cs_item_rev
  from catalog_sales
      ,item
      ,date_dim
 where cs_item_sk = i_item_sk
  and  d_date in (select d_date
                  from date_dim
                  where d_week_seq = (select d_week_seq 
                                      from date_dim
                                      where d_date = '1998-02-19'))
  and  cs_sold_date_sk = d_date_sk
 group by i_item_id),
 ws_items as
 (select i_item_id item_id
        ,sum(ws_ext_sales_price) ws_item_rev
  from web_sales
      ,item
      ,date_dim
 where ws_item_sk = i_item_sk
  and  d_date in (select d_date
                  from date_dim
                  where d_week_seq =(select d_week_seq 
                                     from date_dim
                                     where d_date = '1998-02-19'))
  and ws_sold_date_sk   = d_date_sk
 group by i_item_id)
  select  ss_items.item_id
       ,ss_item_rev
       ,ss_item_rev/(ss_item_rev+cs_item_rev+ws_item_rev)/3 * 100 ss_dev
       ,cs_item_rev
       ,cs_item_rev/(ss_item_rev+cs_item_rev+ws_item_rev)/3 * 100 cs_dev
       ,ws_item_rev
       ,ws_item_rev/(ss_item_rev+cs_item_rev+ws_item_rev)/3 * 100 ws_dev
       ,(ss_item_rev+cs_item_rev+ws_item_rev)/3 average
 from ss_items,cs_items,ws_items
 where ss_items.item_id=cs_items.item_id
   and ss_items.item_id=ws_items.item_id 
   and ss_item_rev between 0.9 * cs_item_rev and 1.1 * cs_item_rev
   and ss_item_rev between 0.9 * ws_item_rev and 1.1 * ws_item_rev
   and cs_item_rev between 0.9 * ss_item_rev and 1.1 * ss_item_rev
   and cs_item_rev between 0.9 * ws_item_rev and 1.1 * ws_item_rev
   and ws_item_rev between 0.9 * ss_item_rev and 1.1 * ss_item_rev
   and ws_item_rev between 0.9 * cs_item_rev and 1.1 * cs_item_rev
 order by item_id
         ,ss_item_rev
 limit 100
PREHOOK: type: QUERY
PREHOOK: Input: default@catalog_sales
PREHOOK: Input: default@date_dim
PREHOOK: Input: default@item
PREHOOK: Input: default@store_sales
PREHOOK: Input: default@web_sales
PREHOOK: Output: hdfs://### HDFS PATH ###
POSTHOOK: query: explain
with ss_items as
 (select i_item_id item_id
        ,sum(ss_ext_sales_price) ss_item_rev 
 from store_sales
     ,item
     ,date_dim
 where ss_item_sk = i_item_sk
   and d_date in (select d_date
                  from date_dim
                  where d_week_seq = (select d_week_seq 
                                      from date_dim
                                      where d_date = '1998-02-19'))
   and ss_sold_date_sk   = d_date_sk
 group by i_item_id),
 cs_items as
 (select i_item_id item_id
        ,sum(cs_ext_sales_price) cs_item_rev
  from catalog_sales
      ,item
      ,date_dim
 where cs_item_sk = i_item_sk
  and  d_date in (select d_date
                  from date_dim
                  where d_week_seq = (select d_week_seq 
                                      from date_dim
                                      where d_date = '1998-02-19'))
  and  cs_sold_date_sk = d_date_sk
 group by i_item_id),
 ws_items as
 (select i_item_id item_id
        ,sum(ws_ext_sales_price) ws_item_rev
  from web_sales
      ,item
      ,date_dim
 where ws_item_sk = i_item_sk
  and  d_date in (select d_date
                  from date_dim
                  where d_week_seq =(select d_week_seq 
                                     from date_dim
                                     where d_date = '1998-02-19'))
  and ws_sold_date_sk   = d_date_sk
 group by i_item_id)
  select  ss_items.item_id
       ,ss_item_rev
       ,ss_item_rev/(ss_item_rev+cs_item_rev+ws_item_rev)/3 * 100 ss_dev
       ,cs_item_rev
       ,cs_item_rev/(ss_item_rev+cs_item_rev+ws_item_rev)/3 * 100 cs_dev
       ,ws_item_rev
       ,ws_item_rev/(ss_item_rev+cs_item_rev+ws_item_rev)/3 * 100 ws_dev
       ,(ss_item_rev+cs_item_rev+ws_item_rev)/3 average
 from ss_items,cs_items,ws_items
 where ss_items.item_id=cs_items.item_id
   and ss_items.item_id=ws_items.item_id 
   and ss_item_rev between 0.9 * cs_item_rev and 1.1 * cs_item_rev
   and ss_item_rev between 0.9 * ws_item_rev and 1.1 * ws_item_rev
   and cs_item_rev between 0.9 * ss_item_rev and 1.1 * ss_item_rev
   and cs_item_rev between 0.9 * ws_item_rev and 1.1 * ws_item_rev
   and ws_item_rev between 0.9 * ss_item_rev and 1.1 * ss_item_rev
   and ws_item_rev between 0.9 * cs_item_rev and 1.1 * cs_item_rev
 order by item_id
         ,ss_item_rev
 limit 100
POSTHOOK: type: QUERY
POSTHOOK: Input: default@catalog_sales
POSTHOOK: Input: default@date_dim
POSTHOOK: Input: default@item
POSTHOOK: Input: default@store_sales
POSTHOOK: Input: default@web_sales
POSTHOOK: Output: hdfs://### HDFS PATH ###
Plan optimized by CBO.

Vertex dependency in root stage
Reducer 10 <- Reducer 16 (SIMPLE_EDGE), Reducer 9 (SIMPLE_EDGE)
Reducer 11 <- Reducer 10 (SIMPLE_EDGE)
Reducer 12 <- Map 24 (SIMPLE_EDGE), Map 8 (SIMPLE_EDGE)
Reducer 13 <- Reducer 12 (SIMPLE_EDGE), Reducer 16 (SIMPLE_EDGE)
Reducer 14 <- Reducer 13 (SIMPLE_EDGE)
Reducer 16 <- Map 15 (SIMPLE_EDGE), Reducer 21 (SIMPLE_EDGE)
Reducer 18 <- Map 17 (CUSTOM_SIMPLE_EDGE)
Reducer 19 <- Map 22 (CUSTOM_SIMPLE_EDGE), Reducer 18 (CUSTOM_SIMPLE_EDGE)
Reducer 2 <- Map 1 (SIMPLE_EDGE), Map 8 (SIMPLE_EDGE)
Reducer 20 <- Map 22 (SIMPLE_EDGE), Reducer 19 (SIMPLE_EDGE)
Reducer 21 <- Reducer 20 (SIMPLE_EDGE)
Reducer 3 <- Reducer 16 (SIMPLE_EDGE), Reducer 2 (SIMPLE_EDGE)
Reducer 4 <- Reducer 3 (SIMPLE_EDGE)
Reducer 5 <- Reducer 11 (SIMPLE_EDGE), Reducer 4 (SIMPLE_EDGE)
Reducer 6 <- Reducer 14 (SIMPLE_EDGE), Reducer 5 (SIMPLE_EDGE)
Reducer 7 <- Reducer 6 (SIMPLE_EDGE)
Reducer 9 <- Map 23 (SIMPLE_EDGE), Map 8 (SIMPLE_EDGE)

Stage-0
  Fetch Operator
    limit:100
    Stage-1
      Reducer 7 vectorized
      File Output Operator [FS_318]
        Limit [LIM_317] (rows=1 width=884)
          Number of rows:100
          Select Operator [SEL_316] (rows=1 width=884)
            Output:["_col0","_col1","_col2","_col3","_col4","_col5","_col6","_col7"]
          <-Reducer 6 [SIMPLE_EDGE]
            SHUFFLE [RS_163]
              Select Operator [SEL_162] (rows=1 width=884)
                Output:["_col0","_col1","_col2","_col3","_col4","_col5","_col6","_col7"]
                Filter Operator [FIL_158] (rows=1 width=436)
                  predicate:(_col1 BETWEEN (0.9 * _col5) AND (1.1 * _col5) and _col3 BETWEEN (0.9 * _col5) AND (1.1 * _col5) and _col5 BETWEEN (0.9 * _col1) AND (1.1 * _col1) and _col5 BETWEEN (0.9 * _col3) AND (1.1 * _col3))
                  Merge Join Operator [MERGEJOIN_276] (rows=1 width=436)
                    Conds:RS_155._col0=RS_315._col0(Inner),Output:["_col0","_col1","_col3","_col5"]
                  <-Reducer 14 [SIMPLE_EDGE] vectorized
                    SHUFFLE [RS_315]
                      PartitionCols:_col0
                      Group By Operator [GBY_314] (rows=69 width=212)
                        Output:["_col0","_col1"],aggregations:["sum(VALUE._col0)"],keys:KEY._col0
                      <-Reducer 13 [SIMPLE_EDGE]
                        SHUFFLE [RS_147]
                          PartitionCols:_col0
                          Group By Operator [GBY_146] (rows=69 width=212)
                            Output:["_col0","_col1"],aggregations:["sum(_col2)"],keys:_col4
                            Merge Join Operator [MERGEJOIN_274] (rows=31537 width=100)
                              Conds:RS_142._col0=RS_143._col0(Inner),Output:["_col2","_col4"]
                            <-Reducer 16 [SIMPLE_EDGE]
                              SHUFFLE [RS_143]
                                PartitionCols:_col0
                                Merge Join Operator [MERGEJOIN_263] (rows=2 width=4)
                                  Conds:RS_287._col1=RS_303._col0(Inner),Output:["_col0"]
                                <-Map 15 [SIMPLE_EDGE] vectorized
                                  SHUFFLE [RS_287]
                                    PartitionCols:_col1
                                    Select Operator [SEL_286] (rows=73049 width=98)
                                      Output:["_col0","_col1"]
                                      Filter Operator [FIL_285] (rows=73049 width=98)
                                        predicate:(d_date is not null and d_date_sk is not null)
                                        TableScan [TS_6] (rows=73049 width=98)
                                          default@date_dim,date_dim,Tbl:COMPLETE,Col:COMPLETE,Output:["d_date_sk","d_date"]
                                <-Reducer 21 [SIMPLE_EDGE] vectorized
                                  SHUFFLE [RS_303]
                                    PartitionCols:_col0
                                    Group By Operator [GBY_302] (rows=2 width=94)
                                      Output:["_col0"],keys:KEY._col0
                                    <-Reducer 20 [SIMPLE_EDGE]
                                      SHUFFLE [RS_32]
                                        PartitionCols:_col0
                                        Group By Operator [GBY_31] (rows=2 width=94)
                                          Output:["_col0"],keys:_col2
                                          Merge Join Operator [MERGEJOIN_262] (rows=5 width=94)
                                            Conds:RS_27._col1=RS_300._col1(Inner),Output:["_col2"]
                                          <-Map 22 [SIMPLE_EDGE] vectorized
                                            SHUFFLE [RS_300]
                                              PartitionCols:_col1
                                              Select Operator [SEL_298] (rows=73049 width=98)
                                                Output:["_col0","_col1"]
                                                Filter Operator [FIL_296] (rows=73049 width=98)
                                                  predicate:(d_date is not null and d_week_seq is not null)
                                                  TableScan [TS_21] (rows=73049 width=98)
                                                    default@date_dim,date_dim,Tbl:COMPLETE,Col:COMPLETE,Output:["d_date","d_week_seq"]
                                          <-Reducer 19 [SIMPLE_EDGE]
                                            SHUFFLE [RS_27]
                                              PartitionCols:_col1
                                              Merge Join Operator [MERGEJOIN_261] (rows=1 width=4)
                                                Conds:(Inner),Output:["_col1"]
                                              <-Map 22 [CUSTOM_SIMPLE_EDGE] vectorized
                                                SHUFFLE [RS_301]
                                                  Select Operator [SEL_299] (rows=1 width=4)
                                                    Output:["_col0"]
                                                    Filter Operator [FIL_297] (rows=1 width=98)
                                                      predicate:((d_date = '1998-02-19') and d_week_seq is not null)
                                                       Please refer to the previous TableScan [TS_21]
                                              <-Reducer 18 [CUSTOM_SIMPLE_EDGE] vectorized
                                                PARTITION_ONLY_SHUFFLE [RS_295]
                                                  Select Operator [SEL_294] (rows=1 width=8)
                                                    Filter Operator [FIL_293] (rows=1 width=8)
                                                      predicate:(sq_count_check(_col0) <= 1)
                                                      Group By Operator [GBY_292] (rows=1 width=8)
                                                        Output:["_col0"],aggregations:["count(VALUE._col0)"]
                                                      <-Map 17 [CUSTOM_SIMPLE_EDGE] vectorized
                                                        PARTITION_ONLY_SHUFFLE [RS_291]
                                                          Group By Operator [GBY_290] (rows=1 width=8)
                                                            Output:["_col0"],aggregations:["count()"]
                                                            Select Operator [SEL_289] (rows=1 width=94)
                                                              Filter Operator [FIL_288] (rows=1 width=94)
                                                                predicate:(d_date = '1998-02-19')
                                                                TableScan [TS_9] (rows=73049 width=94)
                                                                  default@date_dim,date_dim,Tbl:COMPLETE,Col:COMPLETE,Output:["d_date"]
                            <-Reducer 12 [SIMPLE_EDGE]
                              SHUFFLE [RS_142]
                                PartitionCols:_col0
                                Merge Join Operator [MERGEJOIN_268] (rows=143966864 width=215)
                                  Conds:RS_313._col1=RS_284._col0(Inner),Output:["_col0","_col2","_col4"]
                                <-Map 8 [SIMPLE_EDGE] vectorized
                                  SHUFFLE [RS_284]
                                    PartitionCols:_col0
                                    Select Operator [SEL_281] (rows=462000 width=104)
                                      Output:["_col0","_col1"]
                                      Filter Operator [FIL_280] (rows=462000 width=104)
                                        predicate:(i_item_id is not null and i_item_sk is not null)
                                        TableScan [TS_3] (rows=462000 width=104)
                                          default@item,item,Tbl:COMPLETE,Col:COMPLETE,Output:["i_item_sk","i_item_id"]
                                <-Map 24 [SIMPLE_EDGE] vectorized
                                  SHUFFLE [RS_313]
                                    PartitionCols:_col1
                                    Select Operator [SEL_312] (rows=143966864 width=119)
                                      Output:["_col0","_col1","_col2"]
                                      Filter Operator [FIL_311] (rows=143966864 width=119)
                                        predicate:(ws_item_sk is not null and ws_sold_date_sk is not null)
                                        TableScan [TS_100] (rows=144002668 width=119)
                                          default@web_sales,web_sales,Tbl:COMPLETE,Col:COMPLETE,Output:["ws_sold_date_sk","ws_item_sk","ws_ext_sales_price"]
                  <-Reducer 5 [SIMPLE_EDGE]
                    SHUFFLE [RS_155]
                      PartitionCols:_col0
                      Filter Operator [FIL_153] (rows=1 width=324)
                        predicate:(_col1 BETWEEN (0.9 * _col3) AND (1.1 * _col3) and _col3 BETWEEN (0.9 * _col1) AND (1.1 * _col1))
                        Merge Join Operator [MERGEJOIN_275] (rows=68 width=324)
                          Conds:RS_305._col0=RS_310._col0(Inner),Output:["_col0","_col1","_col3"]
                        <-Reducer 11 [SIMPLE_EDGE] vectorized
                          SHUFFLE [RS_310]
                            PartitionCols:_col0
                            Group By Operator [GBY_309] (rows=69 width=212)
                              Output:["_col0","_col1"],aggregations:["sum(VALUE._col0)"],keys:KEY._col0
                            <-Reducer 10 [SIMPLE_EDGE]
                              SHUFFLE [RS_97]
                                PartitionCols:_col0
                                Group By Operator [GBY_96] (rows=69 width=212)
                                  Output:["_col0","_col1"],aggregations:["sum(_col2)"],keys:_col4
                                  Merge Join Operator [MERGEJOIN_273] (rows=120498 width=100)
                                    Conds:RS_92._col0=RS_93._col0(Inner),Output:["_col2","_col4"]
                                  <-Reducer 16 [SIMPLE_EDGE]
                                    SHUFFLE [RS_93]
                                      PartitionCols:_col0
                                       Please refer to the previous Merge Join Operator [MERGEJOIN_263]
                                  <-Reducer 9 [SIMPLE_EDGE]
                                    SHUFFLE [RS_92]
                                      PartitionCols:_col0
                                      Merge Join Operator [MERGEJOIN_264] (rows=550076554 width=210)
                                        Conds:RS_308._col1=RS_283._col0(Inner),Output:["_col0","_col2","_col4"]
                                      <-Map 8 [SIMPLE_EDGE] vectorized
                                        SHUFFLE [RS_283]
                                          PartitionCols:_col0
                                           Please refer to the previous Select Operator [SEL_281]
                                      <-Map 23 [SIMPLE_EDGE] vectorized
                                        SHUFFLE [RS_308]
                                          PartitionCols:_col1
                                          Select Operator [SEL_307] (rows=550076554 width=114)
                                            Output:["_col0","_col1","_col2"]
                                            Filter Operator [FIL_306] (rows=550076554 width=114)
                                              predicate:(ss_item_sk is not null and ss_sold_date_sk is not null)
                                              TableScan [TS_50] (rows=575995635 width=114)
                                                default@store_sales,store_sales,Tbl:COMPLETE,Col:COMPLETE,Output:["ss_sold_date_sk","ss_item_sk","ss_ext_sales_price"]
                        <-Reducer 4 [SIMPLE_EDGE] vectorized
                          SHUFFLE [RS_305]
                            PartitionCols:_col0
                            Group By Operator [GBY_304] (rows=68 width=212)
                              Output:["_col0","_col1"],aggregations:["sum(VALUE._col0)"],keys:KEY._col0
                            <-Reducer 3 [SIMPLE_EDGE]
                              SHUFFLE [RS_47]
                                PartitionCols:_col0
                                Group By Operator [GBY_46] (rows=68 width=212)
                                  Output:["_col0","_col1"],aggregations:["sum(_col2)"],keys:_col4
                                  Merge Join Operator [MERGEJOIN_272] (rows=62327 width=100)
                                    Conds:RS_42._col0=RS_43._col0(Inner),Output:["_col2","_col4"]
                                  <-Reducer 16 [SIMPLE_EDGE]
                                    SHUFFLE [RS_43]
                                      PartitionCols:_col0
                                       Please refer to the previous Merge Join Operator [MERGEJOIN_263]
                                  <-Reducer 2 [SIMPLE_EDGE]
                                    SHUFFLE [RS_42]
                                      PartitionCols:_col0
                                      Merge Join Operator [MERGEJOIN_260] (rows=286549727 width=215)
                                        Conds:RS_279._col1=RS_282._col0(Inner),Output:["_col0","_col2","_col4"]
                                      <-Map 8 [SIMPLE_EDGE] vectorized
                                        SHUFFLE [RS_282]
                                          PartitionCols:_col0
                                           Please refer to the previous Select Operator [SEL_281]
                                      <-Map 1 [SIMPLE_EDGE] vectorized
                                        SHUFFLE [RS_279]
                                          PartitionCols:_col1
                                          Select Operator [SEL_278] (rows=286549727 width=119)
                                            Output:["_col0","_col1","_col2"]
                                            Filter Operator [FIL_277] (rows=286549727 width=119)
                                              predicate:(cs_item_sk is not null and cs_sold_date_sk is not null)
                                              TableScan [TS_0] (rows=287989836 width=119)
                                                default@catalog_sales,catalog_sales,Tbl:COMPLETE,Col:COMPLETE,Output:["cs_sold_date_sk","cs_item_sk","cs_ext_sales_price"]

