PREHOOK: query: explain
with sr_items as
 (select i_item_id item_id,
        sum(sr_return_quantity) sr_item_qty
 from store_returns,
      item,
      date_dim
 where sr_item_sk = i_item_sk
 and   d_date    in 
	(select d_date
	from date_dim
	where d_week_seq in 
		(select d_week_seq
		from date_dim
	  where d_date in ('1998-01-02','1998-10-15','1998-11-10')))
 and   sr_returned_date_sk   = d_date_sk
 group by i_item_id),
 cr_items as
 (select i_item_id item_id,
        sum(cr_return_quantity) cr_item_qty
 from catalog_returns,
      item,
      date_dim
 where cr_item_sk = i_item_sk
 and   d_date    in 
	(select d_date
	from date_dim
	where d_week_seq in 
		(select d_week_seq
		from date_dim
	  where d_date in ('1998-01-02','1998-10-15','1998-11-10')))
 and   cr_returned_date_sk   = d_date_sk
 group by i_item_id),
 wr_items as
 (select i_item_id item_id,
        sum(wr_return_quantity) wr_item_qty
 from web_returns,
      item,
      date_dim
 where wr_item_sk = i_item_sk
 and   d_date    in 
	(select d_date
	from date_dim
	where d_week_seq in 
		(select d_week_seq
		from date_dim
		where d_date in ('1998-01-02','1998-10-15','1998-11-10')))
 and   wr_returned_date_sk   = d_date_sk
 group by i_item_id)
  select  sr_items.item_id
       ,sr_item_qty
       ,sr_item_qty/(sr_item_qty+cr_item_qty+wr_item_qty)/3.0 * 100 sr_dev
       ,cr_item_qty
       ,cr_item_qty/(sr_item_qty+cr_item_qty+wr_item_qty)/3.0 * 100 cr_dev
       ,wr_item_qty
       ,wr_item_qty/(sr_item_qty+cr_item_qty+wr_item_qty)/3.0 * 100 wr_dev
       ,(sr_item_qty+cr_item_qty+wr_item_qty)/3.0 average
 from sr_items
     ,cr_items
     ,wr_items
 where sr_items.item_id=cr_items.item_id
   and sr_items.item_id=wr_items.item_id 
 order by sr_items.item_id
         ,sr_item_qty
 limit 100
PREHOOK: type: QUERY
PREHOOK: Input: default@catalog_returns
PREHOOK: Input: default@date_dim
PREHOOK: Input: default@item
PREHOOK: Input: default@store_returns
PREHOOK: Input: default@web_returns
PREHOOK: Output: hdfs://### HDFS PATH ###
POSTHOOK: query: explain
with sr_items as
 (select i_item_id item_id,
        sum(sr_return_quantity) sr_item_qty
 from store_returns,
      item,
      date_dim
 where sr_item_sk = i_item_sk
 and   d_date    in 
	(select d_date
	from date_dim
	where d_week_seq in 
		(select d_week_seq
		from date_dim
	  where d_date in ('1998-01-02','1998-10-15','1998-11-10')))
 and   sr_returned_date_sk   = d_date_sk
 group by i_item_id),
 cr_items as
 (select i_item_id item_id,
        sum(cr_return_quantity) cr_item_qty
 from catalog_returns,
      item,
      date_dim
 where cr_item_sk = i_item_sk
 and   d_date    in 
	(select d_date
	from date_dim
	where d_week_seq in 
		(select d_week_seq
		from date_dim
	  where d_date in ('1998-01-02','1998-10-15','1998-11-10')))
 and   cr_returned_date_sk   = d_date_sk
 group by i_item_id),
 wr_items as
 (select i_item_id item_id,
        sum(wr_return_quantity) wr_item_qty
 from web_returns,
      item,
      date_dim
 where wr_item_sk = i_item_sk
 and   d_date    in 
	(select d_date
	from date_dim
	where d_week_seq in 
		(select d_week_seq
		from date_dim
		where d_date in ('1998-01-02','1998-10-15','1998-11-10')))
 and   wr_returned_date_sk   = d_date_sk
 group by i_item_id)
  select  sr_items.item_id
       ,sr_item_qty
       ,sr_item_qty/(sr_item_qty+cr_item_qty+wr_item_qty)/3.0 * 100 sr_dev
       ,cr_item_qty
       ,cr_item_qty/(sr_item_qty+cr_item_qty+wr_item_qty)/3.0 * 100 cr_dev
       ,wr_item_qty
       ,wr_item_qty/(sr_item_qty+cr_item_qty+wr_item_qty)/3.0 * 100 wr_dev
       ,(sr_item_qty+cr_item_qty+wr_item_qty)/3.0 average
 from sr_items
     ,cr_items
     ,wr_items
 where sr_items.item_id=cr_items.item_id
   and sr_items.item_id=wr_items.item_id 
 order by sr_items.item_id
         ,sr_item_qty
 limit 100
POSTHOOK: type: QUERY
POSTHOOK: Input: default@catalog_returns
POSTHOOK: Input: default@date_dim
POSTHOOK: Input: default@item
POSTHOOK: Input: default@store_returns
POSTHOOK: Input: default@web_returns
POSTHOOK: Output: hdfs://### HDFS PATH ###
Plan optimized by CBO.

Vertex dependency in root stage
Reducer 10 <- Reducer 16 (SIMPLE_EDGE), Reducer 9 (SIMPLE_EDGE)
Reducer 11 <- Reducer 10 (SIMPLE_EDGE)
Reducer 12 <- Map 22 (SIMPLE_EDGE), Map 8 (SIMPLE_EDGE)
Reducer 13 <- Reducer 12 (SIMPLE_EDGE), Reducer 16 (SIMPLE_EDGE)
Reducer 14 <- Reducer 13 (SIMPLE_EDGE)
Reducer 16 <- Map 15 (SIMPLE_EDGE), Reducer 19 (SIMPLE_EDGE)
Reducer 18 <- Map 17 (SIMPLE_EDGE), Map 20 (SIMPLE_EDGE)
Reducer 19 <- Reducer 18 (SIMPLE_EDGE)
Reducer 2 <- Map 1 (SIMPLE_EDGE), Map 8 (SIMPLE_EDGE)
Reducer 3 <- Reducer 16 (SIMPLE_EDGE), Reducer 2 (SIMPLE_EDGE)
Reducer 4 <- Reducer 3 (SIMPLE_EDGE)
Reducer 5 <- Reducer 11 (SIMPLE_EDGE), Reducer 4 (SIMPLE_EDGE)
Reducer 6 <- Reducer 14 (SIMPLE_EDGE), Reducer 5 (SIMPLE_EDGE)
Reducer 7 <- Reducer 6 (SIMPLE_EDGE)
Reducer 9 <- Map 21 (SIMPLE_EDGE), Map 8 (SIMPLE_EDGE)

Stage-0
  Fetch Operator
    limit:100
    Stage-1
      Reducer 7 vectorized
      File Output Operator [FS_255]
        Limit [LIM_254] (rows=57 width=260)
          Number of rows:100
          Select Operator [SEL_253] (rows=57 width=260)
            Output:["_col0","_col1","_col2","_col3","_col4","_col5","_col6","_col7"]
          <-Reducer 6 [SIMPLE_EDGE]
            SHUFFLE [RS_127]
              Select Operator [SEL_126] (rows=57 width=260)
                Output:["_col0","_col1","_col2","_col3","_col4","_col5","_col6","_col7"]
                Merge Join Operator [MERGEJOIN_220] (rows=57 width=124)
                  Conds:RS_123._col0=RS_252._col0(Inner),Output:["_col0","_col1","_col3","_col5"]
                <-Reducer 14 [SIMPLE_EDGE] vectorized
                  SHUFFLE [RS_252]
                    PartitionCols:_col0
                    Group By Operator [GBY_251] (rows=57 width=108)
                      Output:["_col0","_col1"],aggregations:["sum(VALUE._col0)"],keys:KEY._col0
                    <-Reducer 13 [SIMPLE_EDGE]
                      SHUFFLE [RS_117]
                        PartitionCols:_col0
                        Group By Operator [GBY_116] (rows=57 width=108)
                          Output:["_col0","_col1"],aggregations:["sum(_col2)"],keys:_col4
                          Merge Join Operator [MERGEJOIN_218] (rows=2521 width=100)
                            Conds:RS_112._col0=RS_113._col0(Inner),Output:["_col2","_col4"]
                          <-Reducer 16 [SIMPLE_EDGE]
                            SHUFFLE [RS_113]
                              PartitionCols:_col0
                              Merge Join Operator [MERGEJOIN_209] (rows=2 width=4)
                                Conds:RS_231._col1=RS_240._col0(Inner),Output:["_col0"]
                              <-Map 15 [SIMPLE_EDGE] vectorized
                                SHUFFLE [RS_231]
                                  PartitionCols:_col1
                                  Select Operator [SEL_230] (rows=73049 width=98)
                                    Output:["_col0","_col1"]
                                    Filter Operator [FIL_229] (rows=73049 width=98)
                                      predicate:(d_date is not null and d_date_sk is not null)
                                      TableScan [TS_6] (rows=73049 width=98)
                                        default@date_dim,date_dim,Tbl:COMPLETE,Col:COMPLETE,Output:["d_date_sk","d_date"]
                              <-Reducer 19 [SIMPLE_EDGE] vectorized
                                SHUFFLE [RS_240]
                                  PartitionCols:_col0
                                  Group By Operator [GBY_239] (rows=2 width=94)
                                    Output:["_col0"],keys:KEY._col0
                                  <-Reducer 18 [SIMPLE_EDGE]
                                    SHUFFLE [RS_22]
                                      PartitionCols:_col0
                                      Group By Operator [GBY_21] (rows=2 width=94)
                                        Output:["_col0"],keys:_col0
                                        Merge Join Operator [MERGEJOIN_208] (rows=5 width=94)
                                          Conds:RS_234._col1=RS_238._col0(Left Semi),Output:["_col0"]
                                        <-Map 17 [SIMPLE_EDGE] vectorized
                                          SHUFFLE [RS_234]
                                            PartitionCols:_col1
                                            Select Operator [SEL_233] (rows=73049 width=98)
                                              Output:["_col0","_col1"]
                                              Filter Operator [FIL_232] (rows=73049 width=98)
                                                predicate:(d_date is not null and d_week_seq is not null)
                                                TableScan [TS_9] (rows=73049 width=98)
                                                  default@date_dim,date_dim,Tbl:COMPLETE,Col:COMPLETE,Output:["d_date","d_week_seq"]
                                        <-Map 20 [SIMPLE_EDGE] vectorized
                                          SHUFFLE [RS_238]
                                            PartitionCols:_col0
                                            Group By Operator [GBY_237] (rows=1 width=4)
                                              Output:["_col0"],keys:_col0
                                              Select Operator [SEL_236] (rows=2 width=4)
                                                Output:["_col0"]
                                                Filter Operator [FIL_235] (rows=2 width=98)
                                                  predicate:((d_date) IN ('1998-01-02', '1998-10-15', '1998-11-10') and d_week_seq is not null)
                                                  TableScan [TS_12] (rows=73049 width=98)
                                                    default@date_dim,date_dim,Tbl:COMPLETE,Col:COMPLETE,Output:["d_date","d_week_seq"]
                          <-Reducer 12 [SIMPLE_EDGE]
                            SHUFFLE [RS_112]
                              PartitionCols:_col0
                              Merge Join Operator [MERGEJOIN_213] (rows=13749816 width=107)
                                Conds:RS_250._col1=RS_228._col0(Inner),Output:["_col0","_col2","_col4"]
                              <-Map 8 [SIMPLE_EDGE] vectorized
                                SHUFFLE [RS_228]
                                  PartitionCols:_col0
                                  Select Operator [SEL_225] (rows=462000 width=104)
                                    Output:["_col0","_col1"]
                                    Filter Operator [FIL_224] (rows=462000 width=104)
                                      predicate:(i_item_id is not null and i_item_sk is not null)
                                      TableScan [TS_3] (rows=462000 width=104)
                                        default@item,item,Tbl:COMPLETE,Col:COMPLETE,Output:["i_item_sk","i_item_id"]
                              <-Map 22 [SIMPLE_EDGE] vectorized
                                SHUFFLE [RS_250]
                                  PartitionCols:_col1
                                  Select Operator [SEL_249] (rows=13749816 width=11)
                                    Output:["_col0","_col1","_col2"]
                                    Filter Operator [FIL_248] (rows=13749816 width=11)
                                      predicate:(wr_item_sk is not null and wr_returned_date_sk is not null)
                                      TableScan [TS_80] (rows=14398467 width=11)
                                        default@web_returns,web_returns,Tbl:COMPLETE,Col:COMPLETE,Output:["wr_returned_date_sk","wr_item_sk","wr_return_quantity"]
                <-Reducer 5 [SIMPLE_EDGE]
                  SHUFFLE [RS_123]
                    PartitionCols:_col0
                    Merge Join Operator [MERGEJOIN_219] (rows=60 width=116)
                      Conds:RS_242._col0=RS_247._col0(Inner),Output:["_col0","_col1","_col3"]
                    <-Reducer 11 [SIMPLE_EDGE] vectorized
                      SHUFFLE [RS_247]
                        PartitionCols:_col0
                        Group By Operator [GBY_246] (rows=63 width=108)
                          Output:["_col0","_col1"],aggregations:["sum(VALUE._col0)"],keys:KEY._col0
                        <-Reducer 10 [SIMPLE_EDGE]
                          SHUFFLE [RS_77]
                            PartitionCols:_col0
                            Group By Operator [GBY_76] (rows=63 width=108)
                              Output:["_col0","_col1"],aggregations:["sum(_col2)"],keys:_col4
                              Merge Join Operator [MERGEJOIN_217] (rows=11105 width=100)
                                Conds:RS_72._col0=RS_73._col0(Inner),Output:["_col2","_col4"]
                              <-Reducer 16 [SIMPLE_EDGE]
                                SHUFFLE [RS_73]
                                  PartitionCols:_col0
                                   Please refer to the previous Merge Join Operator [MERGEJOIN_209]
                              <-Reducer 9 [SIMPLE_EDGE]
                                SHUFFLE [RS_72]
                                  PartitionCols:_col0
                                  Merge Join Operator [MERGEJOIN_210] (rows=55578005 width=107)
                                    Conds:RS_245._col1=RS_227._col0(Inner),Output:["_col0","_col2","_col4"]
                                  <-Map 8 [SIMPLE_EDGE] vectorized
                                    SHUFFLE [RS_227]
                                      PartitionCols:_col0
                                       Please refer to the previous Select Operator [SEL_225]
                                  <-Map 21 [SIMPLE_EDGE] vectorized
                                    SHUFFLE [RS_245]
                                      PartitionCols:_col1
                                      Select Operator [SEL_244] (rows=55578005 width=11)
                                        Output:["_col0","_col1","_col2"]
                                        Filter Operator [FIL_243] (rows=55578005 width=11)
                                          predicate:(sr_item_sk is not null and sr_returned_date_sk is not null)
                                          TableScan [TS_40] (rows=57591150 width=11)
                                            default@store_returns,store_returns,Tbl:COMPLETE,Col:COMPLETE,Output:["sr_returned_date_sk","sr_item_sk","sr_return_quantity"]
                    <-Reducer 4 [SIMPLE_EDGE] vectorized
                      SHUFFLE [RS_242]
                        PartitionCols:_col0
                        Group By Operator [GBY_241] (rows=60 width=108)
                          Output:["_col0","_col1"],aggregations:["sum(VALUE._col0)"],keys:KEY._col0
                        <-Reducer 3 [SIMPLE_EDGE]
                          SHUFFLE [RS_37]
                            PartitionCols:_col0
                            Group By Operator [GBY_36] (rows=60 width=108)
                              Output:["_col0","_col1"],aggregations:["sum(_col2)"],keys:_col4
                              Merge Join Operator [MERGEJOIN_216] (rows=5478 width=100)
                                Conds:RS_32._col0=RS_33._col0(Inner),Output:["_col2","_col4"]
                              <-Reducer 16 [SIMPLE_EDGE]
                                SHUFFLE [RS_33]
                                  PartitionCols:_col0
                                   Please refer to the previous Merge Join Operator [MERGEJOIN_209]
                              <-Reducer 2 [SIMPLE_EDGE]
                                SHUFFLE [RS_32]
                                  PartitionCols:_col0
                                  Merge Join Operator [MERGEJOIN_207] (rows=28798881 width=107)
                                    Conds:RS_223._col1=RS_226._col0(Inner),Output:["_col0","_col2","_col4"]
                                  <-Map 8 [SIMPLE_EDGE] vectorized
                                    SHUFFLE [RS_226]
                                      PartitionCols:_col0
                                       Please refer to the previous Select Operator [SEL_225]
                                  <-Map 1 [SIMPLE_EDGE] vectorized
                                    SHUFFLE [RS_223]
                                      PartitionCols:_col1
                                      Select Operator [SEL_222] (rows=28798881 width=11)
                                        Output:["_col0","_col1","_col2"]
                                        Filter Operator [FIL_221] (rows=28798881 width=11)
                                          predicate:(cr_item_sk is not null and cr_returned_date_sk is not null)
                                          TableScan [TS_0] (rows=28798881 width=11)
                                            default@catalog_returns,catalog_returns,Tbl:COMPLETE,Col:COMPLETE,Output:["cr_returned_date_sk","cr_item_sk","cr_return_quantity"]

