PREHOOK: query: explain
WITH all_sales AS (
 SELECT d_year
       ,i_brand_id
       ,i_class_id
       ,i_category_id
       ,i_manufact_id
       ,SUM(sales_cnt) AS sales_cnt
       ,SUM(sales_amt) AS sales_amt
 FROM (SELECT d_year
             ,i_brand_id
             ,i_class_id
             ,i_category_id
             ,i_manufact_id
             ,cs_quantity - COALESCE(cr_return_quantity,0) AS sales_cnt
             ,cs_ext_sales_price - COALESCE(cr_return_amount,0.0) AS sales_amt
       FROM catalog_sales JOIN item ON i_item_sk=cs_item_sk
                          JOIN date_dim ON d_date_sk=cs_sold_date_sk
                          LEFT JOIN catalog_returns ON (cs_order_number=cr_order_number 
                                                    AND cs_item_sk=cr_item_sk)
       WHERE i_category='Sports'
       UNION
       SELECT d_year
             ,i_brand_id
             ,i_class_id
             ,i_category_id
             ,i_manufact_id
             ,ss_quantity - COALESCE(sr_return_quantity,0) AS sales_cnt
             ,ss_ext_sales_price - COALESCE(sr_return_amt,0.0) AS sales_amt
       FROM store_sales JOIN item ON i_item_sk=ss_item_sk
                        JOIN date_dim ON d_date_sk=ss_sold_date_sk
                        LEFT JOIN store_returns ON (ss_ticket_number=sr_ticket_number 
                                                AND ss_item_sk=sr_item_sk)
       WHERE i_category='Sports'
       UNION
       SELECT d_year
             ,i_brand_id
             ,i_class_id
             ,i_category_id
             ,i_manufact_id
             ,ws_quantity - COALESCE(wr_return_quantity,0) AS sales_cnt
             ,ws_ext_sales_price - COALESCE(wr_return_amt,0.0) AS sales_amt
       FROM web_sales JOIN item ON i_item_sk=ws_item_sk
                      JOIN date_dim ON d_date_sk=ws_sold_date_sk
                      LEFT JOIN web_returns ON (ws_order_number=wr_order_number 
                                            AND ws_item_sk=wr_item_sk)
       WHERE i_category='Sports') sales_detail
 GROUP BY d_year, i_brand_id, i_class_id, i_category_id, i_manufact_id)
 SELECT  prev_yr.d_year AS prev_year
                          ,curr_yr.d_year AS year
                          ,curr_yr.i_brand_id
                          ,curr_yr.i_class_id
                          ,curr_yr.i_category_id
                          ,curr_yr.i_manufact_id
                          ,prev_yr.sales_cnt AS prev_yr_cnt
                          ,curr_yr.sales_cnt AS curr_yr_cnt
                          ,curr_yr.sales_cnt-prev_yr.sales_cnt AS sales_cnt_diff
                          ,curr_yr.sales_amt-prev_yr.sales_amt AS sales_amt_diff
 FROM all_sales curr_yr, all_sales prev_yr
 WHERE curr_yr.i_brand_id=prev_yr.i_brand_id
   AND curr_yr.i_class_id=prev_yr.i_class_id
   AND curr_yr.i_category_id=prev_yr.i_category_id
   AND curr_yr.i_manufact_id=prev_yr.i_manufact_id
   AND curr_yr.d_year=2002
   AND prev_yr.d_year=2002-1
   AND CAST(curr_yr.sales_cnt AS DECIMAL(17,2))/CAST(prev_yr.sales_cnt AS DECIMAL(17,2))<0.9
 ORDER BY sales_cnt_diff
 limit 100
PREHOOK: type: QUERY
PREHOOK: Input: default@catalog_returns
PREHOOK: Input: default@catalog_sales
PREHOOK: Input: default@date_dim
PREHOOK: Input: default@item
PREHOOK: Input: default@store_returns
PREHOOK: Input: default@store_sales
PREHOOK: Input: default@web_returns
PREHOOK: Input: default@web_sales
PREHOOK: Output: hdfs://### HDFS PATH ###
POSTHOOK: query: explain
WITH all_sales AS (
 SELECT d_year
       ,i_brand_id
       ,i_class_id
       ,i_category_id
       ,i_manufact_id
       ,SUM(sales_cnt) AS sales_cnt
       ,SUM(sales_amt) AS sales_amt
 FROM (SELECT d_year
             ,i_brand_id
             ,i_class_id
             ,i_category_id
             ,i_manufact_id
             ,cs_quantity - COALESCE(cr_return_quantity,0) AS sales_cnt
             ,cs_ext_sales_price - COALESCE(cr_return_amount,0.0) AS sales_amt
       FROM catalog_sales JOIN item ON i_item_sk=cs_item_sk
                          JOIN date_dim ON d_date_sk=cs_sold_date_sk
                          LEFT JOIN catalog_returns ON (cs_order_number=cr_order_number 
                                                    AND cs_item_sk=cr_item_sk)
       WHERE i_category='Sports'
       UNION
       SELECT d_year
             ,i_brand_id
             ,i_class_id
             ,i_category_id
             ,i_manufact_id
             ,ss_quantity - COALESCE(sr_return_quantity,0) AS sales_cnt
             ,ss_ext_sales_price - COALESCE(sr_return_amt,0.0) AS sales_amt
       FROM store_sales JOIN item ON i_item_sk=ss_item_sk
                        JOIN date_dim ON d_date_sk=ss_sold_date_sk
                        LEFT JOIN store_returns ON (ss_ticket_number=sr_ticket_number 
                                                AND ss_item_sk=sr_item_sk)
       WHERE i_category='Sports'
       UNION
       SELECT d_year
             ,i_brand_id
             ,i_class_id
             ,i_category_id
             ,i_manufact_id
             ,ws_quantity - COALESCE(wr_return_quantity,0) AS sales_cnt
             ,ws_ext_sales_price - COALESCE(wr_return_amt,0.0) AS sales_amt
       FROM web_sales JOIN item ON i_item_sk=ws_item_sk
                      JOIN date_dim ON d_date_sk=ws_sold_date_sk
                      LEFT JOIN web_returns ON (ws_order_number=wr_order_number 
                                            AND ws_item_sk=wr_item_sk)
       WHERE i_category='Sports') sales_detail
 GROUP BY d_year, i_brand_id, i_class_id, i_category_id, i_manufact_id)
 SELECT  prev_yr.d_year AS prev_year
                          ,curr_yr.d_year AS year
                          ,curr_yr.i_brand_id
                          ,curr_yr.i_class_id
                          ,curr_yr.i_category_id
                          ,curr_yr.i_manufact_id
                          ,prev_yr.sales_cnt AS prev_yr_cnt
                          ,curr_yr.sales_cnt AS curr_yr_cnt
                          ,curr_yr.sales_cnt-prev_yr.sales_cnt AS sales_cnt_diff
                          ,curr_yr.sales_amt-prev_yr.sales_amt AS sales_amt_diff
 FROM all_sales curr_yr, all_sales prev_yr
 WHERE curr_yr.i_brand_id=prev_yr.i_brand_id
   AND curr_yr.i_class_id=prev_yr.i_class_id
   AND curr_yr.i_category_id=prev_yr.i_category_id
   AND curr_yr.i_manufact_id=prev_yr.i_manufact_id
   AND curr_yr.d_year=2002
   AND prev_yr.d_year=2002-1
   AND CAST(curr_yr.sales_cnt AS DECIMAL(17,2))/CAST(prev_yr.sales_cnt AS DECIMAL(17,2))<0.9
 ORDER BY sales_cnt_diff
 limit 100
POSTHOOK: type: QUERY
POSTHOOK: Input: default@catalog_returns
POSTHOOK: Input: default@catalog_sales
POSTHOOK: Input: default@date_dim
POSTHOOK: Input: default@item
POSTHOOK: Input: default@store_returns
POSTHOOK: Input: default@store_sales
POSTHOOK: Input: default@web_returns
POSTHOOK: Input: default@web_sales
POSTHOOK: Output: hdfs://### HDFS PATH ###
Plan optimized by CBO.

Vertex dependency in root stage
Reducer 10 <- Reducer 9 (SIMPLE_EDGE)
Reducer 11 <- Map 1 (SIMPLE_EDGE), Map 18 (SIMPLE_EDGE)
Reducer 12 <- Map 31 (SIMPLE_EDGE), Reducer 11 (SIMPLE_EDGE)
Reducer 13 <- Map 32 (SIMPLE_EDGE), Reducer 12 (SIMPLE_EDGE), Union 14 (CONTAINS)
Reducer 15 <- Union 14 (SIMPLE_EDGE), Union 16 (CONTAINS)
Reducer 17 <- Union 16 (SIMPLE_EDGE)
Reducer 19 <- Map 18 (SIMPLE_EDGE), Map 33 (SIMPLE_EDGE)
Reducer 2 <- Map 1 (SIMPLE_EDGE), Map 18 (SIMPLE_EDGE)
Reducer 20 <- Map 31 (SIMPLE_EDGE), Reducer 19 (SIMPLE_EDGE)
Reducer 21 <- Map 34 (SIMPLE_EDGE), Reducer 20 (SIMPLE_EDGE), Union 5 (CONTAINS)
Reducer 22 <- Map 18 (SIMPLE_EDGE), Map 35 (SIMPLE_EDGE)
Reducer 23 <- Map 31 (SIMPLE_EDGE), Reducer 22 (SIMPLE_EDGE)
Reducer 24 <- Map 36 (SIMPLE_EDGE), Reducer 23 (SIMPLE_EDGE), Union 7 (CONTAINS)
Reducer 25 <- Map 18 (SIMPLE_EDGE), Map 33 (SIMPLE_EDGE)
Reducer 26 <- Map 31 (SIMPLE_EDGE), Reducer 25 (SIMPLE_EDGE)
Reducer 27 <- Map 34 (SIMPLE_EDGE), Reducer 26 (SIMPLE_EDGE), Union 14 (CONTAINS)
Reducer 28 <- Map 18 (SIMPLE_EDGE), Map 35 (SIMPLE_EDGE)
Reducer 29 <- Map 31 (SIMPLE_EDGE), Reducer 28 (SIMPLE_EDGE)
Reducer 3 <- Map 31 (SIMPLE_EDGE), Reducer 2 (SIMPLE_EDGE)
Reducer 30 <- Map 36 (SIMPLE_EDGE), Reducer 29 (SIMPLE_EDGE), Union 16 (CONTAINS)
Reducer 4 <- Map 32 (SIMPLE_EDGE), Reducer 3 (SIMPLE_EDGE), Union 5 (CONTAINS)
Reducer 6 <- Union 5 (SIMPLE_EDGE), Union 7 (CONTAINS)
Reducer 8 <- Union 7 (SIMPLE_EDGE)
Reducer 9 <- Reducer 17 (SIMPLE_EDGE), Reducer 8 (SIMPLE_EDGE)

Stage-0
  Fetch Operator
    limit:-1
    Stage-1
      Reducer 10 vectorized
      File Output Operator [FS_356]
        Select Operator [SEL_355] (rows=100 width=160)
          Output:["_col0","_col1","_col2","_col3","_col4","_col5","_col6","_col7","_col8","_col9"]
          Limit [LIM_354] (rows=100 width=152)
            Number of rows:100
            Select Operator [SEL_353] (rows=38234207120 width=151)
              Output:["_col0","_col1","_col2","_col3","_col4","_col5","_col6","_col7"]
            <-Reducer 9 [SIMPLE_EDGE]
              SHUFFLE [RS_169]
                Select Operator [SEL_168] (rows=38234207120 width=151)
                  Output:["_col0","_col1","_col2","_col3","_col4","_col5","_col6","_col7"]
                  Filter Operator [FIL_167] (rows=38234207120 width=255)
                    predicate:((CAST( _col10 AS decimal(17,2)) / CAST( _col4 AS decimal(17,2))) < 0.9)
                    Merge Join Operator [MERGEJOIN_276] (rows=114702621361 width=255)
                      Conds:RS_349._col0, _col1, _col2, _col3=RS_352._col0, _col1, _col2, _col3(Inner),Output:["_col0","_col1","_col2","_col3","_col4","_col5","_col10","_col11"]
                    <-Reducer 17 [SIMPLE_EDGE] vectorized
                      SHUFFLE [RS_352]
                        PartitionCols:_col0, _col1, _col2, _col3
                        Group By Operator [GBY_351] (rows=8520960 width=135)
                          Output:["_col0","_col1","_col2","_col3","_col4","_col5"],aggregations:["sum(_col4)","sum(_col5)"],keys:_col0, _col1, _col2, _col3
                          Group By Operator [GBY_350] (rows=736356923 width=131)
                            Output:["_col0","_col1","_col2","_col3","_col4","_col5"],keys:KEY._col0, KEY._col1, KEY._col2, KEY._col3, KEY._col4, KEY._col5
                          <-Union 16 [SIMPLE_EDGE]
                            <-Reducer 15 [CONTAINS] vectorized
                              Reduce Output Operator [RS_359]
                                PartitionCols:_col0, _col1, _col2, _col3
                                Group By Operator [GBY_358] (rows=736356923 width=131)
                                  Output:["_col0","_col1","_col2","_col3","_col4","_col5"],keys:_col0, _col1, _col2, _col3, _col4, _col5
                                  Group By Operator [GBY_357] (rows=621178955 width=131)
                                    Output:["_col0","_col1","_col2","_col3","_col4","_col5"],keys:KEY._col0, KEY._col1, KEY._col2, KEY._col3, KEY._col4, KEY._col5
                                  <-Union 14 [SIMPLE_EDGE]
                                    <-Reducer 13 [CONTAINS]
                                      Reduce Output Operator [RS_290]
                                        PartitionCols:_col0, _col1, _col2, _col3, _col4, _col5
                                        Group By Operator [GBY_289] (rows=621178955 width=131)
                                          Output:["_col0","_col1","_col2","_col3","_col4","_col5"],keys:_col0, _col1, _col2, _col3, _col4, _col5
                                          Select Operator [SEL_287] (rows=170474971 width=131)
                                            Output:["_col0","_col1","_col2","_col3","_col4","_col5"]
                                            Merge Join Operator [MERGEJOIN_286] (rows=170474971 width=234)
                                              Conds:RS_99._col1, _col2=RS_343._col0, _col1(Left Outer),Output:["_col3","_col4","_col7","_col8","_col9","_col10","_col13","_col14"]
                                            <-Map 32 [SIMPLE_EDGE] vectorized
                                              SHUFFLE [RS_343]
                                                PartitionCols:_col0, _col1
                                                Select Operator [SEL_341] (rows=28798881 width=121)
                                                  Output:["_col0","_col1","_col2","_col3"]
                                                  TableScan [TS_9] (rows=28798881 width=121)
                                                    default@catalog_returns,catalog_returns,Tbl:COMPLETE,Col:COMPLETE,Output:["cr_item_sk","cr_order_number","cr_return_quantity","cr_return_amount"]
                                            <-Reducer 12 [SIMPLE_EDGE]
                                              SHUFFLE [RS_99]
                                                PartitionCols:_col1, _col2
                                                Merge Join Operator [MERGEJOIN_268] (rows=96821196 width=138)
                                                  Conds:RS_96._col1=RS_338._col0(Inner),Output:["_col1","_col2","_col3","_col4","_col7","_col8","_col9","_col10"]
                                                <-Map 31 [SIMPLE_EDGE] vectorized
                                                  SHUFFLE [RS_338]
                                                    PartitionCols:_col0
                                                    Select Operator [SEL_334] (rows=45745 width=19)
                                                      Output:["_col0","_col1","_col2","_col3","_col4"]
                                                      Filter Operator [FIL_333] (rows=45745 width=109)
                                                        predicate:((i_category = 'Sports') and i_brand_id is not null and i_category_id is not null and i_class_id is not null and i_manufact_id is not null)
                                                        TableScan [TS_6] (rows=462000 width=109)
                                                          default@item,item,Tbl:COMPLETE,Col:COMPLETE,Output:["i_item_sk","i_brand_id","i_class_id","i_category_id","i_category","i_manufact_id"]
                                                <-Reducer 11 [SIMPLE_EDGE]
                                                  SHUFFLE [RS_96]
                                                    PartitionCols:_col1
                                                    Merge Join Operator [MERGEJOIN_267] (rows=101592102 width=122)
                                                      Conds:RS_318._col0=RS_330._col0(Inner),Output:["_col1","_col2","_col3","_col4"]
                                                    <-Map 18 [SIMPLE_EDGE] vectorized
                                                      SHUFFLE [RS_330]
                                                        PartitionCols:_col0
                                                        Select Operator [SEL_324] (rows=652 width=4)
                                                          Output:["_col0"]
                                                          Filter Operator [FIL_320] (rows=652 width=8)
                                                            predicate:(d_year = 2002)
                                                            TableScan [TS_3] (rows=73049 width=8)
                                                              default@date_dim,date_dim,Tbl:COMPLETE,Col:COMPLETE,Output:["d_date_sk","d_year"]
                                                    <-Map 1 [SIMPLE_EDGE] vectorized
                                                      SHUFFLE [RS_318]
                                                        PartitionCols:_col0
                                                        Select Operator [SEL_316] (rows=286549727 width=127)
                                                          Output:["_col0","_col1","_col2","_col3","_col4"]
                                                          Filter Operator [FIL_315] (rows=286549727 width=127)
                                                            predicate:cs_sold_date_sk is not null
                                                            TableScan [TS_0] (rows=287989836 width=127)
                                                              default@catalog_sales,catalog_sales,Tbl:COMPLETE,Col:COMPLETE,Output:["cs_sold_date_sk","cs_item_sk","cs_order_number","cs_quantity","cs_ext_sales_price"]
                                    <-Reducer 27 [CONTAINS]
                                      Reduce Output Operator [RS_309]
                                        PartitionCols:_col0, _col1, _col2, _col3, _col4, _col5
                                        Group By Operator [GBY_308] (rows=621178955 width=131)
                                          Output:["_col0","_col1","_col2","_col3","_col4","_col5"],keys:_col0, _col1, _col2, _col3, _col4, _col5
                                          Select Operator [SEL_306] (rows=450703984 width=131)
                                            Output:["_col0","_col1","_col2","_col3","_col4","_col5"]
                                            Merge Join Operator [MERGEJOIN_305] (rows=450703984 width=204)
                                              Conds:RS_120._col1, _col2=RS_366._col0, _col1(Left Outer),Output:["_col3","_col4","_col7","_col8","_col9","_col10","_col13","_col14"]
                                            <-Map 34 [SIMPLE_EDGE] vectorized
                                              SHUFFLE [RS_366]
                                                PartitionCols:_col0, _col1
                                                Select Operator [SEL_364] (rows=57591150 width=119)
                                                  Output:["_col0","_col1","_col2","_col3"]
                                                  TableScan [TS_30] (rows=57591150 width=119)
                                                    default@store_returns,store_returns,Tbl:COMPLETE,Col:COMPLETE,Output:["sr_item_sk","sr_ticket_number","sr_return_quantity","sr_return_amt"]
                                            <-Reducer 26 [SIMPLE_EDGE]
                                              SHUFFLE [RS_120]
                                                PartitionCols:_col1, _col2
                                                Merge Join Operator [MERGEJOIN_271] (rows=187186493 width=124)
                                                  Conds:RS_117._col1=RS_339._col0(Inner),Output:["_col1","_col2","_col3","_col4","_col7","_col8","_col9","_col10"]
                                                <-Map 31 [SIMPLE_EDGE] vectorized
                                                  SHUFFLE [RS_339]
                                                    PartitionCols:_col0
                                                     Please refer to the previous Select Operator [SEL_334]
                                                <-Reducer 25 [SIMPLE_EDGE]
                                                  SHUFFLE [RS_117]
                                                    PartitionCols:_col1
                                                    Merge Join Operator [MERGEJOIN_270] (rows=196410188 width=109)
                                                      Conds:RS_363._col0=RS_331._col0(Inner),Output:["_col1","_col2","_col3","_col4"]
                                                    <-Map 18 [SIMPLE_EDGE] vectorized
                                                      SHUFFLE [RS_331]
                                                        PartitionCols:_col0
                                                        Select Operator [SEL_325] (rows=652 width=4)
                                                          Output:["_col0"]
                                                          Filter Operator [FIL_321] (rows=652 width=8)
                                                            predicate:(d_year = 2002)
                                                             Please refer to the previous TableScan [TS_3]
                                                    <-Map 33 [SIMPLE_EDGE] vectorized
                                                      SHUFFLE [RS_363]
                                                        PartitionCols:_col0
                                                        Select Operator [SEL_361] (rows=550076554 width=122)
                                                          Output:["_col0","_col1","_col2","_col3","_col4"]
                                                          Filter Operator [FIL_360] (rows=550076554 width=122)
                                                            predicate:ss_sold_date_sk is not null
                                                            TableScan [TS_21] (rows=575995635 width=122)
                                                              default@store_sales,store_sales,Tbl:COMPLETE,Col:COMPLETE,Output:["ss_sold_date_sk","ss_item_sk","ss_ticket_number","ss_quantity","ss_ext_sales_price"]
                            <-Reducer 30 [CONTAINS]
                              Reduce Output Operator [RS_314]
                                PartitionCols:_col0, _col1, _col2, _col3
                                Group By Operator [GBY_313] (rows=736356923 width=131)
                                  Output:["_col0","_col1","_col2","_col3","_col4","_col5"],keys:_col0, _col1, _col2, _col3, _col4, _col5
                                  Select Operator [SEL_311] (rows=115177968 width=131)
                                    Output:["_col0","_col1","_col2","_col3","_col4","_col5"]
                                    Merge Join Operator [MERGEJOIN_310] (rows=115177968 width=220)
                                      Conds:RS_148._col1, _col2=RS_373._col0, _col1(Left Outer),Output:["_col3","_col4","_col7","_col8","_col9","_col10","_col13","_col14"]
                                    <-Map 36 [SIMPLE_EDGE] vectorized
                                      SHUFFLE [RS_373]
                                        PartitionCols:_col0, _col1
                                        Select Operator [SEL_371] (rows=14398467 width=118)
                                          Output:["_col0","_col1","_col2","_col3"]
                                          TableScan [TS_58] (rows=14398467 width=118)
                                            default@web_returns,web_returns,Tbl:COMPLETE,Col:COMPLETE,Output:["wr_item_sk","wr_order_number","wr_return_quantity","wr_return_amt"]
                                    <-Reducer 29 [SIMPLE_EDGE]
                                      SHUFFLE [RS_148]
                                        PartitionCols:_col1, _col2
                                        Merge Join Operator [MERGEJOIN_274] (rows=48990732 width=139)
                                          Conds:RS_145._col1=RS_340._col0(Inner),Output:["_col1","_col2","_col3","_col4","_col7","_col8","_col9","_col10"]
                                        <-Map 31 [SIMPLE_EDGE] vectorized
                                          SHUFFLE [RS_340]
                                            PartitionCols:_col0
                                             Please refer to the previous Select Operator [SEL_334]
                                        <-Reducer 28 [SIMPLE_EDGE]
                                          SHUFFLE [RS_145]
                                            PartitionCols:_col1
                                            Merge Join Operator [MERGEJOIN_273] (rows=51404771 width=123)
                                              Conds:RS_370._col0=RS_332._col0(Inner),Output:["_col1","_col2","_col3","_col4"]
                                            <-Map 18 [SIMPLE_EDGE] vectorized
                                              SHUFFLE [RS_332]
                                                PartitionCols:_col0
                                                Select Operator [SEL_326] (rows=652 width=4)
                                                  Output:["_col0"]
                                                  Filter Operator [FIL_322] (rows=652 width=8)
                                                    predicate:(d_year = 2002)
                                                     Please refer to the previous TableScan [TS_3]
                                            <-Map 35 [SIMPLE_EDGE] vectorized
                                              SHUFFLE [RS_370]
                                                PartitionCols:_col0
                                                Select Operator [SEL_368] (rows=143966864 width=127)
                                                  Output:["_col0","_col1","_col2","_col3","_col4"]
                                                  Filter Operator [FIL_367] (rows=143966864 width=127)
                                                    predicate:ws_sold_date_sk is not null
                                                    TableScan [TS_49] (rows=144002668 width=127)
                                                      default@web_sales,web_sales,Tbl:COMPLETE,Col:COMPLETE,Output:["ws_sold_date_sk","ws_item_sk","ws_order_number","ws_quantity","ws_ext_sales_price"]
                    <-Reducer 8 [SIMPLE_EDGE] vectorized
                      SHUFFLE [RS_349]
                        PartitionCols:_col0, _col1, _col2, _col3
                        Group By Operator [GBY_348] (rows=8520960 width=135)
                          Output:["_col0","_col1","_col2","_col3","_col4","_col5"],aggregations:["sum(_col4)","sum(_col5)"],keys:_col0, _col1, _col2, _col3
                          Group By Operator [GBY_347] (rows=736356923 width=131)
                            Output:["_col0","_col1","_col2","_col3","_col4","_col5"],keys:KEY._col0, KEY._col1, KEY._col2, KEY._col3, KEY._col4, KEY._col5
                          <-Union 7 [SIMPLE_EDGE]
                            <-Reducer 24 [CONTAINS]
                              Reduce Output Operator [RS_304]
                                PartitionCols:_col0, _col1, _col2, _col3
                                Group By Operator [GBY_303] (rows=736356923 width=131)
                                  Output:["_col0","_col1","_col2","_col3","_col4","_col5"],keys:_col0, _col1, _col2, _col3, _col4, _col5
                                  Select Operator [SEL_301] (rows=115177968 width=131)
                                    Output:["_col0","_col1","_col2","_col3","_col4","_col5"]
                                    Merge Join Operator [MERGEJOIN_300] (rows=115177968 width=220)
                                      Conds:RS_66._col1, _col2=RS_372._col0, _col1(Left Outer),Output:["_col3","_col4","_col7","_col8","_col9","_col10","_col13","_col14"]
                                    <-Map 36 [SIMPLE_EDGE] vectorized
                                      SHUFFLE [RS_372]
                                        PartitionCols:_col0, _col1
                                         Please refer to the previous Select Operator [SEL_371]
                                    <-Reducer 23 [SIMPLE_EDGE]
                                      SHUFFLE [RS_66]
                                        PartitionCols:_col1, _col2
                                        Merge Join Operator [MERGEJOIN_265] (rows=48990732 width=139)
                                          Conds:RS_63._col1=RS_337._col0(Inner),Output:["_col1","_col2","_col3","_col4","_col7","_col8","_col9","_col10"]
                                        <-Map 31 [SIMPLE_EDGE] vectorized
                                          SHUFFLE [RS_337]
                                            PartitionCols:_col0
                                             Please refer to the previous Select Operator [SEL_334]
                                        <-Reducer 22 [SIMPLE_EDGE]
                                          SHUFFLE [RS_63]
                                            PartitionCols:_col1
                                            Merge Join Operator [MERGEJOIN_264] (rows=51404771 width=123)
                                              Conds:RS_369._col0=RS_329._col0(Inner),Output:["_col1","_col2","_col3","_col4"]
                                            <-Map 18 [SIMPLE_EDGE] vectorized
                                              SHUFFLE [RS_329]
                                                PartitionCols:_col0
                                                Select Operator [SEL_323] (rows=652 width=4)
                                                  Output:["_col0"]
                                                  Filter Operator [FIL_319] (rows=652 width=8)
                                                    predicate:(d_year = 2001)
                                                     Please refer to the previous TableScan [TS_3]
                                            <-Map 35 [SIMPLE_EDGE] vectorized
                                              SHUFFLE [RS_369]
                                                PartitionCols:_col0
                                                 Please refer to the previous Select Operator [SEL_368]
                            <-Reducer 6 [CONTAINS] vectorized
                              Reduce Output Operator [RS_346]
                                PartitionCols:_col0, _col1, _col2, _col3
                                Group By Operator [GBY_345] (rows=736356923 width=131)
                                  Output:["_col0","_col1","_col2","_col3","_col4","_col5"],keys:_col0, _col1, _col2, _col3, _col4, _col5
                                  Group By Operator [GBY_344] (rows=621178955 width=131)
                                    Output:["_col0","_col1","_col2","_col3","_col4","_col5"],keys:KEY._col0, KEY._col1, KEY._col2, KEY._col3, KEY._col4, KEY._col5
                                  <-Union 5 [SIMPLE_EDGE]
                                    <-Reducer 21 [CONTAINS]
                                      Reduce Output Operator [RS_299]
                                        PartitionCols:_col0, _col1, _col2, _col3, _col4, _col5
                                        Group By Operator [GBY_298] (rows=621178955 width=131)
                                          Output:["_col0","_col1","_col2","_col3","_col4","_col5"],keys:_col0, _col1, _col2, _col3, _col4, _col5
                                          Select Operator [SEL_296] (rows=450703984 width=131)
                                            Output:["_col0","_col1","_col2","_col3","_col4","_col5"]
                                            Merge Join Operator [MERGEJOIN_295] (rows=450703984 width=204)
                                              Conds:RS_38._col1, _col2=RS_365._col0, _col1(Left Outer),Output:["_col3","_col4","_col7","_col8","_col9","_col10","_col13","_col14"]
                                            <-Map 34 [SIMPLE_EDGE] vectorized
                                              SHUFFLE [RS_365]
                                                PartitionCols:_col0, _col1
                                                 Please refer to the previous Select Operator [SEL_364]
                                            <-Reducer 20 [SIMPLE_EDGE]
                                              SHUFFLE [RS_38]
                                                PartitionCols:_col1, _col2
                                                Merge Join Operator [MERGEJOIN_262] (rows=187186493 width=124)
                                                  Conds:RS_35._col1=RS_336._col0(Inner),Output:["_col1","_col2","_col3","_col4","_col7","_col8","_col9","_col10"]
                                                <-Map 31 [SIMPLE_EDGE] vectorized
                                                  SHUFFLE [RS_336]
                                                    PartitionCols:_col0
                                                     Please refer to the previous Select Operator [SEL_334]
                                                <-Reducer 19 [SIMPLE_EDGE]
                                                  SHUFFLE [RS_35]
                                                    PartitionCols:_col1
                                                    Merge Join Operator [MERGEJOIN_261] (rows=196410188 width=109)
                                                      Conds:RS_362._col0=RS_328._col0(Inner),Output:["_col1","_col2","_col3","_col4"]
                                                    <-Map 18 [SIMPLE_EDGE] vectorized
                                                      SHUFFLE [RS_328]
                                                        PartitionCols:_col0
                                                         Please refer to the previous Select Operator [SEL_323]
                                                    <-Map 33 [SIMPLE_EDGE] vectorized
                                                      SHUFFLE [RS_362]
                                                        PartitionCols:_col0
                                                         Please refer to the previous Select Operator [SEL_361]
                                    <-Reducer 4 [CONTAINS]
                                      Reduce Output Operator [RS_281]
                                        PartitionCols:_col0, _col1, _col2, _col3, _col4, _col5
                                        Group By Operator [GBY_280] (rows=621178955 width=131)
                                          Output:["_col0","_col1","_col2","_col3","_col4","_col5"],keys:_col0, _col1, _col2, _col3, _col4, _col5
                                          Select Operator [SEL_278] (rows=170474971 width=131)
                                            Output:["_col0","_col1","_col2","_col3","_col4","_col5"]
                                            Merge Join Operator [MERGEJOIN_277] (rows=170474971 width=234)
                                              Conds:RS_17._col1, _col2=RS_342._col0, _col1(Left Outer),Output:["_col3","_col4","_col7","_col8","_col9","_col10","_col13","_col14"]
                                            <-Map 32 [SIMPLE_EDGE] vectorized
                                              SHUFFLE [RS_342]
                                                PartitionCols:_col0, _col1
                                                 Please refer to the previous Select Operator [SEL_341]
                                            <-Reducer 3 [SIMPLE_EDGE]
                                              SHUFFLE [RS_17]
                                                PartitionCols:_col1, _col2
                                                Merge Join Operator [MERGEJOIN_259] (rows=96821196 width=138)
                                                  Conds:RS_14._col1=RS_335._col0(Inner),Output:["_col1","_col2","_col3","_col4","_col7","_col8","_col9","_col10"]
                                                <-Map 31 [SIMPLE_EDGE] vectorized
                                                  SHUFFLE [RS_335]
                                                    PartitionCols:_col0
                                                     Please refer to the previous Select Operator [SEL_334]
                                                <-Reducer 2 [SIMPLE_EDGE]
                                                  SHUFFLE [RS_14]
                                                    PartitionCols:_col1
                                                    Merge Join Operator [MERGEJOIN_258] (rows=101592102 width=122)
                                                      Conds:RS_317._col0=RS_327._col0(Inner),Output:["_col1","_col2","_col3","_col4"]
                                                    <-Map 18 [SIMPLE_EDGE] vectorized
                                                      SHUFFLE [RS_327]
                                                        PartitionCols:_col0
                                                         Please refer to the previous Select Operator [SEL_323]
                                                    <-Map 1 [SIMPLE_EDGE] vectorized
                                                      SHUFFLE [RS_317]
                                                        PartitionCols:_col0
                                                         Please refer to the previous Select Operator [SEL_316]

