PREHOOK: query: explain
with inv as
(select w_warehouse_name,w_warehouse_sk,i_item_sk,d_moy
       ,stdev,mean, case mean when 0 then null else stdev/mean end cov
 from(select w_warehouse_name,w_warehouse_sk,i_item_sk,d_moy
            ,stddev_samp(inv_quantity_on_hand) stdev,avg(inv_quantity_on_hand) mean
      from inventory
          ,item
          ,warehouse
          ,date_dim
      where inv_item_sk = i_item_sk
        and inv_warehouse_sk = w_warehouse_sk
        and inv_date_sk = d_date_sk
        and d_year =1999
      group by w_warehouse_name,w_warehouse_sk,i_item_sk,d_moy) foo
 where case mean when 0 then 0 else stdev/mean end > 1)
select inv1.w_warehouse_sk,inv1.i_item_sk,inv1.d_moy,inv1.mean, inv1.cov
        ,inv2.w_warehouse_sk,inv2.i_item_sk,inv2.d_moy,inv2.mean, inv2.cov
from inv inv1,inv inv2
where inv1.i_item_sk = inv2.i_item_sk
  and inv1.w_warehouse_sk =  inv2.w_warehouse_sk
  and inv1.d_moy=4
  and inv2.d_moy=4+1
order by inv1.w_warehouse_sk,inv1.i_item_sk,inv1.d_moy,inv1.mean,inv1.cov
        ,inv2.d_moy,inv2.mean, inv2.cov
PREHOOK: type: QUERY
PREHOOK: Input: default@date_dim
PREHOOK: Input: default@inventory
PREHOOK: Input: default@item
PREHOOK: Input: default@warehouse
PREHOOK: Output: hdfs://### HDFS PATH ###
POSTHOOK: query: explain
with inv as
(select w_warehouse_name,w_warehouse_sk,i_item_sk,d_moy
       ,stdev,mean, case mean when 0 then null else stdev/mean end cov
 from(select w_warehouse_name,w_warehouse_sk,i_item_sk,d_moy
            ,stddev_samp(inv_quantity_on_hand) stdev,avg(inv_quantity_on_hand) mean
      from inventory
          ,item
          ,warehouse
          ,date_dim
      where inv_item_sk = i_item_sk
        and inv_warehouse_sk = w_warehouse_sk
        and inv_date_sk = d_date_sk
        and d_year =1999
      group by w_warehouse_name,w_warehouse_sk,i_item_sk,d_moy) foo
 where case mean when 0 then 0 else stdev/mean end > 1)
select inv1.w_warehouse_sk,inv1.i_item_sk,inv1.d_moy,inv1.mean, inv1.cov
        ,inv2.w_warehouse_sk,inv2.i_item_sk,inv2.d_moy,inv2.mean, inv2.cov
from inv inv1,inv inv2
where inv1.i_item_sk = inv2.i_item_sk
  and inv1.w_warehouse_sk =  inv2.w_warehouse_sk
  and inv1.d_moy=4
  and inv2.d_moy=4+1
order by inv1.w_warehouse_sk,inv1.i_item_sk,inv1.d_moy,inv1.mean,inv1.cov
        ,inv2.d_moy,inv2.mean, inv2.cov
POSTHOOK: type: QUERY
POSTHOOK: Input: default@date_dim
POSTHOOK: Input: default@inventory
POSTHOOK: Input: default@item
POSTHOOK: Input: default@warehouse
POSTHOOK: Output: hdfs://### HDFS PATH ###
Plan optimized by CBO.

Vertex dependency in root stage
Reducer 2 <- Map 1 (SIMPLE_EDGE), Map 10 (SIMPLE_EDGE)
Reducer 3 <- Map 11 (SIMPLE_EDGE), Reducer 2 (SIMPLE_EDGE)
Reducer 4 <- Reducer 3 (SIMPLE_EDGE)
Reducer 5 <- Reducer 4 (SIMPLE_EDGE), Reducer 9 (SIMPLE_EDGE)
Reducer 6 <- Reducer 5 (SIMPLE_EDGE)
Reducer 7 <- Map 1 (SIMPLE_EDGE), Map 10 (SIMPLE_EDGE)
Reducer 8 <- Map 11 (SIMPLE_EDGE), Reducer 7 (SIMPLE_EDGE)
Reducer 9 <- Reducer 8 (SIMPLE_EDGE)

Stage-0
  Fetch Operator
    limit:-1
    Stage-1
      Reducer 6 vectorized
      File Output Operator [FS_100]
        Select Operator [SEL_99] (rows=21054 width=56)
          Output:["_col0","_col1","_col2","_col3","_col4","_col5","_col6","_col7","_col8","_col9"]
        <-Reducer 5 [SIMPLE_EDGE]
          SHUFFLE [RS_44]
            Merge Join Operator [MERGEJOIN_76] (rows=21054 width=48)
              Conds:RS_93._col0, _col1=RS_98._col0, _col1(Inner),Output:["_col0","_col1","_col2","_col3","_col4","_col5","_col6","_col7"]
            <-Reducer 4 [SIMPLE_EDGE] vectorized
              SHUFFLE [RS_93]
                PartitionCols:_col0, _col1
                Select Operator [SEL_92] (rows=6016 width=24)
                  Output:["_col0","_col1","_col2","_col3"]
                  Filter Operator [FIL_91] (rows=6016 width=40)
                    predicate:(((UDFToDouble(_col3) / _col4) = 0) is not true and ((power(((_col5 - ((_col6 * _col6) / _col4)) / CASE WHEN ((_col4 = 1L)) THEN (null) ELSE ((_col4 - 1)) END), 0.5) / (UDFToDouble(_col3) / _col4)) > 1.0D))
                    Select Operator [SEL_90] (rows=36099 width=40)
                      Output:["_col0","_col1","_col3","_col4","_col5","_col6"]
                      Group By Operator [GBY_89] (rows=36099 width=140)
                        Output:["_col0","_col1","_col2","_col3","_col4","_col5","_col6"],aggregations:["sum(VALUE._col0)","count(VALUE._col1)","sum(VALUE._col2)","sum(VALUE._col3)"],keys:KEY._col0, KEY._col1, KEY._col2
                      <-Reducer 3 [SIMPLE_EDGE]
                        SHUFFLE [RS_16]
                          PartitionCols:_col0, _col1, _col2
                          Group By Operator [GBY_15] (rows=36099 width=140)
                            Output:["_col0","_col1","_col2","_col3","_col4","_col5","_col6"],aggregations:["sum(_col3)","count(_col3)","sum(_col5)","sum(_col4)"],keys:_col1, _col2, _col0
                            Select Operator [SEL_13] (rows=1032514 width=108)
                              Output:["_col0","_col1","_col2","_col3","_col4","_col5"]
                              Merge Join Operator [MERGEJOIN_73] (rows=1032514 width=108)
                                Conds:RS_10._col1=RS_87._col0(Inner),Output:["_col2","_col3","_col5","_col6"]
                              <-Map 11 [SIMPLE_EDGE] vectorized
                                SHUFFLE [RS_87]
                                  PartitionCols:_col0
                                  Select Operator [SEL_86] (rows=27 width=104)
                                    Output:["_col0","_col1"]
                                    TableScan [TS_5] (rows=27 width=104)
                                      default@warehouse,warehouse,Tbl:COMPLETE,Col:COMPLETE,Output:["w_warehouse_sk","w_warehouse_name"]
                              <-Reducer 2 [SIMPLE_EDGE]
                                SHUFFLE [RS_10]
                                  PartitionCols:_col1
                                  Merge Join Operator [MERGEJOIN_72] (rows=1032514 width=8)
                                    Conds:RS_78._col0=RS_84._col0(Inner),Output:["_col1","_col2","_col3"]
                                  <-Map 1 [SIMPLE_EDGE] vectorized
                                    SHUFFLE [RS_78]
                                      PartitionCols:_col0
                                      Select Operator [SEL_77] (rows=37584000 width=15)
                                        Output:["_col0","_col1","_col2","_col3"]
                                        TableScan [TS_0] (rows=37584000 width=15)
                                          default@inventory,inventory,Tbl:COMPLETE,Col:COMPLETE,Output:["inv_date_sk","inv_item_sk","inv_warehouse_sk","inv_quantity_on_hand"]
                                  <-Map 10 [SIMPLE_EDGE] vectorized
                                    SHUFFLE [RS_84]
                                      PartitionCols:_col0
                                      Select Operator [SEL_82] (rows=50 width=4)
                                        Output:["_col0"]
                                        Filter Operator [FIL_80] (rows=50 width=12)
                                          predicate:((d_moy = 4) and (d_year = 1999))
                                          TableScan [TS_2] (rows=73049 width=12)
                                            default@date_dim,date_dim,Tbl:COMPLETE,Col:COMPLETE,Output:["d_date_sk","d_year","d_moy"]
            <-Reducer 9 [SIMPLE_EDGE] vectorized
              SHUFFLE [RS_98]
                PartitionCols:_col0, _col1
                Select Operator [SEL_97] (rows=6016 width=24)
                  Output:["_col0","_col1","_col2","_col3"]
                  Filter Operator [FIL_96] (rows=6016 width=40)
                    predicate:(((UDFToDouble(_col3) / _col4) = 0) is not true and ((power(((_col5 - ((_col6 * _col6) / _col4)) / CASE WHEN ((_col4 = 1L)) THEN (null) ELSE ((_col4 - 1)) END), 0.5) / (UDFToDouble(_col3) / _col4)) > 1.0D))
                    Select Operator [SEL_95] (rows=36099 width=40)
                      Output:["_col0","_col1","_col3","_col4","_col5","_col6"]
                      Group By Operator [GBY_94] (rows=36099 width=140)
                        Output:["_col0","_col1","_col2","_col3","_col4","_col5","_col6"],aggregations:["sum(VALUE._col0)","count(VALUE._col1)","sum(VALUE._col2)","sum(VALUE._col3)"],keys:KEY._col0, KEY._col1, KEY._col2
                      <-Reducer 8 [SIMPLE_EDGE]
                        SHUFFLE [RS_36]
                          PartitionCols:_col0, _col1, _col2
                          Group By Operator [GBY_35] (rows=36099 width=140)
                            Output:["_col0","_col1","_col2","_col3","_col4","_col5","_col6"],aggregations:["sum(_col3)","count(_col3)","sum(_col5)","sum(_col4)"],keys:_col1, _col2, _col0
                            Select Operator [SEL_33] (rows=1032514 width=108)
                              Output:["_col0","_col1","_col2","_col3","_col4","_col5"]
                              Merge Join Operator [MERGEJOIN_75] (rows=1032514 width=108)
                                Conds:RS_30._col1=RS_88._col0(Inner),Output:["_col2","_col3","_col5","_col6"]
                              <-Map 11 [SIMPLE_EDGE] vectorized
                                SHUFFLE [RS_88]
                                  PartitionCols:_col0
                                   Please refer to the previous Select Operator [SEL_86]
                              <-Reducer 7 [SIMPLE_EDGE]
                                SHUFFLE [RS_30]
                                  PartitionCols:_col1
                                  Merge Join Operator [MERGEJOIN_74] (rows=1032514 width=8)
                                    Conds:RS_79._col0=RS_85._col0(Inner),Output:["_col1","_col2","_col3"]
                                  <-Map 1 [SIMPLE_EDGE] vectorized
                                    SHUFFLE [RS_79]
                                      PartitionCols:_col0
                                       Please refer to the previous Select Operator [SEL_77]
                                  <-Map 10 [SIMPLE_EDGE] vectorized
                                    SHUFFLE [RS_85]
                                      PartitionCols:_col0
                                      Select Operator [SEL_83] (rows=50 width=4)
                                        Output:["_col0"]
                                        Filter Operator [FIL_81] (rows=50 width=12)
                                          predicate:((d_moy = 5) and (d_year = 1999))
                                           Please refer to the previous TableScan [TS_2]

PREHOOK: query: with inv as
(select w_warehouse_name,w_warehouse_sk,i_item_sk,d_moy
       ,stdev,mean, case mean when 0 then null else stdev/mean end cov
 from(select w_warehouse_name,w_warehouse_sk,i_item_sk,d_moy
            ,stddev_samp(inv_quantity_on_hand) stdev,avg(inv_quantity_on_hand) mean
      from inventory
          ,item
          ,warehouse
          ,date_dim
      where inv_item_sk = i_item_sk
        and inv_warehouse_sk = w_warehouse_sk
        and inv_date_sk = d_date_sk
        and d_year =1999
      group by w_warehouse_name,w_warehouse_sk,i_item_sk,d_moy) foo
 where case mean when 0 then 0 else stdev/mean end > 1)
select inv1.w_warehouse_sk,inv1.i_item_sk,inv1.d_moy,inv1.mean, inv1.cov
        ,inv2.w_warehouse_sk,inv2.i_item_sk,inv2.d_moy,inv2.mean, inv2.cov
from inv inv1,inv inv2
where inv1.i_item_sk = inv2.i_item_sk
  and inv1.w_warehouse_sk =  inv2.w_warehouse_sk
  and inv1.d_moy=4
  and inv2.d_moy=4+1
  and inv1.cov > 1.5
order by inv1.w_warehouse_sk,inv1.i_item_sk,inv1.d_moy,inv1.mean,inv1.cov
        ,inv2.d_moy,inv2.mean, inv2.cov
PREHOOK: type: QUERY
PREHOOK: Input: default@date_dim
PREHOOK: Input: default@inventory
PREHOOK: Input: default@item
PREHOOK: Input: default@warehouse
PREHOOK: Output: hdfs://### HDFS PATH ###
POSTHOOK: query: with inv as
(select w_warehouse_name,w_warehouse_sk,i_item_sk,d_moy
       ,stdev,mean, case mean when 0 then null else stdev/mean end cov
 from(select w_warehouse_name,w_warehouse_sk,i_item_sk,d_moy
            ,stddev_samp(inv_quantity_on_hand) stdev,avg(inv_quantity_on_hand) mean
      from inventory
          ,item
          ,warehouse
          ,date_dim
      where inv_item_sk = i_item_sk
        and inv_warehouse_sk = w_warehouse_sk
        and inv_date_sk = d_date_sk
        and d_year =1999
      group by w_warehouse_name,w_warehouse_sk,i_item_sk,d_moy) foo
 where case mean when 0 then 0 else stdev/mean end > 1)
select inv1.w_warehouse_sk,inv1.i_item_sk,inv1.d_moy,inv1.mean, inv1.cov
        ,inv2.w_warehouse_sk,inv2.i_item_sk,inv2.d_moy,inv2.mean, inv2.cov
from inv inv1,inv inv2
where inv1.i_item_sk = inv2.i_item_sk
  and inv1.w_warehouse_sk =  inv2.w_warehouse_sk
  and inv1.d_moy=4
  and inv2.d_moy=4+1
  and inv1.cov > 1.5
order by inv1.w_warehouse_sk,inv1.i_item_sk,inv1.d_moy,inv1.mean,inv1.cov
        ,inv2.d_moy,inv2.mean, inv2.cov
POSTHOOK: type: QUERY
POSTHOOK: Input: default@date_dim
POSTHOOK: Input: default@inventory
POSTHOOK: Input: default@item
POSTHOOK: Input: default@warehouse
POSTHOOK: Output: hdfs://### HDFS PATH ###
