Warning: Shuffle Join MERGEJOIN[181][tables = [$hdt$_2, $hdt$_3]] in Stage 'Reducer 3' is a cross product
Warning: Shuffle Join MERGEJOIN[182][tables = [$hdt$_2, $hdt$_3, $hdt$_1]] in Stage 'Reducer 4' is a cross product
Warning: Shuffle Join MERGEJOIN[190][tables = [$hdt$_1, $hdt$_2]] in Stage 'Reducer 14' is a cross product
Warning: Shuffle Join MERGEJOIN[191][tables = [$hdt$_1, $hdt$_2, $hdt$_0]] in Stage 'Reducer 8' is a cross product
PREHOOK: query: explain
with my_customers as (
 select distinct c_customer_sk
        , c_current_addr_sk
 from   
        ( select cs_sold_date_sk sold_date_sk,
                 cs_bill_customer_sk customer_sk,
                 cs_item_sk item_sk
          from   catalog_sales
          union all
          select ws_sold_date_sk sold_date_sk,
                 ws_bill_customer_sk customer_sk,
                 ws_item_sk item_sk
          from   web_sales
         ) cs_or_ws_sales,
         item,
         date_dim,
         customer
 where   sold_date_sk = d_date_sk
         and item_sk = i_item_sk
         and i_category = 'Jewelry'
         and i_class = 'consignment'
         and c_customer_sk = cs_or_ws_sales.customer_sk
         and d_moy = 3
         and d_year = 1999
 )
 , my_revenue as (
 select c_customer_sk,
        sum(ss_ext_sales_price) as revenue
 from   my_customers,
        store_sales,
        customer_address,
        store,
        date_dim
 where  c_current_addr_sk = ca_address_sk
        and ca_county = s_county
        and ca_state = s_state
        and ss_sold_date_sk = d_date_sk
        and c_customer_sk = ss_customer_sk
        and d_month_seq between (select distinct d_month_seq+1
                                 from   date_dim where d_year = 1999 and d_moy = 3)
                           and  (select distinct d_month_seq+3
                                 from   date_dim where d_year = 1999 and d_moy = 3)
 group by c_customer_sk
 )
 , segments as
 (select cast((revenue/50) as int) as segment
  from   my_revenue
 )
  select  segment, count(*) as num_customers, segment*50 as segment_base
 from segments
 group by segment
 order by segment, num_customers
 limit 100
PREHOOK: type: QUERY
PREHOOK: Input: default@catalog_sales
PREHOOK: Input: default@customer
PREHOOK: Input: default@customer_address
PREHOOK: Input: default@date_dim
PREHOOK: Input: default@item
PREHOOK: Input: default@store
PREHOOK: Input: default@store_sales
PREHOOK: Input: default@web_sales
PREHOOK: Output: hdfs://### HDFS PATH ###
POSTHOOK: query: explain
with my_customers as (
 select distinct c_customer_sk
        , c_current_addr_sk
 from   
        ( select cs_sold_date_sk sold_date_sk,
                 cs_bill_customer_sk customer_sk,
                 cs_item_sk item_sk
          from   catalog_sales
          union all
          select ws_sold_date_sk sold_date_sk,
                 ws_bill_customer_sk customer_sk,
                 ws_item_sk item_sk
          from   web_sales
         ) cs_or_ws_sales,
         item,
         date_dim,
         customer
 where   sold_date_sk = d_date_sk
         and item_sk = i_item_sk
         and i_category = 'Jewelry'
         and i_class = 'consignment'
         and c_customer_sk = cs_or_ws_sales.customer_sk
         and d_moy = 3
         and d_year = 1999
 )
 , my_revenue as (
 select c_customer_sk,
        sum(ss_ext_sales_price) as revenue
 from   my_customers,
        store_sales,
        customer_address,
        store,
        date_dim
 where  c_current_addr_sk = ca_address_sk
        and ca_county = s_county
        and ca_state = s_state
        and ss_sold_date_sk = d_date_sk
        and c_customer_sk = ss_customer_sk
        and d_month_seq between (select distinct d_month_seq+1
                                 from   date_dim where d_year = 1999 and d_moy = 3)
                           and  (select distinct d_month_seq+3
                                 from   date_dim where d_year = 1999 and d_moy = 3)
 group by c_customer_sk
 )
 , segments as
 (select cast((revenue/50) as int) as segment
  from   my_revenue
 )
  select  segment, count(*) as num_customers, segment*50 as segment_base
 from segments
 group by segment
 order by segment, num_customers
 limit 100
POSTHOOK: type: QUERY
POSTHOOK: Input: default@catalog_sales
POSTHOOK: Input: default@customer
POSTHOOK: Input: default@customer_address
POSTHOOK: Input: default@date_dim
POSTHOOK: Input: default@item
POSTHOOK: Input: default@store
POSTHOOK: Input: default@store_sales
POSTHOOK: Input: default@web_sales
POSTHOOK: Output: hdfs://### HDFS PATH ###
Plan optimized by CBO.

Vertex dependency in root stage
Map 19 <- Union 20 (CONTAINS)
Map 25 <- Union 20 (CONTAINS)
Reducer 10 <- Reducer 9 (SIMPLE_EDGE)
Reducer 11 <- Reducer 10 (SIMPLE_EDGE)
Reducer 12 <- Reducer 2 (CUSTOM_SIMPLE_EDGE)
Reducer 13 <- Map 1 (SIMPLE_EDGE)
Reducer 14 <- Reducer 13 (CUSTOM_SIMPLE_EDGE), Reducer 16 (CUSTOM_SIMPLE_EDGE)
Reducer 15 <- Map 1 (SIMPLE_EDGE)
Reducer 16 <- Reducer 15 (CUSTOM_SIMPLE_EDGE)
Reducer 2 <- Map 1 (SIMPLE_EDGE)
Reducer 21 <- Map 26 (SIMPLE_EDGE), Union 20 (SIMPLE_EDGE)
Reducer 22 <- Map 27 (SIMPLE_EDGE), Reducer 21 (SIMPLE_EDGE)
Reducer 23 <- Map 28 (SIMPLE_EDGE), Reducer 22 (SIMPLE_EDGE)
Reducer 24 <- Reducer 23 (SIMPLE_EDGE)
Reducer 3 <- Reducer 12 (CUSTOM_SIMPLE_EDGE), Reducer 2 (CUSTOM_SIMPLE_EDGE)
Reducer 30 <- Map 29 (SIMPLE_EDGE), Map 31 (SIMPLE_EDGE)
Reducer 4 <- Map 17 (CUSTOM_SIMPLE_EDGE), Reducer 3 (CUSTOM_SIMPLE_EDGE)
Reducer 5 <- Map 18 (SIMPLE_EDGE), Reducer 4 (SIMPLE_EDGE)
Reducer 6 <- Reducer 24 (SIMPLE_EDGE), Reducer 5 (SIMPLE_EDGE)
Reducer 7 <- Reducer 30 (SIMPLE_EDGE), Reducer 6 (SIMPLE_EDGE)
Reducer 8 <- Reducer 14 (CUSTOM_SIMPLE_EDGE), Reducer 7 (CUSTOM_SIMPLE_EDGE)
Reducer 9 <- Reducer 8 (SIMPLE_EDGE)

Stage-0
  Fetch Operator
    limit:100
    Stage-1
      Reducer 11 vectorized
      File Output Operator [FS_262]
        Limit [LIM_261] (rows=1 width=16)
          Number of rows:100
          Select Operator [SEL_260] (rows=1 width=16)
            Output:["_col0","_col1","_col2"]
          <-Reducer 10 [SIMPLE_EDGE] vectorized
            SHUFFLE [RS_259]
              Select Operator [SEL_258] (rows=1 width=16)
                Output:["_col0","_col1","_col2"]
                Group By Operator [GBY_257] (rows=1 width=12)
                  Output:["_col0","_col1"],aggregations:["count(VALUE._col0)"],keys:KEY._col0
                <-Reducer 9 [SIMPLE_EDGE] vectorized
                  SHUFFLE [RS_256]
                    PartitionCols:_col0
                    Group By Operator [GBY_255] (rows=1 width=12)
                      Output:["_col0","_col1"],aggregations:["count()"],keys:_col0
                      Select Operator [SEL_254] (rows=1 width=116)
                        Output:["_col0"]
                        Group By Operator [GBY_253] (rows=1 width=116)
                          Output:["_col0","_col1"],aggregations:["sum(VALUE._col0)"],keys:KEY._col0
                        <-Reducer 8 [SIMPLE_EDGE]
                          SHUFFLE [RS_118]
                            PartitionCols:_col0
                            Group By Operator [GBY_117] (rows=1 width=116)
                              Output:["_col0","_col1"],aggregations:["sum(_col1)"],keys:_col0
                              Select Operator [SEL_116] (rows=13675 width=123)
                                Output:["_col0","_col1"]
                                Filter Operator [FIL_115] (rows=13675 width=123)
                                  predicate:_col2 BETWEEN _col3 AND _col4
                                  Select Operator [SEL_114] (rows=123075 width=123)
                                    Output:["_col0","_col1","_col2","_col3","_col4"]
                                    Merge Join Operator [MERGEJOIN_191] (rows=123075 width=123)
                                      Conds:(Inner),Output:["_col0","_col2","_col6","_col13","_col15"]
                                    <-Reducer 14 [CUSTOM_SIMPLE_EDGE]
                                      PARTITION_ONLY_SHUFFLE [RS_111]
                                        Merge Join Operator [MERGEJOIN_190] (rows=25 width=4)
                                          Conds:(Right Outer),Output:["_col0"]
                                        <-Reducer 13 [CUSTOM_SIMPLE_EDGE] vectorized
                                          PARTITION_ONLY_SHUFFLE [RS_244]
                                            Group By Operator [GBY_243] (rows=25 width=4)
                                              Output:["_col0"],keys:KEY._col0
                                            <-Map 1 [SIMPLE_EDGE] vectorized
                                              SHUFFLE [RS_210]
                                                PartitionCols:_col0
                                                Group By Operator [GBY_207] (rows=25 width=4)
                                                  Output:["_col0"],keys:_col0
                                                  Select Operator [SEL_204] (rows=50 width=12)
                                                    Output:["_col0"]
                                                    Filter Operator [FIL_202] (rows=50 width=12)
                                                      predicate:((d_moy = 3) and (d_year = 1999))
                                                      TableScan [TS_23] (rows=73049 width=12)
                                                        default@date_dim,date_dim,Tbl:COMPLETE,Col:COMPLETE,Output:["d_month_seq","d_year","d_moy"]
                                        <-Reducer 16 [CUSTOM_SIMPLE_EDGE] vectorized
                                          PARTITION_ONLY_SHUFFLE [RS_252]
                                            Select Operator [SEL_251] (rows=1 width=8)
                                              Filter Operator [FIL_250] (rows=1 width=8)
                                                predicate:(sq_count_check(_col0) <= 1)
                                                Group By Operator [GBY_249] (rows=1 width=8)
                                                  Output:["_col0"],aggregations:["count(VALUE._col0)"]
                                                <-Reducer 15 [CUSTOM_SIMPLE_EDGE] vectorized
                                                  PARTITION_ONLY_SHUFFLE [RS_248]
                                                    Group By Operator [GBY_247] (rows=1 width=8)
                                                      Output:["_col0"],aggregations:["count()"]
                                                      Select Operator [SEL_246] (rows=25 width=4)
                                                        Group By Operator [GBY_245] (rows=25 width=4)
                                                          Output:["_col0"],keys:KEY._col0
                                                        <-Map 1 [SIMPLE_EDGE] vectorized
                                                          SHUFFLE [RS_211]
                                                            PartitionCols:_col0
                                                            Group By Operator [GBY_208] (rows=25 width=4)
                                                              Output:["_col0"],keys:_col0
                                                              Select Operator [SEL_205] (rows=50 width=12)
                                                                Output:["_col0"]
                                                                 Please refer to the previous Filter Operator [FIL_202]
                                    <-Reducer 7 [CUSTOM_SIMPLE_EDGE]
                                      PARTITION_ONLY_SHUFFLE [RS_112]
                                        Select Operator [SEL_107] (rows=4923 width=12)
                                          Output:["_col0","_col4","_col11","_col13"]
                                          Merge Join Operator [MERGEJOIN_189] (rows=4923 width=12)
                                            Conds:RS_104._col8=RS_105._col0(Inner),Output:["_col0","_col3","_col6","_col7"]
                                          <-Reducer 30 [SIMPLE_EDGE]
                                            SHUFFLE [RS_105]
                                              PartitionCols:_col0
                                              Merge Join Operator [MERGEJOIN_187] (rows=39720279 width=4)
                                                Conds:RS_239._col1, _col2=RS_242._col0, _col1(Inner),Output:["_col0"]
                                              <-Map 29 [SIMPLE_EDGE] vectorized
                                                SHUFFLE [RS_239]
                                                  PartitionCols:_col1, _col2
                                                  Select Operator [SEL_238] (rows=40000000 width=188)
                                                    Output:["_col0","_col1","_col2"]
                                                    Filter Operator [FIL_237] (rows=40000000 width=188)
                                                      predicate:(ca_county is not null and ca_state is not null)
                                                      TableScan [TS_82] (rows=40000000 width=188)
                                                        default@customer_address,customer_address,Tbl:COMPLETE,Col:COMPLETE,Output:["ca_address_sk","ca_county","ca_state"]
                                              <-Map 31 [SIMPLE_EDGE] vectorized
                                                SHUFFLE [RS_242]
                                                  PartitionCols:_col0, _col1
                                                  Select Operator [SEL_241] (rows=1704 width=184)
                                                    Output:["_col0","_col1"]
                                                    Filter Operator [FIL_240] (rows=1704 width=184)
                                                      predicate:(s_county is not null and s_state is not null)
                                                      TableScan [TS_85] (rows=1704 width=184)
                                                        default@store,store,Tbl:COMPLETE,Col:COMPLETE,Output:["s_county","s_state"]
                                          <-Reducer 6 [SIMPLE_EDGE]
                                            SHUFFLE [RS_104]
                                              PartitionCols:_col8
                                              Merge Join Operator [MERGEJOIN_188] (rows=4923 width=16)
                                                Conds:RS_101._col5=RS_236._col0(Inner),Output:["_col0","_col3","_col6","_col7","_col8"]
                                              <-Reducer 24 [SIMPLE_EDGE] vectorized
                                                SHUFFLE [RS_236]
                                                  PartitionCols:_col0
                                                  Group By Operator [GBY_235] (rows=55046 width=8)
                                                    Output:["_col0","_col1"],keys:KEY._col0, KEY._col1
                                                  <-Reducer 23 [SIMPLE_EDGE]
                                                    SHUFFLE [RS_79]
                                                      PartitionCols:_col0, _col1
                                                      Group By Operator [GBY_78] (rows=55046 width=8)
                                                        Output:["_col0","_col1"],keys:_col5, _col6
                                                        Merge Join Operator [MERGEJOIN_186] (rows=110092 width=8)
                                                          Conds:RS_74._col1=RS_234._col0(Inner),Output:["_col5","_col6"]
                                                        <-Map 28 [SIMPLE_EDGE] vectorized
                                                          SHUFFLE [RS_234]
                                                            PartitionCols:_col0
                                                            Select Operator [SEL_233] (rows=80000000 width=8)
                                                              Output:["_col0","_col1"]
                                                              Filter Operator [FIL_232] (rows=80000000 width=8)
                                                                predicate:c_current_addr_sk is not null
                                                                TableScan [TS_65] (rows=80000000 width=8)
                                                                  default@customer,customer,Tbl:COMPLETE,Col:COMPLETE,Output:["c_customer_sk","c_current_addr_sk"]
                                                        <-Reducer 22 [SIMPLE_EDGE]
                                                          SHUFFLE [RS_74]
                                                            PartitionCols:_col1
                                                            Merge Join Operator [MERGEJOIN_185] (rows=110092 width=0)
                                                              Conds:RS_71._col2=RS_231._col0(Inner),Output:["_col1"]
                                                            <-Map 27 [SIMPLE_EDGE] vectorized
                                                              SHUFFLE [RS_231]
                                                                PartitionCols:_col0
                                                                Select Operator [SEL_230] (rows=453 width=4)
                                                                  Output:["_col0"]
                                                                  Filter Operator [FIL_229] (rows=453 width=186)
                                                                    predicate:((i_category = 'Jewelry') and (i_class = 'consignment'))
                                                                    TableScan [TS_62] (rows=462000 width=186)
                                                                      default@item,item,Tbl:COMPLETE,Col:COMPLETE,Output:["i_item_sk","i_class","i_category"]
                                                            <-Reducer 21 [SIMPLE_EDGE]
                                                              SHUFFLE [RS_71]
                                                                PartitionCols:_col2
                                                                Merge Join Operator [MERGEJOIN_184] (rows=11665117 width=7)
                                                                  Conds:Union 20._col0=RS_228._col0(Inner),Output:["_col1","_col2"]
                                                                <-Map 26 [SIMPLE_EDGE] vectorized
                                                                  SHUFFLE [RS_228]
                                                                    PartitionCols:_col0
                                                                    Select Operator [SEL_227] (rows=50 width=4)
                                                                      Output:["_col0"]
                                                                      Filter Operator [FIL_226] (rows=50 width=12)
                                                                        predicate:((d_moy = 3) and (d_year = 1999))
                                                                        TableScan [TS_59] (rows=73049 width=12)
                                                                          default@date_dim,date_dim,Tbl:COMPLETE,Col:COMPLETE,Output:["d_date_sk","d_year","d_moy"]
                                                                <-Union 20 [SIMPLE_EDGE]
                                                                  <-Map 19 [CONTAINS] vectorized
                                                                    Reduce Output Operator [RS_265]
                                                                      PartitionCols:_col0
                                                                      Select Operator [SEL_264] (rows=285117831 width=11)
                                                                        Output:["_col0","_col1","_col2"]
                                                                        Filter Operator [FIL_263] (rows=285117831 width=11)
                                                                          predicate:(cs_bill_customer_sk is not null and cs_sold_date_sk is not null)
                                                                          TableScan [TS_192] (rows=287989836 width=11)
                                                                            Output:["cs_sold_date_sk","cs_bill_customer_sk","cs_item_sk"]
                                                                  <-Map 25 [CONTAINS] vectorized
                                                                    Reduce Output Operator [RS_268]
                                                                      PartitionCols:_col0
                                                                      Select Operator [SEL_267] (rows=143930993 width=11)
                                                                        Output:["_col0","_col1","_col2"]
                                                                        Filter Operator [FIL_266] (rows=143930993 width=11)
                                                                          predicate:(ws_bill_customer_sk is not null and ws_sold_date_sk is not null)
                                                                          TableScan [TS_197] (rows=144002668 width=11)
                                                                            Output:["ws_sold_date_sk","ws_item_sk","ws_bill_customer_sk"]
                                              <-Reducer 5 [SIMPLE_EDGE]
                                                SHUFFLE [RS_101]
                                                  PartitionCols:_col5
                                                  Merge Join Operator [MERGEJOIN_183] (rows=287690 width=8)
                                                    Conds:RS_98._col2=RS_225._col0(Inner),Output:["_col0","_col3","_col5","_col6"]
                                                  <-Map 18 [SIMPLE_EDGE] vectorized
                                                    SHUFFLE [RS_225]
                                                      PartitionCols:_col0
                                                      Select Operator [SEL_224] (rows=525327388 width=114)
                                                        Output:["_col0","_col1","_col2"]
                                                        Filter Operator [FIL_223] (rows=525327388 width=114)
                                                          predicate:(ss_customer_sk is not null and ss_sold_date_sk is not null)
                                                          TableScan [TS_48] (rows=575995635 width=114)
                                                            default@store_sales,store_sales,Tbl:COMPLETE,Col:COMPLETE,Output:["ss_sold_date_sk","ss_customer_sk","ss_ext_sales_price"]
                                                  <-Reducer 4 [SIMPLE_EDGE]
                                                    SHUFFLE [RS_98]
                                                      PartitionCols:_col2
                                                      Merge Join Operator [MERGEJOIN_182] (rows=1826225 width=12)
                                                        Conds:(Inner),Output:["_col0","_col2","_col3"]
                                                      <-Map 17 [CUSTOM_SIMPLE_EDGE] vectorized
                                                        PARTITION_ONLY_SHUFFLE [RS_222]
                                                          Select Operator [SEL_221] (rows=73049 width=8)
                                                            Output:["_col0","_col1"]
                                                            TableScan [TS_46] (rows=73049 width=8)
                                                              default@date_dim,date_dim,Tbl:COMPLETE,Col:COMPLETE,Output:["d_date_sk","d_month_seq"]
                                                      <-Reducer 3 [CUSTOM_SIMPLE_EDGE]
                                                        PARTITION_ONLY_SHUFFLE [RS_95]
                                                          Merge Join Operator [MERGEJOIN_181] (rows=25 width=4)
                                                            Conds:(Right Outer),Output:["_col0"]
                                                          <-Reducer 2 [CUSTOM_SIMPLE_EDGE] vectorized
                                                            PARTITION_ONLY_SHUFFLE [RS_213]
                                                              Group By Operator [GBY_212] (rows=25 width=4)
                                                                Output:["_col0"],keys:KEY._col0
                                                              <-Map 1 [SIMPLE_EDGE] vectorized
                                                                SHUFFLE [RS_209]
                                                                  PartitionCols:_col0
                                                                  Group By Operator [GBY_206] (rows=25 width=4)
                                                                    Output:["_col0"],keys:_col0
                                                                    Select Operator [SEL_203] (rows=50 width=12)
                                                                      Output:["_col0"]
                                                                       Please refer to the previous Filter Operator [FIL_202]
                                                          <-Reducer 12 [CUSTOM_SIMPLE_EDGE] vectorized
                                                            PARTITION_ONLY_SHUFFLE [RS_220]
                                                              Select Operator [SEL_219] (rows=1 width=8)
                                                                Filter Operator [FIL_218] (rows=1 width=8)
                                                                  predicate:(sq_count_check(_col0) <= 1)
                                                                  Group By Operator [GBY_217] (rows=1 width=8)
                                                                    Output:["_col0"],aggregations:["count(VALUE._col0)"]
                                                                  <-Reducer 2 [CUSTOM_SIMPLE_EDGE] vectorized
                                                                    PARTITION_ONLY_SHUFFLE [RS_216]
                                                                      Group By Operator [GBY_215] (rows=1 width=8)
                                                                        Output:["_col0"],aggregations:["count()"]
                                                                        Select Operator [SEL_214] (rows=25 width=4)
                                                                           Please refer to the previous Group By Operator [GBY_212]

