PREHOOK: query: explain
select count(*) 
from ((select distinct c_last_name, c_first_name, d_date
       from store_sales, date_dim, customer
       where store_sales.ss_sold_date_sk = date_dim.d_date_sk
         and store_sales.ss_customer_sk = customer.c_customer_sk
         and d_month_seq between 1212 and 1212+11)
       except
      (select distinct c_last_name, c_first_name, d_date
       from catalog_sales, date_dim, customer
       where catalog_sales.cs_sold_date_sk = date_dim.d_date_sk
         and catalog_sales.cs_bill_customer_sk = customer.c_customer_sk
         and d_month_seq between 1212 and 1212+11)
       except
      (select distinct c_last_name, c_first_name, d_date
       from web_sales, date_dim, customer
       where web_sales.ws_sold_date_sk = date_dim.d_date_sk
         and web_sales.ws_bill_customer_sk = customer.c_customer_sk
         and d_month_seq between 1212 and 1212+11)
) cool_cust
PREHOOK: type: QUERY
PREHOOK: Input: default@catalog_sales
PREHOOK: Input: default@customer
PREHOOK: Input: default@date_dim
PREHOOK: Input: default@store_sales
PREHOOK: Input: default@web_sales
PREHOOK: Output: hdfs://### HDFS PATH ###
POSTHOOK: query: explain
select count(*) 
from ((select distinct c_last_name, c_first_name, d_date
       from store_sales, date_dim, customer
       where store_sales.ss_sold_date_sk = date_dim.d_date_sk
         and store_sales.ss_customer_sk = customer.c_customer_sk
         and d_month_seq between 1212 and 1212+11)
       except
      (select distinct c_last_name, c_first_name, d_date
       from catalog_sales, date_dim, customer
       where catalog_sales.cs_sold_date_sk = date_dim.d_date_sk
         and catalog_sales.cs_bill_customer_sk = customer.c_customer_sk
         and d_month_seq between 1212 and 1212+11)
       except
      (select distinct c_last_name, c_first_name, d_date
       from web_sales, date_dim, customer
       where web_sales.ws_sold_date_sk = date_dim.d_date_sk
         and web_sales.ws_bill_customer_sk = customer.c_customer_sk
         and d_month_seq between 1212 and 1212+11)
) cool_cust
POSTHOOK: type: QUERY
POSTHOOK: Input: default@catalog_sales
POSTHOOK: Input: default@customer
POSTHOOK: Input: default@date_dim
POSTHOOK: Input: default@store_sales
POSTHOOK: Input: default@web_sales
POSTHOOK: Output: hdfs://### HDFS PATH ###
Plan optimized by CBO.

Vertex dependency in root stage
Reducer 11 <- Map 10 (SIMPLE_EDGE), Map 18 (SIMPLE_EDGE)
Reducer 12 <- Map 17 (SIMPLE_EDGE), Reducer 11 (SIMPLE_EDGE)
Reducer 13 <- Reducer 12 (SIMPLE_EDGE), Union 5 (CONTAINS)
Reducer 14 <- Map 10 (SIMPLE_EDGE), Map 19 (SIMPLE_EDGE)
Reducer 15 <- Map 17 (SIMPLE_EDGE), Reducer 14 (SIMPLE_EDGE)
Reducer 16 <- Reducer 15 (SIMPLE_EDGE), Union 7 (CONTAINS)
Reducer 2 <- Map 1 (SIMPLE_EDGE), Map 10 (SIMPLE_EDGE)
Reducer 3 <- Map 17 (SIMPLE_EDGE), Reducer 2 (SIMPLE_EDGE)
Reducer 4 <- Reducer 3 (SIMPLE_EDGE), Union 5 (CONTAINS)
Reducer 6 <- Union 5 (SIMPLE_EDGE), Union 7 (CONTAINS)
Reducer 8 <- Union 7 (SIMPLE_EDGE)
Reducer 9 <- Reducer 8 (CUSTOM_SIMPLE_EDGE)

Stage-0
  Fetch Operator
    limit:-1
    Stage-1
      Reducer 9 vectorized
      File Output Operator [FS_197]
        Group By Operator [GBY_196] (rows=1 width=8)
          Output:["_col0"],aggregations:["count(VALUE._col0)"]
        <-Reducer 8 [CUSTOM_SIMPLE_EDGE] vectorized
          PARTITION_ONLY_SHUFFLE [RS_195]
            Group By Operator [GBY_194] (rows=1 width=8)
              Output:["_col0"],aggregations:["count()"]
              Select Operator [SEL_193] (rows=8062883 width=16)
                Filter Operator [FIL_192] (rows=8062883 width=16)
                  predicate:(((_col3 * 2) = _col4) and (_col3 > 0L))
                  Select Operator [SEL_191] (rows=48377300 width=16)
                    Output:["_col3","_col4"]
                    Group By Operator [GBY_190] (rows=48377300 width=290)
                      Output:["_col0","_col1","_col2","_col3","_col4"],aggregations:["sum(VALUE._col0)","sum(VALUE._col1)"],keys:KEY._col0, KEY._col1, KEY._col2
                    <-Union 7 [SIMPLE_EDGE]
                      <-Reducer 16 [CONTAINS] vectorized
                        Reduce Output Operator [RS_217]
                          PartitionCols:_col0, _col1, _col2
                          Group By Operator [GBY_216] (rows=48377300 width=290)
                            Output:["_col0","_col1","_col2","_col3","_col4"],aggregations:["sum(_col3)","sum(_col4)"],keys:_col0, _col1, _col2
                            Select Operator [SEL_215] (rows=48377300 width=290)
                              Output:["_col0","_col1","_col2","_col3","_col4"]
                              Select Operator [SEL_214] (rows=24986582 width=290)
                                Output:["_col0","_col1","_col2","_col3","_col4"]
                                Group By Operator [GBY_213] (rows=24986582 width=282)
                                  Output:["_col0","_col1","_col2","_col3"],aggregations:["count()"],keys:_col1, _col0, _col2
                                  Select Operator [SEL_212] (rows=24986582 width=274)
                                    Output:["_col0","_col1","_col2"]
                                    Group By Operator [GBY_211] (rows=24986582 width=274)
                                      Output:["_col0","_col1","_col2"],keys:KEY._col0, KEY._col1, KEY._col2
                                    <-Reducer 15 [SIMPLE_EDGE]
                                      SHUFFLE [RS_77]
                                        PartitionCols:_col0, _col1, _col2
                                        Group By Operator [GBY_76] (rows=24986582 width=274)
                                          Output:["_col0","_col1","_col2"],keys:_col6, _col5, _col3
                                          Merge Join Operator [MERGEJOIN_129] (rows=24986582 width=274)
                                            Conds:RS_72._col1=RS_174._col0(Inner),Output:["_col3","_col5","_col6"]
                                          <-Map 17 [SIMPLE_EDGE] vectorized
                                            SHUFFLE [RS_174]
                                              PartitionCols:_col0
                                              Select Operator [SEL_171] (rows=80000000 width=184)
                                                Output:["_col0","_col1","_col2"]
                                                TableScan [TS_6] (rows=80000000 width=184)
                                                  default@customer,customer,Tbl:COMPLETE,Col:COMPLETE,Output:["c_customer_sk","c_first_name","c_last_name"]
                                          <-Reducer 14 [SIMPLE_EDGE]
                                            SHUFFLE [RS_72]
                                              PartitionCols:_col1
                                              Merge Join Operator [MERGEJOIN_128] (rows=24986582 width=97)
                                                Conds:RS_210._col0=RS_170._col0(Inner),Output:["_col1","_col3"]
                                              <-Map 10 [SIMPLE_EDGE] vectorized
                                                SHUFFLE [RS_170]
                                                  PartitionCols:_col0
                                                  Select Operator [SEL_167] (rows=317 width=98)
                                                    Output:["_col0","_col1"]
                                                    Filter Operator [FIL_166] (rows=317 width=102)
                                                      predicate:d_month_seq BETWEEN 1212 AND 1223
                                                      TableScan [TS_3] (rows=73049 width=102)
                                                        default@date_dim,date_dim,Tbl:COMPLETE,Col:COMPLETE,Output:["d_date_sk","d_date","d_month_seq"]
                                              <-Map 19 [SIMPLE_EDGE] vectorized
                                                SHUFFLE [RS_210]
                                                  PartitionCols:_col0
                                                  Select Operator [SEL_209] (rows=143930993 width=7)
                                                    Output:["_col0","_col1"]
                                                    Filter Operator [FIL_208] (rows=143930993 width=7)
                                                      predicate:(ws_bill_customer_sk is not null and ws_sold_date_sk is not null)
                                                      TableScan [TS_61] (rows=144002668 width=7)
                                                        default@web_sales,web_sales,Tbl:COMPLETE,Col:COMPLETE,Output:["ws_sold_date_sk","ws_bill_customer_sk"]
                      <-Reducer 6 [CONTAINS] vectorized
                        Reduce Output Operator [RS_189]
                          PartitionCols:_col0, _col1, _col2
                          Group By Operator [GBY_188] (rows=48377300 width=290)
                            Output:["_col0","_col1","_col2","_col3","_col4"],aggregations:["sum(_col3)","sum(_col4)"],keys:_col0, _col1, _col2
                            Select Operator [SEL_187] (rows=48377300 width=290)
                              Output:["_col0","_col1","_col2","_col3","_col4"]
                              Select Operator [SEL_186] (rows=23390718 width=290)
                                Output:["_col0","_col1","_col2","_col3","_col4"]
                                Group By Operator [GBY_185] (rows=23390718 width=282)
                                  Output:["_col0","_col1","_col2","_col3"],aggregations:["count()"],keys:_col0, _col1, _col2
                                  Select Operator [SEL_184] (rows=23390718 width=290)
                                    Output:["_col0","_col1","_col2"]
                                    Filter Operator [FIL_183] (rows=23390718 width=290)
                                      predicate:(((_col3 * 2) = _col4) and (_col3 > 0L))
                                      Group By Operator [GBY_182] (rows=140344308 width=290)
                                        Output:["_col0","_col1","_col2","_col3","_col4"],aggregations:["sum(VALUE._col0)","sum(VALUE._col1)"],keys:KEY._col0, KEY._col1, KEY._col2
                                      <-Union 5 [SIMPLE_EDGE]
                                        <-Reducer 13 [CONTAINS] vectorized
                                          Reduce Output Operator [RS_207]
                                            PartitionCols:_col0, _col1, _col2
                                            Group By Operator [GBY_206] (rows=140344308 width=290)
                                              Output:["_col0","_col1","_col2","_col3","_col4"],aggregations:["sum(_col3)","sum(_col4)"],keys:_col0, _col1, _col2
                                              Select Operator [SEL_205] (rows=140344308 width=290)
                                                Output:["_col0","_col1","_col2","_col3","_col4"]
                                                Select Operator [SEL_204] (rows=49146883 width=290)
                                                  Output:["_col0","_col1","_col2","_col3","_col4"]
                                                  Group By Operator [GBY_203] (rows=49146883 width=282)
                                                    Output:["_col0","_col1","_col2","_col3"],aggregations:["count()"],keys:_col1, _col0, _col2
                                                    Select Operator [SEL_202] (rows=49146883 width=274)
                                                      Output:["_col0","_col1","_col2"]
                                                      Group By Operator [GBY_201] (rows=49146883 width=274)
                                                        Output:["_col0","_col1","_col2"],keys:KEY._col0, KEY._col1, KEY._col2
                                                      <-Reducer 12 [SIMPLE_EDGE]
                                                        SHUFFLE [RS_40]
                                                          PartitionCols:_col0, _col1, _col2
                                                          Group By Operator [GBY_39] (rows=49146883 width=274)
                                                            Output:["_col0","_col1","_col2"],keys:_col6, _col5, _col3
                                                            Merge Join Operator [MERGEJOIN_127] (rows=49146883 width=274)
                                                              Conds:RS_35._col1=RS_173._col0(Inner),Output:["_col3","_col5","_col6"]
                                                            <-Map 17 [SIMPLE_EDGE] vectorized
                                                              SHUFFLE [RS_173]
                                                                PartitionCols:_col0
                                                                 Please refer to the previous Select Operator [SEL_171]
                                                            <-Reducer 11 [SIMPLE_EDGE]
                                                              SHUFFLE [RS_35]
                                                                PartitionCols:_col1
                                                                Merge Join Operator [MERGEJOIN_126] (rows=49146883 width=97)
                                                                  Conds:RS_200._col0=RS_169._col0(Inner),Output:["_col1","_col3"]
                                                                <-Map 10 [SIMPLE_EDGE] vectorized
                                                                  SHUFFLE [RS_169]
                                                                    PartitionCols:_col0
                                                                     Please refer to the previous Select Operator [SEL_167]
                                                                <-Map 18 [SIMPLE_EDGE] vectorized
                                                                  SHUFFLE [RS_200]
                                                                    PartitionCols:_col0
                                                                    Select Operator [SEL_199] (rows=285117831 width=7)
                                                                      Output:["_col0","_col1"]
                                                                      Filter Operator [FIL_198] (rows=285117831 width=7)
                                                                        predicate:(cs_bill_customer_sk is not null and cs_sold_date_sk is not null)
                                                                        TableScan [TS_24] (rows=287989836 width=7)
                                                                          default@catalog_sales,catalog_sales,Tbl:COMPLETE,Col:COMPLETE,Output:["cs_sold_date_sk","cs_bill_customer_sk"]
                                        <-Reducer 4 [CONTAINS] vectorized
                                          Reduce Output Operator [RS_181]
                                            PartitionCols:_col0, _col1, _col2
                                            Group By Operator [GBY_180] (rows=140344308 width=290)
                                              Output:["_col0","_col1","_col2","_col3","_col4"],aggregations:["sum(_col3)","sum(_col4)"],keys:_col0, _col1, _col2
                                              Select Operator [SEL_179] (rows=140344308 width=290)
                                                Output:["_col0","_col1","_col2","_col3","_col4"]
                                                Select Operator [SEL_178] (rows=91197425 width=290)
                                                  Output:["_col0","_col1","_col2","_col3","_col4"]
                                                  Group By Operator [GBY_177] (rows=91197425 width=282)
                                                    Output:["_col0","_col1","_col2","_col3"],aggregations:["count()"],keys:_col1, _col0, _col2
                                                    Select Operator [SEL_176] (rows=91197425 width=274)
                                                      Output:["_col0","_col1","_col2"]
                                                      Group By Operator [GBY_175] (rows=91197425 width=274)
                                                        Output:["_col0","_col1","_col2"],keys:KEY._col0, KEY._col1, KEY._col2
                                                      <-Reducer 3 [SIMPLE_EDGE]
                                                        SHUFFLE [RS_16]
                                                          PartitionCols:_col0, _col1, _col2
                                                          Group By Operator [GBY_15] (rows=91197425 width=274)
                                                            Output:["_col0","_col1","_col2"],keys:_col6, _col5, _col3
                                                            Merge Join Operator [MERGEJOIN_125] (rows=91197425 width=274)
                                                              Conds:RS_11._col1=RS_172._col0(Inner),Output:["_col3","_col5","_col6"]
                                                            <-Map 17 [SIMPLE_EDGE] vectorized
                                                              SHUFFLE [RS_172]
                                                                PartitionCols:_col0
                                                                 Please refer to the previous Select Operator [SEL_171]
                                                            <-Reducer 2 [SIMPLE_EDGE]
                                                              SHUFFLE [RS_11]
                                                                PartitionCols:_col1
                                                                Merge Join Operator [MERGEJOIN_124] (rows=91197425 width=96)
                                                                  Conds:RS_165._col0=RS_168._col0(Inner),Output:["_col1","_col3"]
                                                                <-Map 10 [SIMPLE_EDGE] vectorized
                                                                  SHUFFLE [RS_168]
                                                                    PartitionCols:_col0
                                                                     Please refer to the previous Select Operator [SEL_167]
                                                                <-Map 1 [SIMPLE_EDGE] vectorized
                                                                  SHUFFLE [RS_165]
                                                                    PartitionCols:_col0
                                                                    Select Operator [SEL_164] (rows=525327388 width=7)
                                                                      Output:["_col0","_col1"]
                                                                      Filter Operator [FIL_163] (rows=525327388 width=7)
                                                                        predicate:(ss_customer_sk is not null and ss_sold_date_sk is not null)
                                                                        TableScan [TS_0] (rows=575995635 width=7)
                                                                          default@store_sales,store_sales,Tbl:COMPLETE,Col:COMPLETE,Output:["ss_sold_date_sk","ss_customer_sk"]

