PREHOOK: query: explain
select  
    sum(ss_net_profit)/sum(ss_ext_sales_price) as gross_margin
   ,i_category
   ,i_class
   ,grouping(i_category)+grouping(i_class) as lochierarchy
   ,rank() over (
 	partition by grouping(i_category)+grouping(i_class),
 	case when grouping(i_class) = 0 then i_category end 
 	order by sum(ss_net_profit)/sum(ss_ext_sales_price) asc) as rank_within_parent
 from
    store_sales
   ,date_dim       d1
   ,item
   ,store
 where
    d1.d_year = 1999 
 and d1.d_date_sk = ss_sold_date_sk
 and i_item_sk  = ss_item_sk 
 and s_store_sk  = ss_store_sk
 and s_state in ('SD','FL','MI','LA',
                 'MO','SC','AL','GA')
 group by rollup(i_category,i_class)
 order by
   lochierarchy desc
  ,case when lochierarchy = 0 then i_category end
  ,rank_within_parent
  limit 100
PREHOOK: type: QUERY
PREHOOK: Input: default@date_dim
PREHOOK: Input: default@item
PREHOOK: Input: default@store
PREHOOK: Input: default@store_sales
PREHOOK: Output: hdfs://### HDFS PATH ###
POSTHOOK: query: explain
select  
    sum(ss_net_profit)/sum(ss_ext_sales_price) as gross_margin
   ,i_category
   ,i_class
   ,grouping(i_category)+grouping(i_class) as lochierarchy
   ,rank() over (
 	partition by grouping(i_category)+grouping(i_class),
 	case when grouping(i_class) = 0 then i_category end 
 	order by sum(ss_net_profit)/sum(ss_ext_sales_price) asc) as rank_within_parent
 from
    store_sales
   ,date_dim       d1
   ,item
   ,store
 where
    d1.d_year = 1999 
 and d1.d_date_sk = ss_sold_date_sk
 and i_item_sk  = ss_item_sk 
 and s_store_sk  = ss_store_sk
 and s_state in ('SD','FL','MI','LA',
                 'MO','SC','AL','GA')
 group by rollup(i_category,i_class)
 order by
   lochierarchy desc
  ,case when lochierarchy = 0 then i_category end
  ,rank_within_parent
  limit 100
POSTHOOK: type: QUERY
POSTHOOK: Input: default@date_dim
POSTHOOK: Input: default@item
POSTHOOK: Input: default@store
POSTHOOK: Input: default@store_sales
POSTHOOK: Output: hdfs://### HDFS PATH ###
Plan optimized by CBO.

Vertex dependency in root stage
Reducer 2 <- Map 1 (SIMPLE_EDGE), Map 8 (SIMPLE_EDGE)
Reducer 3 <- Map 9 (SIMPLE_EDGE), Reducer 2 (SIMPLE_EDGE)
Reducer 4 <- Map 10 (SIMPLE_EDGE), Reducer 3 (SIMPLE_EDGE)
Reducer 5 <- Reducer 4 (SIMPLE_EDGE)
Reducer 6 <- Reducer 5 (SIMPLE_EDGE)
Reducer 7 <- Reducer 6 (SIMPLE_EDGE)

Stage-0
  Fetch Operator
    limit:-1
    Stage-1
      Reducer 7 vectorized
      File Output Operator [FS_72]
        Limit [LIM_71] (rows=100 width=490)
          Number of rows:100
          Select Operator [SEL_70] (rows=3060 width=490)
            Output:["_col0","_col1","_col2","_col3","_col4"]
          <-Reducer 6 [SIMPLE_EDGE] vectorized
            SHUFFLE [RS_69]
              Select Operator [SEL_68] (rows=3060 width=490)
                Output:["_col0","_col1","_col2","_col3","_col4","_col5"]
                PTF Operator [PTF_67] (rows=3060 width=414)
                  Function definitions:[{},{"name:":"windowingtablefunction","order by:":"(_col2 / _col3) ASC NULLS FIRST","partition by:":"(grouping(_col4, 1) + grouping(_col4, 0)), CASE WHEN ((grouping(_col4, 0) = 0)) THEN (_col0) ELSE (CAST( null AS STRING)) END"}]
                  Select Operator [SEL_66] (rows=3060 width=414)
                    Output:["_col0","_col1","_col2","_col3","_col4"]
                  <-Reducer 5 [SIMPLE_EDGE] vectorized
                    SHUFFLE [RS_65]
                      PartitionCols:(grouping(_col4, 1) + grouping(_col4, 0)), CASE WHEN ((grouping(_col4, 0) = 0)) THEN (_col0) ELSE (CAST( null AS STRING)) END
                      Select Operator [SEL_64] (rows=3060 width=414)
                        Output:["_col0","_col1","_col2","_col3","_col4"]
                        Group By Operator [GBY_63] (rows=3060 width=414)
                          Output:["_col0","_col1","_col2","_col3","_col4"],aggregations:["sum(VALUE._col0)","sum(VALUE._col1)"],keys:KEY._col0, KEY._col1, KEY._col2
                        <-Reducer 4 [SIMPLE_EDGE]
                          SHUFFLE [RS_23]
                            PartitionCols:_col0, _col1, _col2
                            Group By Operator [GBY_22] (rows=85680 width=414)
                              Output:["_col0","_col1","_col2","_col3","_col4"],aggregations:["sum(_col2)","sum(_col3)"],keys:_col0, _col1, 0L
                              Select Operator [SEL_20] (rows=30601888 width=232)
                                Output:["_col0","_col1","_col2","_col3"]
                                Merge Join Operator [MERGEJOIN_51] (rows=30601888 width=232)
                                  Conds:RS_17._col1=RS_62._col0(Inner),Output:["_col3","_col4","_col8","_col9"]
                                <-Map 10 [SIMPLE_EDGE] vectorized
                                  SHUFFLE [RS_62]
                                    PartitionCols:_col0
                                    Select Operator [SEL_61] (rows=462000 width=186)
                                      Output:["_col0","_col1","_col2"]
                                      TableScan [TS_9] (rows=462000 width=186)
                                        default@item,item,Tbl:COMPLETE,Col:COMPLETE,Output:["i_item_sk","i_class","i_category"]
                                <-Reducer 3 [SIMPLE_EDGE]
                                  SHUFFLE [RS_17]
                                    PartitionCols:_col1
                                    Merge Join Operator [MERGEJOIN_50] (rows=30601888 width=54)
                                      Conds:RS_14._col2=RS_60._col0(Inner),Output:["_col1","_col3","_col4"]
                                    <-Map 9 [SIMPLE_EDGE] vectorized
                                      SHUFFLE [RS_60]
                                        PartitionCols:_col0
                                        Select Operator [SEL_59] (rows=278 width=4)
                                          Output:["_col0"]
                                          Filter Operator [FIL_58] (rows=278 width=90)
                                            predicate:(s_state) IN ('SD', 'FL', 'MI', 'LA', 'MO', 'SC', 'AL', 'GA')
                                            TableScan [TS_6] (rows=1704 width=90)
                                              default@store,store,Tbl:COMPLETE,Col:COMPLETE,Output:["s_store_sk","s_state"]
                                    <-Reducer 2 [SIMPLE_EDGE]
                                      SHUFFLE [RS_14]
                                        PartitionCols:_col2
                                        Merge Join Operator [MERGEJOIN_49] (rows=187574154 width=203)
                                          Conds:RS_54._col0=RS_57._col0(Inner),Output:["_col1","_col2","_col3","_col4"]
                                        <-Map 1 [SIMPLE_EDGE] vectorized
                                          SHUFFLE [RS_54]
                                            PartitionCols:_col0
                                            Select Operator [SEL_53] (rows=525329897 width=225)
                                              Output:["_col0","_col1","_col2","_col3","_col4"]
                                              Filter Operator [FIL_52] (rows=525329897 width=225)
                                                predicate:(ss_sold_date_sk is not null and ss_store_sk is not null)
                                                TableScan [TS_0] (rows=575995635 width=225)
                                                  default@store_sales,store_sales,Tbl:COMPLETE,Col:COMPLETE,Output:["ss_sold_date_sk","ss_item_sk","ss_store_sk","ss_ext_sales_price","ss_net_profit"]
                                        <-Map 8 [SIMPLE_EDGE] vectorized
                                          SHUFFLE [RS_57]
                                            PartitionCols:_col0
                                            Select Operator [SEL_56] (rows=652 width=4)
                                              Output:["_col0"]
                                              Filter Operator [FIL_55] (rows=652 width=8)
                                                predicate:(d_year = 1999)
                                                TableScan [TS_3] (rows=73049 width=8)
                                                  default@date_dim,d1,Tbl:COMPLETE,Col:COMPLETE,Output:["d_date_sk","d_year"]

