PREHOOK: query: explain
select  
    sum(ss_net_profit) as total_sum
   ,s_state
   ,s_county
   ,grouping(s_state)+grouping(s_county) as lochierarchy
   ,rank() over (
 	partition by grouping(s_state)+grouping(s_county),
 	case when grouping(s_county) = 0 then s_state end 
 	order by sum(ss_net_profit) desc) as rank_within_parent
 from
    store_sales
   ,date_dim       d1
   ,store
 where
    d1.d_month_seq between 1212 and 1212+11
 and d1.d_date_sk = ss_sold_date_sk
 and s_store_sk  = ss_store_sk
 and s_state in
             ( select s_state
               from  (select s_state as s_state,
 			    rank() over ( partition by s_state order by sum(ss_net_profit) desc) as ranking
                      from   store_sales, store, date_dim
                      where  d_month_seq between 1212 and 1212+11
 			    and d_date_sk = ss_sold_date_sk
 			    and s_store_sk  = ss_store_sk
                      group by s_state
                     ) tmp1 
               where ranking <= 5
             )
 group by rollup(s_state,s_county)
 order by
   lochierarchy desc
  ,case when lochierarchy = 0 then s_state end
  ,rank_within_parent
 limit 100
PREHOOK: type: QUERY
PREHOOK: Input: default@date_dim
PREHOOK: Input: default@store
PREHOOK: Input: default@store_sales
PREHOOK: Output: hdfs://### HDFS PATH ###
POSTHOOK: query: explain
select  
    sum(ss_net_profit) as total_sum
   ,s_state
   ,s_county
   ,grouping(s_state)+grouping(s_county) as lochierarchy
   ,rank() over (
 	partition by grouping(s_state)+grouping(s_county),
 	case when grouping(s_county) = 0 then s_state end 
 	order by sum(ss_net_profit) desc) as rank_within_parent
 from
    store_sales
   ,date_dim       d1
   ,store
 where
    d1.d_month_seq between 1212 and 1212+11
 and d1.d_date_sk = ss_sold_date_sk
 and s_store_sk  = ss_store_sk
 and s_state in
             ( select s_state
               from  (select s_state as s_state,
 			    rank() over ( partition by s_state order by sum(ss_net_profit) desc) as ranking
                      from   store_sales, store, date_dim
                      where  d_month_seq between 1212 and 1212+11
 			    and d_date_sk = ss_sold_date_sk
 			    and s_store_sk  = ss_store_sk
                      group by s_state
                     ) tmp1 
               where ranking <= 5
             )
 group by rollup(s_state,s_county)
 order by
   lochierarchy desc
  ,case when lochierarchy = 0 then s_state end
  ,rank_within_parent
 limit 100
POSTHOOK: type: QUERY
POSTHOOK: Input: default@date_dim
POSTHOOK: Input: default@store
POSTHOOK: Input: default@store_sales
POSTHOOK: Output: hdfs://### HDFS PATH ###
Plan optimized by CBO.

Vertex dependency in root stage
Reducer 10 <- Map 12 (SIMPLE_EDGE), Reducer 9 (SIMPLE_EDGE)
Reducer 2 <- Map 1 (SIMPLE_EDGE), Map 11 (SIMPLE_EDGE)
Reducer 3 <- Reducer 10 (SIMPLE_EDGE), Reducer 2 (SIMPLE_EDGE)
Reducer 4 <- Reducer 3 (SIMPLE_EDGE)
Reducer 5 <- Reducer 4 (SIMPLE_EDGE)
Reducer 6 <- Reducer 5 (SIMPLE_EDGE)
Reducer 7 <- Map 13 (SIMPLE_EDGE), Reducer 2 (SIMPLE_EDGE)
Reducer 8 <- Reducer 7 (SIMPLE_EDGE)
Reducer 9 <- Reducer 8 (SIMPLE_EDGE)

Stage-0
  Fetch Operator
    limit:-1
    Stage-1
      Reducer 6 vectorized
      File Output Operator [FS_120]
        Limit [LIM_119] (rows=1 width=492)
          Number of rows:100
          Select Operator [SEL_118] (rows=1 width=492)
            Output:["_col0","_col1","_col2","_col3","_col4"]
          <-Reducer 5 [SIMPLE_EDGE] vectorized
            SHUFFLE [RS_117]
              Select Operator [SEL_116] (rows=1 width=492)
                Output:["_col0","_col1","_col2","_col3","_col4","_col5"]
                PTF Operator [PTF_115] (rows=1 width=304)
                  Function definitions:[{},{"name:":"windowingtablefunction","order by:":"_col2 DESC NULLS LAST","partition by:":"(grouping(_col3, 1) + grouping(_col3, 0)), CASE WHEN ((grouping(_col3, 0) = 0)) THEN (_col0) ELSE (CAST( null AS STRING)) END"}]
                  Select Operator [SEL_114] (rows=1 width=304)
                    Output:["_col0","_col1","_col2","_col3"]
                  <-Reducer 4 [SIMPLE_EDGE] vectorized
                    SHUFFLE [RS_113]
                      PartitionCols:(grouping(_col3, 1) + grouping(_col3, 0)), CASE WHEN ((grouping(_col3, 0) = 0)) THEN (_col0) ELSE (CAST( null AS STRING)) END
                      Select Operator [SEL_112] (rows=1 width=304)
                        Output:["_col0","_col1","_col2","_col3"]
                        Group By Operator [GBY_111] (rows=1 width=304)
                          Output:["_col0","_col1","_col2","_col3"],aggregations:["sum(VALUE._col0)"],keys:KEY._col0, KEY._col1, KEY._col2
                        <-Reducer 3 [SIMPLE_EDGE]
                          SHUFFLE [RS_50]
                            PartitionCols:_col0, _col1, _col2
                            Group By Operator [GBY_49] (rows=1 width=304)
                              Output:["_col0","_col1","_col2","_col3"],aggregations:["sum(_col2)"],keys:_col0, _col1, 0L
                              Select Operator [SEL_47] (rows=1 width=296)
                                Output:["_col0","_col1","_col2"]
                                Merge Join Operator [MERGEJOIN_91] (rows=1 width=296)
                                  Conds:RS_44._col1=RS_45._col0(Inner),Output:["_col2","_col6","_col7"]
                                <-Reducer 2 [SIMPLE_EDGE]
                                  SHUFFLE [RS_44]
                                    PartitionCols:_col1
                                    Merge Join Operator [MERGEJOIN_87] (rows=91197860 width=85)
                                      Conds:RS_94._col0=RS_97._col0(Inner),Output:["_col1","_col2"]
                                    <-Map 1 [SIMPLE_EDGE] vectorized
                                      SHUFFLE [RS_94]
                                        PartitionCols:_col0
                                        Select Operator [SEL_93] (rows=525329897 width=114)
                                          Output:["_col0","_col1","_col2"]
                                          Filter Operator [FIL_92] (rows=525329897 width=114)
                                            predicate:(ss_sold_date_sk is not null and ss_store_sk is not null)
                                            TableScan [TS_0] (rows=575995635 width=114)
                                              default@store_sales,store_sales,Tbl:COMPLETE,Col:COMPLETE,Output:["ss_sold_date_sk","ss_store_sk","ss_net_profit"]
                                    <-Map 11 [SIMPLE_EDGE] vectorized
                                      SHUFFLE [RS_97]
                                        PartitionCols:_col0
                                        Select Operator [SEL_96] (rows=317 width=8)
                                          Output:["_col0"]
                                          Filter Operator [FIL_95] (rows=317 width=8)
                                            predicate:d_month_seq BETWEEN 1212 AND 1223
                                            TableScan [TS_3] (rows=73049 width=8)
                                              default@date_dim,d1,Tbl:COMPLETE,Col:COMPLETE,Output:["d_date_sk","d_month_seq"]
                                <-Reducer 10 [SIMPLE_EDGE]
                                  SHUFFLE [RS_45]
                                    PartitionCols:_col0
                                    Merge Join Operator [MERGEJOIN_90] (rows=556 width=188)
                                      Conds:RS_110._col2=RS_107._col0(Inner),Output:["_col0","_col1","_col2"]
                                    <-Map 12 [SIMPLE_EDGE] vectorized
                                      SHUFFLE [RS_110]
                                        PartitionCols:_col2
                                        Select Operator [SEL_109] (rows=1704 width=188)
                                          Output:["_col0","_col1","_col2"]
                                          Filter Operator [FIL_108] (rows=1704 width=188)
                                            predicate:s_state is not null
                                            TableScan [TS_6] (rows=1704 width=188)
                                              default@store,store,Tbl:COMPLETE,Col:COMPLETE,Output:["s_store_sk","s_county","s_state"]
                                    <-Reducer 9 [SIMPLE_EDGE] vectorized
                                      SHUFFLE [RS_107]
                                        PartitionCols:_col0
                                        Select Operator [SEL_106] (rows=16 width=86)
                                          Output:["_col0"]
                                          Filter Operator [FIL_105] (rows=16 width=198)
                                            predicate:(rank_window_0 <= 5)
                                            PTF Operator [PTF_104] (rows=49 width=198)
                                              Function definitions:[{},{"name:":"windowingtablefunction","order by:":"_col1 DESC NULLS LAST","partition by:":"_col0"}]
                                              Select Operator [SEL_103] (rows=49 width=198)
                                                Output:["_col0","_col1"]
                                              <-Reducer 8 [SIMPLE_EDGE] vectorized
                                                SHUFFLE [RS_102]
                                                  PartitionCols:_col0
                                                  Group By Operator [GBY_101] (rows=49 width=198)
                                                    Output:["_col0","_col1"],aggregations:["sum(VALUE._col0)"],keys:KEY._col0
                                                  <-Reducer 7 [SIMPLE_EDGE]
                                                    SHUFFLE [RS_26]
                                                      PartitionCols:_col0
                                                      Group By Operator [GBY_25] (rows=2989 width=198)
                                                        Output:["_col0","_col1"],aggregations:["sum(_col2)"],keys:_col5
                                                        Merge Join Operator [MERGEJOIN_89] (rows=91197860 width=168)
                                                          Conds:RS_21._col1=RS_100._col0(Inner),Output:["_col2","_col5"]
                                                        <-Reducer 2 [SIMPLE_EDGE]
                                                          SHUFFLE [RS_21]
                                                            PartitionCols:_col1
                                                             Please refer to the previous Merge Join Operator [MERGEJOIN_87]
                                                        <-Map 13 [SIMPLE_EDGE] vectorized
                                                          SHUFFLE [RS_100]
                                                            PartitionCols:_col0
                                                            Select Operator [SEL_99] (rows=1704 width=90)
                                                              Output:["_col0","_col1"]
                                                              Filter Operator [FIL_98] (rows=1704 width=90)
                                                                predicate:s_state is not null
                                                                TableScan [TS_15] (rows=1704 width=90)
                                                                  default@store,store,Tbl:COMPLETE,Col:COMPLETE,Output:["s_store_sk","s_state"]

