PREHOOK: query: explain
select  i_item_id
       ,i_item_desc
       ,i_current_price
 from item, inventory, date_dim, store_sales
 where i_current_price between 30 and 30+30
 and inv_item_sk = i_item_sk
 and d_date_sk=inv_date_sk
 and d_date between cast('2002-05-30' as date) and (cast('2002-05-30' as date) +  60 days)
 and i_manufact_id in (437,129,727,663)
 and inv_quantity_on_hand between 100 and 500
 and ss_item_sk = i_item_sk
 group by i_item_id,i_item_desc,i_current_price
 order by i_item_id
 limit 100
PREHOOK: type: QUERY
PREHOOK: Input: default@date_dim
PREHOOK: Input: default@inventory
PREHOOK: Input: default@item
PREHOOK: Input: default@store_sales
PREHOOK: Output: hdfs://### HDFS PATH ###
POSTHOOK: query: explain
select  i_item_id
       ,i_item_desc
       ,i_current_price
 from item, inventory, date_dim, store_sales
 where i_current_price between 30 and 30+30
 and inv_item_sk = i_item_sk
 and d_date_sk=inv_date_sk
 and d_date between cast('2002-05-30' as date) and (cast('2002-05-30' as date) +  60 days)
 and i_manufact_id in (437,129,727,663)
 and inv_quantity_on_hand between 100 and 500
 and ss_item_sk = i_item_sk
 group by i_item_id,i_item_desc,i_current_price
 order by i_item_id
 limit 100
POSTHOOK: type: QUERY
POSTHOOK: Input: default@date_dim
POSTHOOK: Input: default@inventory
POSTHOOK: Input: default@item
POSTHOOK: Input: default@store_sales
POSTHOOK: Output: hdfs://### HDFS PATH ###
Plan optimized by CBO.

Vertex dependency in root stage
Reducer 2 <- Map 1 (SIMPLE_EDGE), Map 6 (SIMPLE_EDGE)
Reducer 3 <- Reducer 2 (SIMPLE_EDGE), Reducer 8 (SIMPLE_EDGE)
Reducer 4 <- Reducer 3 (SIMPLE_EDGE)
Reducer 5 <- Reducer 4 (SIMPLE_EDGE)
Reducer 8 <- Map 7 (SIMPLE_EDGE), Map 9 (SIMPLE_EDGE)

Stage-0
  Fetch Operator
    limit:100
    Stage-1
      Reducer 5 vectorized
      File Output Operator [FS_60]
        Limit [LIM_59] (rows=1 width=396)
          Number of rows:100
          Select Operator [SEL_58] (rows=1 width=396)
            Output:["_col0","_col1","_col2"]
          <-Reducer 4 [SIMPLE_EDGE] vectorized
            SHUFFLE [RS_57]
              Group By Operator [GBY_56] (rows=1 width=396)
                Output:["_col0","_col1","_col2"],keys:KEY._col0, KEY._col1, KEY._col2
              <-Reducer 3 [SIMPLE_EDGE]
                SHUFFLE [RS_23]
                  PartitionCols:_col0, _col1, _col2
                  Group By Operator [GBY_22] (rows=2 width=396)
                    Output:["_col0","_col1","_col2"],keys:_col2, _col3, _col4
                    Merge Join Operator [MERGEJOIN_44] (rows=2871 width=396)
                      Conds:RS_18._col1=RS_19._col1(Inner),Output:["_col2","_col3","_col4"]
                    <-Reducer 2 [SIMPLE_EDGE]
                      SHUFFLE [RS_18]
                        PartitionCols:_col1
                        Merge Join Operator [MERGEJOIN_42] (rows=3564040 width=400)
                          Conds:RS_46._col0=RS_49._col0(Inner),Output:["_col1","_col2","_col3","_col4"]
                        <-Map 1 [SIMPLE_EDGE] vectorized
                          SHUFFLE [RS_46]
                            PartitionCols:_col0
                            Select Operator [SEL_45] (rows=575995635 width=4)
                              Output:["_col0"]
                              TableScan [TS_0] (rows=575995635 width=4)
                                default@store_sales,store_sales,Tbl:COMPLETE,Col:COMPLETE,Output:["ss_item_sk"]
                        <-Map 6 [SIMPLE_EDGE] vectorized
                          SHUFFLE [RS_49]
                            PartitionCols:_col0
                            Select Operator [SEL_48] (rows=297 width=400)
                              Output:["_col0","_col1","_col2","_col3"]
                              Filter Operator [FIL_47] (rows=297 width=404)
                                predicate:((i_manufact_id) IN (437, 129, 727, 663) and i_current_price BETWEEN 30 AND 60)
                                TableScan [TS_2] (rows=462000 width=403)
                                  default@item,item,Tbl:COMPLETE,Col:COMPLETE,Output:["i_item_sk","i_item_id","i_item_desc","i_current_price","i_manufact_id"]
                    <-Reducer 8 [SIMPLE_EDGE]
                      SHUFFLE [RS_19]
                        PartitionCols:_col1
                        Merge Join Operator [MERGEJOIN_43] (rows=463969 width=4)
                          Conds:RS_52._col0=RS_55._col0(Inner),Output:["_col1"]
                        <-Map 7 [SIMPLE_EDGE] vectorized
                          SHUFFLE [RS_52]
                            PartitionCols:_col0
                            Select Operator [SEL_51] (rows=4176000 width=8)
                              Output:["_col0","_col1"]
                              Filter Operator [FIL_50] (rows=4176000 width=11)
                                predicate:inv_quantity_on_hand BETWEEN 100 AND 500
                                TableScan [TS_5] (rows=37584000 width=11)
                                  default@inventory,inventory,Tbl:COMPLETE,Col:COMPLETE,Output:["inv_date_sk","inv_item_sk","inv_quantity_on_hand"]
                        <-Map 9 [SIMPLE_EDGE] vectorized
                          SHUFFLE [RS_55]
                            PartitionCols:_col0
                            Select Operator [SEL_54] (rows=8116 width=4)
                              Output:["_col0"]
                              Filter Operator [FIL_53] (rows=8116 width=98)
                                predicate:CAST( d_date AS TIMESTAMP) BETWEEN TIMESTAMP'2002-05-30 00:00:00' AND TIMESTAMP'2002-07-29 00:00:00'
                                TableScan [TS_8] (rows=73049 width=98)
                                  default@date_dim,date_dim,Tbl:COMPLETE,Col:COMPLETE,Output:["d_date_sk","d_date"]

