PREHOOK: query: explain
with sr_items as
 (select i_item_id item_id,
        sum(sr_return_quantity) sr_item_qty
 from store_returns,
      item,
      date_dim
 where sr_item_sk = i_item_sk
 and   d_date    in 
	(select d_date
	from date_dim
	where d_week_seq in 
		(select d_week_seq
		from date_dim
	  where d_date in ('1998-01-02','1998-10-15','1998-11-10')))
 and   sr_returned_date_sk   = d_date_sk
 group by i_item_id),
 cr_items as
 (select i_item_id item_id,
        sum(cr_return_quantity) cr_item_qty
 from catalog_returns,
      item,
      date_dim
 where cr_item_sk = i_item_sk
 and   d_date    in 
	(select d_date
	from date_dim
	where d_week_seq in 
		(select d_week_seq
		from date_dim
	  where d_date in ('1998-01-02','1998-10-15','1998-11-10')))
 and   cr_returned_date_sk   = d_date_sk
 group by i_item_id),
 wr_items as
 (select i_item_id item_id,
        sum(wr_return_quantity) wr_item_qty
 from web_returns,
      item,
      date_dim
 where wr_item_sk = i_item_sk
 and   d_date    in 
	(select d_date
	from date_dim
	where d_week_seq in 
		(select d_week_seq
		from date_dim
		where d_date in ('1998-01-02','1998-10-15','1998-11-10')))
 and   wr_returned_date_sk   = d_date_sk
 group by i_item_id)
  select  sr_items.item_id
       ,sr_item_qty
       ,sr_item_qty/(sr_item_qty+cr_item_qty+wr_item_qty)/3.0 * 100 sr_dev
       ,cr_item_qty
       ,cr_item_qty/(sr_item_qty+cr_item_qty+wr_item_qty)/3.0 * 100 cr_dev
       ,wr_item_qty
       ,wr_item_qty/(sr_item_qty+cr_item_qty+wr_item_qty)/3.0 * 100 wr_dev
       ,(sr_item_qty+cr_item_qty+wr_item_qty)/3.0 average
 from sr_items
     ,cr_items
     ,wr_items
 where sr_items.item_id=cr_items.item_id
   and sr_items.item_id=wr_items.item_id 
 order by sr_items.item_id
         ,sr_item_qty
 limit 100
PREHOOK: type: QUERY
PREHOOK: Input: default@catalog_returns
PREHOOK: Input: default@date_dim
PREHOOK: Input: default@item
PREHOOK: Input: default@store_returns
PREHOOK: Input: default@web_returns
PREHOOK: Output: hdfs://### HDFS PATH ###
POSTHOOK: query: explain
with sr_items as
 (select i_item_id item_id,
        sum(sr_return_quantity) sr_item_qty
 from store_returns,
      item,
      date_dim
 where sr_item_sk = i_item_sk
 and   d_date    in 
	(select d_date
	from date_dim
	where d_week_seq in 
		(select d_week_seq
		from date_dim
	  where d_date in ('1998-01-02','1998-10-15','1998-11-10')))
 and   sr_returned_date_sk   = d_date_sk
 group by i_item_id),
 cr_items as
 (select i_item_id item_id,
        sum(cr_return_quantity) cr_item_qty
 from catalog_returns,
      item,
      date_dim
 where cr_item_sk = i_item_sk
 and   d_date    in 
	(select d_date
	from date_dim
	where d_week_seq in 
		(select d_week_seq
		from date_dim
	  where d_date in ('1998-01-02','1998-10-15','1998-11-10')))
 and   cr_returned_date_sk   = d_date_sk
 group by i_item_id),
 wr_items as
 (select i_item_id item_id,
        sum(wr_return_quantity) wr_item_qty
 from web_returns,
      item,
      date_dim
 where wr_item_sk = i_item_sk
 and   d_date    in 
	(select d_date
	from date_dim
	where d_week_seq in 
		(select d_week_seq
		from date_dim
		where d_date in ('1998-01-02','1998-10-15','1998-11-10')))
 and   wr_returned_date_sk   = d_date_sk
 group by i_item_id)
  select  sr_items.item_id
       ,sr_item_qty
       ,sr_item_qty/(sr_item_qty+cr_item_qty+wr_item_qty)/3.0 * 100 sr_dev
       ,cr_item_qty
       ,cr_item_qty/(sr_item_qty+cr_item_qty+wr_item_qty)/3.0 * 100 cr_dev
       ,wr_item_qty
       ,wr_item_qty/(sr_item_qty+cr_item_qty+wr_item_qty)/3.0 * 100 wr_dev
       ,(sr_item_qty+cr_item_qty+wr_item_qty)/3.0 average
 from sr_items
     ,cr_items
     ,wr_items
 where sr_items.item_id=cr_items.item_id
   and sr_items.item_id=wr_items.item_id 
 order by sr_items.item_id
         ,sr_item_qty
 limit 100
POSTHOOK: type: QUERY
POSTHOOK: Input: default@catalog_returns
POSTHOOK: Input: default@date_dim
POSTHOOK: Input: default@item
POSTHOOK: Input: default@store_returns
POSTHOOK: Input: default@web_returns
POSTHOOK: Output: hdfs://### HDFS PATH ###
Plan optimized by CBO.

Vertex dependency in root stage
Reducer 10 <- Map 20 (SIMPLE_EDGE), Reducer 9 (SIMPLE_EDGE)
Reducer 11 <- Reducer 10 (SIMPLE_EDGE)
Reducer 12 <- Map 22 (SIMPLE_EDGE), Reducer 2 (SIMPLE_EDGE)
Reducer 13 <- Map 20 (SIMPLE_EDGE), Reducer 12 (SIMPLE_EDGE)
Reducer 14 <- Reducer 13 (SIMPLE_EDGE)
Reducer 16 <- Map 15 (SIMPLE_EDGE), Map 18 (SIMPLE_EDGE)
Reducer 17 <- Reducer 16 (SIMPLE_EDGE)
Reducer 2 <- Map 1 (SIMPLE_EDGE), Reducer 17 (SIMPLE_EDGE)
Reducer 3 <- Map 19 (SIMPLE_EDGE), Reducer 2 (SIMPLE_EDGE)
Reducer 4 <- Map 20 (SIMPLE_EDGE), Reducer 3 (SIMPLE_EDGE)
Reducer 5 <- Reducer 4 (SIMPLE_EDGE)
Reducer 6 <- Reducer 11 (SIMPLE_EDGE), Reducer 5 (SIMPLE_EDGE)
Reducer 7 <- Reducer 14 (SIMPLE_EDGE), Reducer 6 (SIMPLE_EDGE)
Reducer 8 <- Reducer 7 (SIMPLE_EDGE)
Reducer 9 <- Map 21 (SIMPLE_EDGE), Reducer 2 (SIMPLE_EDGE)

Stage-0
  Fetch Operator
    limit:100
    Stage-1
      Reducer 8 vectorized
      File Output Operator [FS_255]
        Limit [LIM_254] (rows=100 width=260)
          Number of rows:100
          Select Operator [SEL_253] (rows=1260 width=260)
            Output:["_col0","_col1","_col2","_col3","_col4","_col5","_col6","_col7"]
          <-Reducer 7 [SIMPLE_EDGE]
            SHUFFLE [RS_121]
              Select Operator [SEL_120] (rows=1260 width=260)
                Output:["_col0","_col1","_col2","_col3","_col4","_col5","_col6","_col7"]
                Merge Join Operator [MERGEJOIN_220] (rows=1260 width=132)
                  Conds:RS_117._col0=RS_252._col0(Inner),Output:["_col0","_col1","_col3","_col5","_col6"]
                <-Reducer 14 [SIMPLE_EDGE] vectorized
                  SHUFFLE [RS_252]
                    PartitionCols:_col0
                    Select Operator [SEL_251] (rows=1260 width=116)
                      Output:["_col0","_col1","_col2"]
                      Group By Operator [GBY_250] (rows=1260 width=108)
                        Output:["_col0","_col1"],aggregations:["sum(VALUE._col0)"],keys:KEY._col0
                      <-Reducer 13 [SIMPLE_EDGE]
                        SHUFFLE [RS_111]
                          PartitionCols:_col0
                          Group By Operator [GBY_110] (rows=1260 width=108)
                            Output:["_col0","_col1"],aggregations:["sum(_col5)"],keys:_col7
                            Merge Join Operator [MERGEJOIN_218] (rows=2521 width=100)
                              Conds:RS_106._col4=RS_239._col0(Inner),Output:["_col5","_col7"]
                            <-Map 20 [SIMPLE_EDGE] vectorized
                              SHUFFLE [RS_239]
                                PartitionCols:_col0
                                Select Operator [SEL_236] (rows=462000 width=104)
                                  Output:["_col0","_col1"]
                                  TableScan [TS_22] (rows=462000 width=104)
                                    default@item,item,Tbl:COMPLETE,Col:COMPLETE,Output:["i_item_sk","i_item_id"]
                            <-Reducer 12 [SIMPLE_EDGE]
                              SHUFFLE [RS_106]
                                PartitionCols:_col4
                                Merge Join Operator [MERGEJOIN_217] (rows=2521 width=4)
                                  Conds:RS_103._col0=RS_249._col0(Inner),Output:["_col4","_col5"]
                                <-Reducer 2 [SIMPLE_EDGE]
                                  SHUFFLE [RS_103]
                                    PartitionCols:_col0
                                    Merge Join Operator [MERGEJOIN_208] (rows=2 width=4)
                                      Conds:RS_223._col1=RS_232._col0(Inner),Output:["_col0"]
                                    <-Map 1 [SIMPLE_EDGE] vectorized
                                      SHUFFLE [RS_223]
                                        PartitionCols:_col1
                                        Select Operator [SEL_222] (rows=73049 width=98)
                                          Output:["_col0","_col1"]
                                          Filter Operator [FIL_221] (rows=73049 width=98)
                                            predicate:d_date is not null
                                            TableScan [TS_0] (rows=73049 width=98)
                                              default@date_dim,date_dim,Tbl:COMPLETE,Col:COMPLETE,Output:["d_date_sk","d_date"]
                                    <-Reducer 17 [SIMPLE_EDGE] vectorized
                                      SHUFFLE [RS_232]
                                        PartitionCols:_col0
                                        Group By Operator [GBY_231] (rows=2 width=94)
                                          Output:["_col0"],keys:KEY._col0
                                        <-Reducer 16 [SIMPLE_EDGE]
                                          SHUFFLE [RS_16]
                                            PartitionCols:_col0
                                            Group By Operator [GBY_15] (rows=2 width=94)
                                              Output:["_col0"],keys:_col0
                                              Merge Join Operator [MERGEJOIN_207] (rows=5 width=94)
                                                Conds:RS_226._col1=RS_230._col0(Left Semi),Output:["_col0"]
                                              <-Map 15 [SIMPLE_EDGE] vectorized
                                                SHUFFLE [RS_226]
                                                  PartitionCols:_col1
                                                  Select Operator [SEL_225] (rows=73049 width=98)
                                                    Output:["_col0","_col1"]
                                                    Filter Operator [FIL_224] (rows=73049 width=98)
                                                      predicate:(d_date is not null and d_week_seq is not null)
                                                      TableScan [TS_3] (rows=73049 width=98)
                                                        default@date_dim,date_dim,Tbl:COMPLETE,Col:COMPLETE,Output:["d_date","d_week_seq"]
                                              <-Map 18 [SIMPLE_EDGE] vectorized
                                                SHUFFLE [RS_230]
                                                  PartitionCols:_col0
                                                  Group By Operator [GBY_229] (rows=1 width=4)
                                                    Output:["_col0"],keys:_col0
                                                    Select Operator [SEL_228] (rows=2 width=4)
                                                      Output:["_col0"]
                                                      Filter Operator [FIL_227] (rows=2 width=98)
                                                        predicate:((d_date) IN ('1998-01-02', '1998-10-15', '1998-11-10') and d_week_seq is not null)
                                                        TableScan [TS_6] (rows=73049 width=98)
                                                          default@date_dim,date_dim,Tbl:COMPLETE,Col:COMPLETE,Output:["d_date","d_week_seq"]
                                <-Map 22 [SIMPLE_EDGE] vectorized
                                  SHUFFLE [RS_249]
                                    PartitionCols:_col0
                                    Select Operator [SEL_248] (rows=13749816 width=11)
                                      Output:["_col0","_col1","_col2"]
                                      Filter Operator [FIL_247] (rows=13749816 width=11)
                                        predicate:wr_returned_date_sk is not null
                                        TableScan [TS_95] (rows=14398467 width=11)
                                          default@web_returns,web_returns,Tbl:COMPLETE,Col:COMPLETE,Output:["wr_returned_date_sk","wr_item_sk","wr_return_quantity"]
                <-Reducer 6 [SIMPLE_EDGE]
                  SHUFFLE [RS_117]
                    PartitionCols:_col0
                    Merge Join Operator [MERGEJOIN_219] (rows=2739 width=116)
                      Conds:RS_241._col0=RS_246._col0(Inner),Output:["_col0","_col1","_col3"]
                    <-Reducer 11 [SIMPLE_EDGE] vectorized
                      SHUFFLE [RS_246]
                        PartitionCols:_col0
                        Group By Operator [GBY_245] (rows=5552 width=108)
                          Output:["_col0","_col1"],aggregations:["sum(VALUE._col0)"],keys:KEY._col0
                        <-Reducer 10 [SIMPLE_EDGE]
                          SHUFFLE [RS_73]
                            PartitionCols:_col0
                            Group By Operator [GBY_72] (rows=5552 width=108)
                              Output:["_col0","_col1"],aggregations:["sum(_col5)"],keys:_col7
                              Merge Join Operator [MERGEJOIN_214] (rows=11105 width=100)
                                Conds:RS_68._col4=RS_238._col0(Inner),Output:["_col5","_col7"]
                              <-Map 20 [SIMPLE_EDGE] vectorized
                                SHUFFLE [RS_238]
                                  PartitionCols:_col0
                                   Please refer to the previous Select Operator [SEL_236]
                              <-Reducer 9 [SIMPLE_EDGE]
                                SHUFFLE [RS_68]
                                  PartitionCols:_col4
                                  Merge Join Operator [MERGEJOIN_213] (rows=11105 width=4)
                                    Conds:RS_65._col0=RS_244._col0(Inner),Output:["_col4","_col5"]
                                  <-Reducer 2 [SIMPLE_EDGE]
                                    SHUFFLE [RS_65]
                                      PartitionCols:_col0
                                       Please refer to the previous Merge Join Operator [MERGEJOIN_208]
                                  <-Map 21 [SIMPLE_EDGE] vectorized
                                    SHUFFLE [RS_244]
                                      PartitionCols:_col0
                                      Select Operator [SEL_243] (rows=55578005 width=11)
                                        Output:["_col0","_col1","_col2"]
                                        Filter Operator [FIL_242] (rows=55578005 width=11)
                                          predicate:sr_returned_date_sk is not null
                                          TableScan [TS_57] (rows=57591150 width=11)
                                            default@store_returns,store_returns,Tbl:COMPLETE,Col:COMPLETE,Output:["sr_returned_date_sk","sr_item_sk","sr_return_quantity"]
                    <-Reducer 5 [SIMPLE_EDGE] vectorized
                      SHUFFLE [RS_241]
                        PartitionCols:_col0
                        Group By Operator [GBY_240] (rows=2739 width=108)
                          Output:["_col0","_col1"],aggregations:["sum(VALUE._col0)"],keys:KEY._col0
                        <-Reducer 4 [SIMPLE_EDGE]
                          SHUFFLE [RS_35]
                            PartitionCols:_col0
                            Group By Operator [GBY_34] (rows=2739 width=108)
                              Output:["_col0","_col1"],aggregations:["sum(_col5)"],keys:_col7
                              Merge Join Operator [MERGEJOIN_210] (rows=5478 width=100)
                                Conds:RS_30._col4=RS_237._col0(Inner),Output:["_col5","_col7"]
                              <-Map 20 [SIMPLE_EDGE] vectorized
                                SHUFFLE [RS_237]
                                  PartitionCols:_col0
                                   Please refer to the previous Select Operator [SEL_236]
                              <-Reducer 3 [SIMPLE_EDGE]
                                SHUFFLE [RS_30]
                                  PartitionCols:_col4
                                  Merge Join Operator [MERGEJOIN_209] (rows=5478 width=4)
                                    Conds:RS_27._col0=RS_235._col0(Inner),Output:["_col4","_col5"]
                                  <-Reducer 2 [SIMPLE_EDGE]
                                    SHUFFLE [RS_27]
                                      PartitionCols:_col0
                                       Please refer to the previous Merge Join Operator [MERGEJOIN_208]
                                  <-Map 19 [SIMPLE_EDGE] vectorized
                                    SHUFFLE [RS_235]
                                      PartitionCols:_col0
                                      Select Operator [SEL_234] (rows=28798881 width=11)
                                        Output:["_col0","_col1","_col2"]
                                        Filter Operator [FIL_233] (rows=28798881 width=11)
                                          predicate:cr_returned_date_sk is not null
                                          TableScan [TS_19] (rows=28798881 width=11)
                                            default@catalog_returns,catalog_returns,Tbl:COMPLETE,Col:COMPLETE,Output:["cr_returned_date_sk","cr_item_sk","cr_return_quantity"]

