Warning: Shuffle Join MERGEJOIN[151][tables = [$hdt$_0, $hdt$_1]] in Stage 'Reducer 6' is a cross product
PREHOOK: query: explain
with ssales as
(select c_last_name
      ,c_first_name
      ,s_store_name
      ,ca_state
      ,s_state
      ,i_color
      ,i_current_price
      ,i_manager_id
      ,i_units
      ,i_size
      ,sum(ss_sales_price) netpaid
from store_sales
    ,store_returns
    ,store
    ,item
    ,customer
    ,customer_address
where ss_ticket_number = sr_ticket_number
  and ss_item_sk = sr_item_sk
  and ss_customer_sk = c_customer_sk
  and ss_item_sk = i_item_sk
  and ss_store_sk = s_store_sk
  and c_current_addr_sk = ca_address_sk
  and c_birth_country <> upper(ca_country)
  and s_zip = ca_zip
and s_market_id=7
group by c_last_name
        ,c_first_name
        ,s_store_name
        ,ca_state
        ,s_state
        ,i_color
        ,i_current_price
        ,i_manager_id
        ,i_units
        ,i_size)
select c_last_name
      ,c_first_name
      ,s_store_name
      ,sum(netpaid) paid
from ssales
where i_color = 'orchid'
group by c_last_name
        ,c_first_name
        ,s_store_name
having sum(netpaid) > (select 0.05*avg(netpaid)
                                 from ssales)
PREHOOK: type: QUERY
PREHOOK: Input: default@customer
PREHOOK: Input: default@customer_address
PREHOOK: Input: default@item
PREHOOK: Input: default@store
PREHOOK: Input: default@store_returns
PREHOOK: Input: default@store_sales
PREHOOK: Output: hdfs://### HDFS PATH ###
POSTHOOK: query: explain
with ssales as
(select c_last_name
      ,c_first_name
      ,s_store_name
      ,ca_state
      ,s_state
      ,i_color
      ,i_current_price
      ,i_manager_id
      ,i_units
      ,i_size
      ,sum(ss_sales_price) netpaid
from store_sales
    ,store_returns
    ,store
    ,item
    ,customer
    ,customer_address
where ss_ticket_number = sr_ticket_number
  and ss_item_sk = sr_item_sk
  and ss_customer_sk = c_customer_sk
  and ss_item_sk = i_item_sk
  and ss_store_sk = s_store_sk
  and c_current_addr_sk = ca_address_sk
  and c_birth_country <> upper(ca_country)
  and s_zip = ca_zip
and s_market_id=7
group by c_last_name
        ,c_first_name
        ,s_store_name
        ,ca_state
        ,s_state
        ,i_color
        ,i_current_price
        ,i_manager_id
        ,i_units
        ,i_size)
select c_last_name
      ,c_first_name
      ,s_store_name
      ,sum(netpaid) paid
from ssales
where i_color = 'orchid'
group by c_last_name
        ,c_first_name
        ,s_store_name
having sum(netpaid) > (select 0.05*avg(netpaid)
                                 from ssales)
POSTHOOK: type: QUERY
POSTHOOK: Input: default@customer
POSTHOOK: Input: default@customer_address
POSTHOOK: Input: default@item
POSTHOOK: Input: default@store
POSTHOOK: Input: default@store_returns
POSTHOOK: Input: default@store_sales
POSTHOOK: Output: hdfs://### HDFS PATH ###
Plan optimized by CBO.

Vertex dependency in root stage
Reducer 12 <- Map 11 (SIMPLE_EDGE), Map 14 (SIMPLE_EDGE)
Reducer 13 <- Map 15 (SIMPLE_EDGE), Reducer 12 (SIMPLE_EDGE)
Reducer 2 <- Map 1 (SIMPLE_EDGE), Map 10 (SIMPLE_EDGE)
Reducer 3 <- Reducer 13 (SIMPLE_EDGE), Reducer 2 (SIMPLE_EDGE)
Reducer 4 <- Map 16 (SIMPLE_EDGE), Reducer 3 (SIMPLE_EDGE)
Reducer 5 <- Reducer 4 (SIMPLE_EDGE)
Reducer 6 <- Reducer 5 (CUSTOM_SIMPLE_EDGE), Reducer 9 (CUSTOM_SIMPLE_EDGE)
Reducer 7 <- Map 16 (SIMPLE_EDGE), Reducer 3 (SIMPLE_EDGE)
Reducer 8 <- Reducer 7 (SIMPLE_EDGE)
Reducer 9 <- Reducer 8 (CUSTOM_SIMPLE_EDGE)

Stage-0
  Fetch Operator
    limit:-1
    Stage-1
      Reducer 6
      File Output Operator [FS_92]
        Select Operator [SEL_91] (rows=5130 width=380)
          Output:["_col0","_col1","_col2","_col3"]
          Filter Operator [FIL_90] (rows=5130 width=492)
            predicate:(_col3 > _col4)
            Merge Join Operator [MERGEJOIN_151] (rows=15392 width=492)
              Conds:(Inner),Output:["_col0","_col1","_col2","_col3","_col4"]
            <-Reducer 5 [CUSTOM_SIMPLE_EDGE] vectorized
              PARTITION_ONLY_SHUFFLE [RS_175]
                Select Operator [SEL_174] (rows=15392 width=380)
                  Output:["_col0","_col1","_col2","_col3"]
                  Group By Operator [GBY_173] (rows=15392 width=380)
                    Output:["_col0","_col1","_col2","_col3"],aggregations:["sum(_col9)"],keys:_col0, _col1, _col3
                    Select Operator [SEL_172] (rows=86004082 width=843)
                      Output:["_col0","_col1","_col3","_col9"]
                      Group By Operator [GBY_171] (rows=86004082 width=843)
                        Output:["_col0","_col1","_col2","_col3","_col4","_col5","_col6","_col7","_col8","_col9"],aggregations:["sum(VALUE._col0)"],keys:KEY._col0, KEY._col1, KEY._col2, KEY._col3, KEY._col4, KEY._col5, KEY._col6, KEY._col7, KEY._col8
                      <-Reducer 4 [SIMPLE_EDGE]
                        SHUFFLE [RS_36]
                          PartitionCols:_col0, _col1, _col2
                          Group By Operator [GBY_35] (rows=86004082 width=843)
                            Output:["_col0","_col1","_col2","_col3","_col4","_col5","_col6","_col7","_col8","_col9"],aggregations:["sum(_col4)"],keys:_col9, _col10, _col17, _col13, _col18, _col21, _col22, _col23, _col24
                            Merge Join Operator [MERGEJOIN_150] (rows=86004082 width=813)
                              Conds:RS_31._col0=RS_170._col0(Inner),Output:["_col4","_col9","_col10","_col13","_col17","_col18","_col21","_col22","_col23","_col24"]
                            <-Map 16 [SIMPLE_EDGE] vectorized
                              SHUFFLE [RS_170]
                                PartitionCols:_col0
                                Select Operator [SEL_168] (rows=7000 width=295)
                                  Output:["_col0","_col1","_col2","_col3","_col4"]
                                  Filter Operator [FIL_166] (rows=7000 width=384)
                                    predicate:(i_color = 'orchid')
                                    TableScan [TS_22] (rows=462000 width=384)
                                      default@item,item,Tbl:COMPLETE,Col:COMPLETE,Output:["i_item_sk","i_current_price","i_size","i_color","i_units","i_manager_id"]
                            <-Reducer 3 [SIMPLE_EDGE]
                              SHUFFLE [RS_31]
                                PartitionCols:_col0
                                Merge Join Operator [MERGEJOIN_149] (rows=589731268 width=551)
                                  Conds:RS_28._col2, _col1=RS_29._col9, _col0(Inner),Output:["_col0","_col4","_col9","_col10","_col13","_col17","_col18"]
                                <-Reducer 13 [SIMPLE_EDGE]
                                  SHUFFLE [RS_29]
                                    PartitionCols:_col9, _col0
                                    Select Operator [SEL_21] (rows=7276996 width=724)
                                      Output:["_col0","_col2","_col3","_col6","_col9","_col10","_col11"]
                                      Filter Operator [FIL_20] (rows=7276996 width=724)
                                        predicate:(_col12 <> _col3)
                                        Merge Join Operator [MERGEJOIN_148] (rows=7276996 width=724)
                                          Conds:RS_17._col0=RS_165._col1(Inner),Output:["_col1","_col3","_col4","_col5","_col6","_col8","_col10","_col11","_col12"]
                                        <-Map 15 [SIMPLE_EDGE] vectorized
                                          SHUFFLE [RS_165]
                                            PartitionCols:_col1
                                            Select Operator [SEL_164] (rows=80000000 width=280)
                                              Output:["_col0","_col1","_col2","_col3","_col4"]
                                              Filter Operator [FIL_163] (rows=80000000 width=280)
                                                predicate:c_current_addr_sk is not null
                                                TableScan [TS_11] (rows=80000000 width=280)
                                                  default@customer,customer,Tbl:COMPLETE,Col:COMPLETE,Output:["c_customer_sk","c_current_addr_sk","c_first_name","c_last_name","c_birth_country"]
                                        <-Reducer 12 [SIMPLE_EDGE]
                                          SHUFFLE [RS_17]
                                            PartitionCols:_col0
                                            Merge Join Operator [MERGEJOIN_147] (rows=611379 width=452)
                                              Conds:RS_159._col2=RS_162._col3(Inner),Output:["_col0","_col1","_col3","_col4","_col5","_col6"]
                                            <-Map 11 [SIMPLE_EDGE] vectorized
                                              SHUFFLE [RS_159]
                                                PartitionCols:_col2
                                                Select Operator [SEL_158] (rows=40000000 width=363)
                                                  Output:["_col0","_col1","_col2","_col3"]
                                                  Filter Operator [FIL_157] (rows=40000000 width=276)
                                                    predicate:ca_zip is not null
                                                    TableScan [TS_5] (rows=40000000 width=276)
                                                      default@customer_address,customer_address,Tbl:COMPLETE,Col:COMPLETE,Output:["ca_address_sk","ca_state","ca_zip","ca_country"]
                                            <-Map 14 [SIMPLE_EDGE] vectorized
                                              SHUFFLE [RS_162]
                                                PartitionCols:_col3
                                                Select Operator [SEL_161] (rows=155 width=267)
                                                  Output:["_col0","_col1","_col2","_col3"]
                                                  Filter Operator [FIL_160] (rows=155 width=271)
                                                    predicate:((s_market_id = 7) and s_zip is not null)
                                                    TableScan [TS_8] (rows=1704 width=270)
                                                      default@store,store,Tbl:COMPLETE,Col:COMPLETE,Output:["s_store_sk","s_store_name","s_market_id","s_state","s_zip"]
                                <-Reducer 2 [SIMPLE_EDGE]
                                  SHUFFLE [RS_28]
                                    PartitionCols:_col2, _col1
                                    Merge Join Operator [MERGEJOIN_141] (rows=537799798 width=118)
                                      Conds:RS_154._col0, _col3=RS_156._col0, _col1(Inner),Output:["_col0","_col1","_col2","_col4"]
                                    <-Map 1 [SIMPLE_EDGE] vectorized
                                      SHUFFLE [RS_154]
                                        PartitionCols:_col0, _col3
                                        Select Operator [SEL_153] (rows=525333486 width=122)
                                          Output:["_col0","_col1","_col2","_col3","_col4"]
                                          Filter Operator [FIL_152] (rows=525333486 width=122)
                                            predicate:(ss_customer_sk is not null and ss_store_sk is not null)
                                            TableScan [TS_0] (rows=575995635 width=122)
                                              default@store_sales,store_sales,Tbl:COMPLETE,Col:COMPLETE,Output:["ss_item_sk","ss_customer_sk","ss_store_sk","ss_ticket_number","ss_sales_price"]
                                    <-Map 10 [SIMPLE_EDGE] vectorized
                                      SHUFFLE [RS_156]
                                        PartitionCols:_col0, _col1
                                        Select Operator [SEL_155] (rows=57591150 width=8)
                                          Output:["_col0","_col1"]
                                          TableScan [TS_3] (rows=57591150 width=8)
                                            default@store_returns,store_returns,Tbl:COMPLETE,Col:COMPLETE,Output:["sr_item_sk","sr_ticket_number"]
            <-Reducer 9 [CUSTOM_SIMPLE_EDGE] vectorized
              PARTITION_ONLY_SHUFFLE [RS_182]
                Select Operator [SEL_181] (rows=1 width=112)
                  Output:["_col0"]
                  Group By Operator [GBY_180] (rows=1 width=120)
                    Output:["_col0","_col1"],aggregations:["sum(VALUE._col0)","count(VALUE._col1)"]
                  <-Reducer 8 [CUSTOM_SIMPLE_EDGE] vectorized
                    PARTITION_ONLY_SHUFFLE [RS_179]
                      Group By Operator [GBY_178] (rows=1 width=120)
                        Output:["_col0","_col1"],aggregations:["sum(_col10)","count(_col10)"]
                        Select Operator [SEL_177] (rows=589731268 width=932)
                          Output:["_col10"]
                          Group By Operator [GBY_176] (rows=589731268 width=932)
                            Output:["_col0","_col1","_col2","_col3","_col4","_col5","_col6","_col7","_col8","_col9","_col10"],aggregations:["sum(VALUE._col0)"],keys:KEY._col0, KEY._col1, KEY._col2, KEY._col3, KEY._col4, KEY._col5, KEY._col6, KEY._col7, KEY._col8, KEY._col9
                          <-Reducer 7 [SIMPLE_EDGE]
                            SHUFFLE [RS_79]
                              PartitionCols:_col0, _col1, _col2, _col3, _col4, _col5, _col6, _col7, _col8, _col9
                              Group By Operator [GBY_78] (rows=589731268 width=932)
                                Output:["_col0","_col1","_col2","_col3","_col4","_col5","_col6","_col7","_col8","_col9","_col10"],aggregations:["sum(_col4)"],keys:_col9, _col10, _col13, _col17, _col18, _col21, _col22, _col23, _col24, _col25
                                Merge Join Operator [MERGEJOIN_146] (rows=589731268 width=928)
                                  Conds:RS_74._col0=RS_169._col0(Inner),Output:["_col4","_col9","_col10","_col13","_col17","_col18","_col21","_col22","_col23","_col24","_col25"]
                                <-Map 16 [SIMPLE_EDGE] vectorized
                                  SHUFFLE [RS_169]
                                    PartitionCols:_col0
                                    Select Operator [SEL_167] (rows=462000 width=384)
                                      Output:["_col0","_col1","_col2","_col3","_col4","_col5"]
                                       Please refer to the previous TableScan [TS_22]
                                <-Reducer 3 [SIMPLE_EDGE]
                                  SHUFFLE [RS_74]
                                    PartitionCols:_col0
                                     Please refer to the previous Merge Join Operator [MERGEJOIN_149]

