PREHOOK: query: explain
select sum (ss_quantity)
 from store_sales, store, customer_demographics, customer_address, date_dim
 where s_store_sk = ss_store_sk
 and  ss_sold_date_sk = d_date_sk and d_year = 1998
 and  
 (
  (
   cd_demo_sk = ss_cdemo_sk
   and 
   cd_marital_status = 'M'
   and 
   cd_education_status = '4 yr Degree'
   and 
   ss_sales_price between 100.00 and 150.00  
   )
 or
  (
  cd_demo_sk = ss_cdemo_sk
   and 
   cd_marital_status = 'M'
   and 
   cd_education_status = '4 yr Degree'
   and 
   ss_sales_price between 50.00 and 100.00   
  )
 or 
 (
  cd_demo_sk = ss_cdemo_sk
  and 
   cd_marital_status = 'M'
   and 
   cd_education_status = '4 yr Degree'
   and 
   ss_sales_price between 150.00 and 200.00  
 )
 )
 and
 (
  (
  ss_addr_sk = ca_address_sk
  and
  ca_country = 'United States'
  and
  ca_state in ('KY', 'GA', 'NM')
  and ss_net_profit between 0 and 2000  
  )
 or
  (ss_addr_sk = ca_address_sk
  and
  ca_country = 'United States'
  and
  ca_state in ('MT', 'OR', 'IN')
  and ss_net_profit between 150 and 3000 
  )
 or
  (ss_addr_sk = ca_address_sk
  and
  ca_country = 'United States'
  and
  ca_state in ('WI', 'MO', 'WV')
  and ss_net_profit between 50 and 25000 
  )
 )
PREHOOK: type: QUERY
PREHOOK: Input: default@customer_address
PREHOOK: Input: default@customer_demographics
PREHOOK: Input: default@date_dim
PREHOOK: Input: default@store
PREHOOK: Input: default@store_sales
PREHOOK: Output: hdfs://### HDFS PATH ###
POSTHOOK: query: explain
select sum (ss_quantity)
 from store_sales, store, customer_demographics, customer_address, date_dim
 where s_store_sk = ss_store_sk
 and  ss_sold_date_sk = d_date_sk and d_year = 1998
 and  
 (
  (
   cd_demo_sk = ss_cdemo_sk
   and 
   cd_marital_status = 'M'
   and 
   cd_education_status = '4 yr Degree'
   and 
   ss_sales_price between 100.00 and 150.00  
   )
 or
  (
  cd_demo_sk = ss_cdemo_sk
   and 
   cd_marital_status = 'M'
   and 
   cd_education_status = '4 yr Degree'
   and 
   ss_sales_price between 50.00 and 100.00   
  )
 or 
 (
  cd_demo_sk = ss_cdemo_sk
  and 
   cd_marital_status = 'M'
   and 
   cd_education_status = '4 yr Degree'
   and 
   ss_sales_price between 150.00 and 200.00  
 )
 )
 and
 (
  (
  ss_addr_sk = ca_address_sk
  and
  ca_country = 'United States'
  and
  ca_state in ('KY', 'GA', 'NM')
  and ss_net_profit between 0 and 2000  
  )
 or
  (ss_addr_sk = ca_address_sk
  and
  ca_country = 'United States'
  and
  ca_state in ('MT', 'OR', 'IN')
  and ss_net_profit between 150 and 3000 
  )
 or
  (ss_addr_sk = ca_address_sk
  and
  ca_country = 'United States'
  and
  ca_state in ('WI', 'MO', 'WV')
  and ss_net_profit between 50 and 25000 
  )
 )
POSTHOOK: type: QUERY
POSTHOOK: Input: default@customer_address
POSTHOOK: Input: default@customer_demographics
POSTHOOK: Input: default@date_dim
POSTHOOK: Input: default@store
POSTHOOK: Input: default@store_sales
POSTHOOK: Output: hdfs://### HDFS PATH ###
Plan optimized by CBO.

Vertex dependency in root stage
Reducer 2 <- Map 1 (SIMPLE_EDGE), Map 6 (SIMPLE_EDGE)
Reducer 3 <- Map 7 (SIMPLE_EDGE), Reducer 2 (SIMPLE_EDGE)
Reducer 4 <- Map 8 (SIMPLE_EDGE), Reducer 3 (SIMPLE_EDGE)
Reducer 5 <- Reducer 4 (CUSTOM_SIMPLE_EDGE)

Stage-0
  Fetch Operator
    limit:-1
    Stage-1
      Reducer 5 vectorized
      File Output Operator [FS_57]
        Group By Operator [GBY_56] (rows=1 width=8)
          Output:["_col0"],aggregations:["sum(VALUE._col0)"]
        <-Reducer 4 [CUSTOM_SIMPLE_EDGE]
          PARTITION_ONLY_SHUFFLE [RS_24]
            Group By Operator [GBY_23] (rows=1 width=8)
              Output:["_col0"],aggregations:["sum(_col4)"]
              Select Operator [SEL_22] (rows=20247 width=24)
                Output:["_col4"]
                Filter Operator [FIL_21] (rows=20247 width=24)
                  predicate:((_col10 and _col5) or (_col11 and _col6) or (_col12 and _col7))
                  Merge Join Operator [MERGEJOIN_43] (rows=26999 width=24)
                    Conds:RS_18._col3=RS_55._col0(Inner),Output:["_col4","_col5","_col6","_col7","_col10","_col11","_col12"]
                  <-Map 8 [SIMPLE_EDGE] vectorized
                    SHUFFLE [RS_55]
                      PartitionCols:_col0
                      Select Operator [SEL_54] (rows=3529412 width=16)
                        Output:["_col0","_col1","_col2","_col3"]
                        Filter Operator [FIL_53] (rows=3529412 width=187)
                          predicate:((ca_country = 'United States') and (ca_state) IN ('KY', 'GA', 'NM', 'MT', 'OR', 'IN', 'WI', 'MO', 'WV'))
                          TableScan [TS_9] (rows=40000000 width=187)
                            default@customer_address,customer_address,Tbl:COMPLETE,Col:COMPLETE,Output:["ca_address_sk","ca_state","ca_country"]
                  <-Reducer 3 [SIMPLE_EDGE]
                    SHUFFLE [RS_18]
                      PartitionCols:_col3
                      Merge Join Operator [MERGEJOIN_42] (rows=305980 width=12)
                        Conds:RS_15._col1=RS_52._col0(Inner),Output:["_col3","_col4","_col5","_col6","_col7"]
                      <-Map 7 [SIMPLE_EDGE] vectorized
                        SHUFFLE [RS_52]
                          PartitionCols:_col0
                          Select Operator [SEL_51] (rows=652 width=4)
                            Output:["_col0"]
                            Filter Operator [FIL_50] (rows=652 width=8)
                              predicate:(d_year = 1998)
                              TableScan [TS_6] (rows=73049 width=8)
                                default@date_dim,date_dim,Tbl:COMPLETE,Col:COMPLETE,Output:["d_date_sk","d_year"]
                      <-Reducer 2 [SIMPLE_EDGE]
                        SHUFFLE [RS_15]
                          PartitionCols:_col1
                          Merge Join Operator [MERGEJOIN_41] (rows=856943 width=12)
                            Conds:RS_46._col0=RS_49._col1(Inner),Output:["_col1","_col3","_col4","_col5","_col6","_col7"]
                          <-Map 1 [SIMPLE_EDGE] vectorized
                            SHUFFLE [RS_46]
                              PartitionCols:_col0
                              Select Operator [SEL_45] (rows=29552 width=4)
                                Output:["_col0"]
                                Filter Operator [FIL_44] (rows=29552 width=183)
                                  predicate:((cd_education_status = '4 yr Degree') and (cd_marital_status = 'M'))
                                  TableScan [TS_0] (rows=1861800 width=183)
                                    default@customer_demographics,customer_demographics,Tbl:COMPLETE,Col:COMPLETE,Output:["cd_demo_sk","cd_marital_status","cd_education_status"]
                          <-Map 6 [SIMPLE_EDGE] vectorized
                            SHUFFLE [RS_49]
                              PartitionCols:_col1
                              Select Operator [SEL_48] (rows=53235296 width=27)
                                Output:["_col0","_col1","_col2","_col3","_col4","_col5","_col6"]
                                Filter Operator [FIL_47] (rows=53235296 width=233)
                                  predicate:((ss_net_profit BETWEEN 0 AND 2000 or ss_net_profit BETWEEN 150 AND 3000 or ss_net_profit BETWEEN 50 AND 25000) and (ss_sales_price BETWEEN 100 AND 150 or ss_sales_price BETWEEN 50 AND 100 or ss_sales_price BETWEEN 150 AND 200) and ss_addr_sk is not null and ss_cdemo_sk is not null and ss_sold_date_sk is not null and ss_store_sk is not null)
                                  TableScan [TS_3] (rows=575995635 width=233)
                                    default@store_sales,store_sales,Tbl:COMPLETE,Col:COMPLETE,Output:["ss_sold_date_sk","ss_cdemo_sk","ss_addr_sk","ss_store_sk","ss_quantity","ss_sales_price","ss_net_profit"]

