PREHOOK: query: explain
select  c_last_name
       ,c_first_name
       ,ca_city
       ,bought_city
       ,ss_ticket_number
       ,amt,profit 
 from
   (select ss_ticket_number
          ,ss_customer_sk
          ,ca_city bought_city
          ,sum(ss_coupon_amt) amt
          ,sum(ss_net_profit) profit
    from store_sales,date_dim,store,household_demographics,customer_address 
    where store_sales.ss_sold_date_sk = date_dim.d_date_sk
    and store_sales.ss_store_sk = store.s_store_sk  
    and store_sales.ss_hdemo_sk = household_demographics.hd_demo_sk
    and store_sales.ss_addr_sk = customer_address.ca_address_sk
    and (household_demographics.hd_dep_count = 2 or
         household_demographics.hd_vehicle_count= 1)
    and date_dim.d_dow in (6,0)
    and date_dim.d_year in (1998,1998+1,1998+2) 
    and store.s_city in ('Cedar Grove','Wildwood','Union','Salem','Highland Park') 
    group by ss_ticket_number,ss_customer_sk,ss_addr_sk,ca_city) dn,customer,customer_address current_addr
    where ss_customer_sk = c_customer_sk
      and customer.c_current_addr_sk = current_addr.ca_address_sk
      and current_addr.ca_city <> bought_city
  order by c_last_name
          ,c_first_name
          ,ca_city
          ,bought_city
          ,ss_ticket_number
  limit 100
PREHOOK: type: QUERY
PREHOOK: Input: default@customer
PREHOOK: Input: default@customer_address
PREHOOK: Input: default@date_dim
PREHOOK: Input: default@household_demographics
PREHOOK: Input: default@store
PREHOOK: Input: default@store_sales
PREHOOK: Output: hdfs://### HDFS PATH ###
POSTHOOK: query: explain
select  c_last_name
       ,c_first_name
       ,ca_city
       ,bought_city
       ,ss_ticket_number
       ,amt,profit 
 from
   (select ss_ticket_number
          ,ss_customer_sk
          ,ca_city bought_city
          ,sum(ss_coupon_amt) amt
          ,sum(ss_net_profit) profit
    from store_sales,date_dim,store,household_demographics,customer_address 
    where store_sales.ss_sold_date_sk = date_dim.d_date_sk
    and store_sales.ss_store_sk = store.s_store_sk  
    and store_sales.ss_hdemo_sk = household_demographics.hd_demo_sk
    and store_sales.ss_addr_sk = customer_address.ca_address_sk
    and (household_demographics.hd_dep_count = 2 or
         household_demographics.hd_vehicle_count= 1)
    and date_dim.d_dow in (6,0)
    and date_dim.d_year in (1998,1998+1,1998+2) 
    and store.s_city in ('Cedar Grove','Wildwood','Union','Salem','Highland Park') 
    group by ss_ticket_number,ss_customer_sk,ss_addr_sk,ca_city) dn,customer,customer_address current_addr
    where ss_customer_sk = c_customer_sk
      and customer.c_current_addr_sk = current_addr.ca_address_sk
      and current_addr.ca_city <> bought_city
  order by c_last_name
          ,c_first_name
          ,ca_city
          ,bought_city
          ,ss_ticket_number
  limit 100
POSTHOOK: type: QUERY
POSTHOOK: Input: default@customer
POSTHOOK: Input: default@customer_address
POSTHOOK: Input: default@date_dim
POSTHOOK: Input: default@household_demographics
POSTHOOK: Input: default@store
POSTHOOK: Input: default@store_sales
POSTHOOK: Output: hdfs://### HDFS PATH ###
Plan optimized by CBO.

Vertex dependency in root stage
Reducer 10 <- Map 13 (SIMPLE_EDGE), Reducer 9 (SIMPLE_EDGE)
Reducer 11 <- Map 14 (SIMPLE_EDGE), Reducer 10 (SIMPLE_EDGE)
Reducer 2 <- Map 1 (SIMPLE_EDGE), Map 5 (SIMPLE_EDGE)
Reducer 3 <- Reducer 2 (SIMPLE_EDGE), Reducer 7 (SIMPLE_EDGE)
Reducer 4 <- Reducer 3 (SIMPLE_EDGE)
Reducer 6 <- Map 5 (SIMPLE_EDGE), Reducer 11 (SIMPLE_EDGE)
Reducer 7 <- Reducer 6 (SIMPLE_EDGE)
Reducer 9 <- Map 12 (SIMPLE_EDGE), Map 8 (SIMPLE_EDGE)

Stage-0
  Fetch Operator
    limit:100
    Stage-1
      Reducer 4 vectorized
      File Output Operator [FS_107]
        Limit [LIM_106] (rows=100 width=594)
          Number of rows:100
          Select Operator [SEL_105] (rows=8380115 width=594)
            Output:["_col0","_col1","_col2","_col3","_col4","_col5","_col6"]
          <-Reducer 3 [SIMPLE_EDGE]
            SHUFFLE [RS_44]
              Select Operator [SEL_43] (rows=8380115 width=594)
                Output:["_col0","_col1","_col2","_col3","_col4","_col5","_col6"]
                Filter Operator [FIL_42] (rows=8380115 width=594)
                  predicate:(_col5 <> _col8)
                  Merge Join Operator [MERGEJOIN_83] (rows=8380115 width=594)
                    Conds:RS_39._col0=RS_104._col1(Inner),Output:["_col2","_col3","_col5","_col6","_col8","_col9","_col10"]
                  <-Reducer 2 [SIMPLE_EDGE]
                    SHUFFLE [RS_39]
                      PartitionCols:_col0
                      Merge Join Operator [MERGEJOIN_78] (rows=80000000 width=277)
                        Conds:RS_86._col1=RS_88._col0(Inner),Output:["_col0","_col2","_col3","_col5"]
                      <-Map 5 [SIMPLE_EDGE] vectorized
                        SHUFFLE [RS_88]
                          PartitionCols:_col0
                          Select Operator [SEL_87] (rows=40000000 width=97)
                            Output:["_col0","_col1"]
                            TableScan [TS_3] (rows=40000000 width=97)
                              default@customer_address,current_addr,Tbl:COMPLETE,Col:COMPLETE,Output:["ca_address_sk","ca_city"]
                      <-Map 1 [SIMPLE_EDGE] vectorized
                        SHUFFLE [RS_86]
                          PartitionCols:_col1
                          Select Operator [SEL_85] (rows=80000000 width=188)
                            Output:["_col0","_col1","_col2","_col3"]
                            Filter Operator [FIL_84] (rows=80000000 width=188)
                              predicate:c_current_addr_sk is not null
                              TableScan [TS_0] (rows=80000000 width=188)
                                default@customer,customer,Tbl:COMPLETE,Col:COMPLETE,Output:["c_customer_sk","c_current_addr_sk","c_first_name","c_last_name"]
                  <-Reducer 7 [SIMPLE_EDGE] vectorized
                    SHUFFLE [RS_104]
                      PartitionCols:_col1
                      Select Operator [SEL_103] (rows=8380115 width=321)
                        Output:["_col0","_col1","_col2","_col3","_col4"]
                        Group By Operator [GBY_102] (rows=8380115 width=321)
                          Output:["_col0","_col1","_col2","_col3","_col4","_col5"],aggregations:["sum(VALUE._col0)","sum(VALUE._col1)"],keys:KEY._col0, KEY._col1, KEY._col2, KEY._col3
                        <-Reducer 6 [SIMPLE_EDGE]
                          SHUFFLE [RS_33]
                            PartitionCols:_col0, _col1, _col2, _col3
                            Group By Operator [GBY_32] (rows=8380115 width=321)
                              Output:["_col0","_col1","_col2","_col3","_col4","_col5"],aggregations:["sum(_col6)","sum(_col7)"],keys:_col1, _col12, _col3, _col5
                              Merge Join Operator [MERGEJOIN_82] (rows=8380115 width=97)
                                Conds:RS_28._col3=RS_89._col0(Inner),Output:["_col1","_col3","_col5","_col6","_col7","_col12"]
                              <-Map 5 [SIMPLE_EDGE] vectorized
                                SHUFFLE [RS_89]
                                  PartitionCols:_col0
                                   Please refer to the previous Select Operator [SEL_87]
                              <-Reducer 11 [SIMPLE_EDGE]
                                SHUFFLE [RS_28]
                                  PartitionCols:_col3
                                  Merge Join Operator [MERGEJOIN_81] (rows=8380115 width=4)
                                    Conds:RS_25._col2=RS_101._col0(Inner),Output:["_col1","_col3","_col5","_col6","_col7"]
                                  <-Map 14 [SIMPLE_EDGE] vectorized
                                    SHUFFLE [RS_101]
                                      PartitionCols:_col0
                                      Select Operator [SEL_100] (rows=1855 width=4)
                                        Output:["_col0"]
                                        Filter Operator [FIL_99] (rows=1855 width=12)
                                          predicate:((hd_dep_count = 2) or (hd_vehicle_count = 1))
                                          TableScan [TS_14] (rows=7200 width=12)
                                            default@household_demographics,household_demographics,Tbl:COMPLETE,Col:COMPLETE,Output:["hd_demo_sk","hd_dep_count","hd_vehicle_count"]
                                  <-Reducer 10 [SIMPLE_EDGE]
                                    SHUFFLE [RS_25]
                                      PartitionCols:_col2
                                      Merge Join Operator [MERGEJOIN_80] (rows=32526589 width=90)
                                        Conds:RS_22._col4=RS_98._col0(Inner),Output:["_col1","_col2","_col3","_col5","_col6","_col7"]
                                      <-Map 13 [SIMPLE_EDGE] vectorized
                                        SHUFFLE [RS_98]
                                          PartitionCols:_col0
                                          Select Operator [SEL_97] (rows=35 width=4)
                                            Output:["_col0"]
                                            Filter Operator [FIL_96] (rows=35 width=97)
                                              predicate:(s_city) IN ('Cedar Grove', 'Wildwood', 'Union', 'Salem', 'Highland Park')
                                              TableScan [TS_11] (rows=1704 width=97)
                                                default@store,store,Tbl:COMPLETE,Col:COMPLETE,Output:["s_store_sk","s_city"]
                                      <-Reducer 9 [SIMPLE_EDGE]
                                        SHUFFLE [RS_22]
                                          PartitionCols:_col4
                                          Merge Join Operator [MERGEJOIN_79] (rows=196204013 width=218)
                                            Conds:RS_92._col0=RS_95._col0(Inner),Output:["_col1","_col2","_col3","_col4","_col5","_col6","_col7"]
                                          <-Map 12 [SIMPLE_EDGE] vectorized
                                            SHUFFLE [RS_95]
                                              PartitionCols:_col0
                                              Select Operator [SEL_94] (rows=783 width=4)
                                                Output:["_col0"]
                                                Filter Operator [FIL_93] (rows=783 width=12)
                                                  predicate:((d_dow) IN (6, 0) and (d_year) IN (1998, 1999, 2000))
                                                  TableScan [TS_8] (rows=73049 width=12)
                                                    default@date_dim,date_dim,Tbl:COMPLETE,Col:COMPLETE,Output:["d_date_sk","d_year","d_dow"]
                                          <-Map 8 [SIMPLE_EDGE] vectorized
                                            SHUFFLE [RS_92]
                                              PartitionCols:_col0
                                              Select Operator [SEL_91] (rows=457565061 width=237)
                                                Output:["_col0","_col1","_col2","_col3","_col4","_col5","_col6","_col7"]
                                                Filter Operator [FIL_90] (rows=457565061 width=237)
                                                  predicate:(ss_addr_sk is not null and ss_customer_sk is not null and ss_hdemo_sk is not null and ss_sold_date_sk is not null and ss_store_sk is not null)
                                                  TableScan [TS_5] (rows=575995635 width=237)
                                                    default@store_sales,store_sales,Tbl:COMPLETE,Col:COMPLETE,Output:["ss_sold_date_sk","ss_customer_sk","ss_hdemo_sk","ss_addr_sk","ss_store_sk","ss_ticket_number","ss_coupon_amt","ss_net_profit"]

